---
source: src/solver/tests/logical_solver/puzzles/renban_9x9.rs
expression: result.steps
snapshot_kind: text
---
- rule: Candidates
  cells: []
  values: []
  areas: []
  affectedCells: []
  candidates:
    - - []
      - - 1
        - 2
        - 4
        - 7
        - 8
        - 9
      - - 1
        - 2
        - 4
        - 7
        - 8
        - 9
      - - 1
        - 7
        - 8
        - 9
      - []
      - []
      - - 1
        - 2
        - 4
        - 7
        - 8
        - 9
      - - 1
        - 4
        - 8
      - - 2
        - 4
        - 8
        - 9
    - - - 1
        - 3
        - 4
        - 9
      - - 1
        - 4
        - 7
        - 8
        - 9
      - - 1
        - 3
        - 4
        - 7
        - 8
        - 9
      - []
      - - 1
        - 4
        - 5
        - 7
        - 8
        - 9
      - - 4
        - 5
        - 7
        - 9
      - - 1
        - 3
        - 4
        - 5
        - 6
        - 7
        - 8
        - 9
      - - 1
        - 3
        - 4
        - 5
        - 6
        - 8
      - - 3
        - 4
        - 5
        - 6
        - 8
        - 9
    - - - 1
        - 2
        - 3
        - 4
        - 9
      - []
      - - 1
        - 2
        - 3
        - 4
        - 7
        - 8
        - 9
      - - 1
        - 5
        - 7
        - 8
        - 9
      - - 1
        - 4
        - 5
        - 7
        - 8
        - 9
      - - 4
        - 5
        - 7
        - 9
      - - 1
        - 2
        - 3
        - 4
        - 5
        - 7
        - 8
        - 9
      - - 1
        - 3
        - 4
        - 5
        - 8
      - - 2
        - 3
        - 4
        - 5
        - 8
        - 9
    - - []
      - []
      - - 4
        - 5
        - 6
        - 9
      - - 5
        - 6
        - 8
        - 9
      - - 5
        - 6
        - 8
        - 9
      - []
      - - 4
        - 5
        - 6
        - 8
      - []
      - - 4
        - 5
        - 6
        - 8
    - - []
      - - 2
        - 4
        - 5
        - 9
      - - 2
        - 4
        - 5
        - 6
        - 9
      - - 5
        - 6
        - 7
        - 9
      - - 5
        - 6
        - 7
        - 9
      - - 2
        - 3
        - 5
        - 7
        - 9
      - - 3
        - 4
        - 5
        - 6
      - - 3
        - 4
        - 5
        - 6
      - []
    - - - 1
        - 2
        - 6
      - - 1
        - 2
        - 5
      - - 1
        - 2
        - 5
        - 6
      - []
      - - 5
        - 6
        - 8
      - - 2
        - 3
        - 5
      - - 3
        - 5
        - 6
        - 8
      - []
      - []
    - - - 1
        - 2
        - 3
        - 4
        - 6
        - 9
      - - 1
        - 2
        - 4
        - 5
        - 8
        - 9
      - - 1
        - 2
        - 3
        - 4
        - 5
        - 6
        - 8
        - 9
      - - 1
        - 5
        - 6
        - 9
      - - 1
        - 4
        - 5
        - 6
        - 9
      - - 4
        - 5
        - 9
      - - 1
        - 2
        - 3
        - 4
        - 5
        - 6
        - 8
        - 9
      - []
      - - 2
        - 3
        - 4
        - 5
        - 6
        - 8
        - 9
    - - - 1
        - 2
        - 3
        - 4
        - 6
        - 9
      - - 1
        - 2
        - 4
        - 5
        - 7
        - 9
      - - 1
        - 2
        - 3
        - 4
        - 5
        - 6
        - 7
        - 9
      - - 1
        - 5
        - 6
        - 7
        - 9
      - - 1
        - 4
        - 5
        - 6
        - 7
        - 9
      - []
      - - 1
        - 2
        - 3
        - 4
        - 5
        - 6
        - 9
      - - 1
        - 3
        - 4
        - 5
        - 6
      - - 2
        - 3
        - 4
        - 5
        - 6
        - 9
    - - - 1
        - 4
        - 6
        - 9
      - - 1
        - 4
        - 5
        - 7
        - 8
        - 9
      - - 1
        - 4
        - 5
        - 6
        - 7
        - 8
        - 9
      - []
      - []
      - - 4
        - 5
        - 7
        - 9
      - - 1
        - 4
        - 5
        - 6
        - 8
        - 9
      - - 1
        - 4
        - 5
        - 6
        - 8
      - - 4
        - 5
        - 6
        - 8
        - 9
  invalidStateReason: ~
- rule: RenbanCandidates
  cells: []
  values:
    - 9
  areas:
    - Renban: 0
  affectedCells:
    - row: 1
      col: 0
  candidates: ~
  invalidStateReason: ~
- rule: RenbanCandidates
  cells: []
  values:
    - 7
    - 8
    - 9
  areas:
    - Renban: 0
  affectedCells:
    - row: 0
      col: 1
  candidates: ~
  invalidStateReason: ~
- rule: RenbanCandidates
  cells: []
  values:
    - 7
    - 8
    - 9
  areas:
    - Renban: 0
  affectedCells:
    - row: 0
      col: 2
  candidates: ~
  invalidStateReason: ~
- rule: RenbanCandidates
  cells: []
  values:
    - 7
    - 8
    - 9
  areas:
    - Renban: 0
  affectedCells:
    - row: 1
      col: 2
  candidates: ~
  invalidStateReason: ~
- rule: RenbanCandidates
  cells: []
  values:
    - 7
    - 9
  areas:
    - Renban: 1
  affectedCells:
    - row: 1
      col: 1
  candidates: ~
  invalidStateReason: ~
- rule: RenbanCandidates
  cells: []
  values:
    - 1
    - 4
  areas:
    - Renban: 1
  affectedCells:
    - row: 2
      col: 0
  candidates: ~
  invalidStateReason: ~
- rule: RenbanCandidates
  cells: []
  values:
    - 1
    - 4
    - 8
  areas:
    - Renban: 2
  affectedCells:
    - row: 0
      col: 6
  candidates: ~
  invalidStateReason: ~
- rule: RenbanCandidates
  cells: []
  values:
    - 4
    - 5
    - 8
    - 9
  areas:
    - Renban: 2
  affectedCells:
    - row: 1
      col: 8
  candidates: ~
  invalidStateReason: ~
- rule: RenbanCandidates
  cells: []
  values:
    - 1
    - 2
  areas:
    - Renban: 4
  affectedCells:
    - row: 2
      col: 2
  candidates: ~
  invalidStateReason: ~
- rule: RenbanCandidates
  cells: []
  values:
    - 7
    - 9
  areas:
    - Renban: 5
  affectedCells:
    - row: 2
      col: 5
  candidates: ~
  invalidStateReason: ~
- rule: RenbanCandidates
  cells: []
  values:
    - 8
  areas:
    - Renban: 5
  affectedCells:
    - row: 3
      col: 6
  candidates: ~
  invalidStateReason: ~
- rule: RenbanCandidates
  cells: []
  values:
    - 9
  areas:
    - Renban: 7
  affectedCells:
    - row: 4
      col: 5
  candidates: ~
  invalidStateReason: ~
- rule: RenbanCandidates
  cells: []
  values:
    - 9
  areas:
    - Renban: 7
  affectedCells:
    - row: 6
      col: 5
  candidates: ~
  invalidStateReason: ~
- rule: RenbanCandidates
  cells: []
  values:
    - 9
  areas:
    - Renban: 7
  affectedCells:
    - row: 6
      col: 4
  candidates: ~
  invalidStateReason: ~
- rule: RenbanCandidates
  cells: []
  values:
    - 9
  areas:
    - Renban: 7
  affectedCells:
    - row: 7
      col: 4
  candidates: ~
  invalidStateReason: ~
- rule: RenbanCandidates
  cells: []
  values:
    - 1
    - 2
    - 6
    - 9
  areas:
    - Renban: 8
  affectedCells:
    - row: 6
      col: 0
  candidates: ~
  invalidStateReason: ~
- rule: RenbanCandidates
  cells: []
  values:
    - 1
    - 2
    - 6
    - 9
  areas:
    - Renban: 8
  affectedCells:
    - row: 7
      col: 0
  candidates: ~
  invalidStateReason: ~
- rule: RenbanCandidates
  cells: []
  values:
    - 1
  areas:
    - Renban: 9
  affectedCells:
    - row: 7
      col: 1
  candidates: ~
  invalidStateReason: ~
- rule: RenbanCandidates
  cells: []
  values:
    - 1
    - 2
  areas:
    - Renban: 9
  affectedCells:
    - row: 7
      col: 2
  candidates: ~
  invalidStateReason: ~
- rule: RenbanCandidates
  cells: []
  values:
    - 1
    - 2
    - 9
  areas:
    - Renban: 10
  affectedCells:
    - row: 7
      col: 6
  candidates: ~
  invalidStateReason: ~
- rule: RenbanCandidates
  cells: []
  values:
    - 9
  areas:
    - Renban: 10
  affectedCells:
    - row: 8
      col: 5
  candidates: ~
  invalidStateReason: ~
- rule: RenbanCandidates
  cells: []
  values:
    - 1
    - 4
    - 5
    - 6
  areas:
    - Renban: 11
  affectedCells:
    - row: 7
      col: 7
  candidates: ~
  invalidStateReason: ~
- rule: RenbanCandidates
  cells: []
  values:
    - 3
    - 4
    - 5
    - 6
    - 9
  areas:
    - Renban: 11
  affectedCells:
    - row: 7
      col: 8
  candidates: ~
  invalidStateReason: ~
- rule: RenbanCandidates
  cells: []
  values:
    - 8
    - 9
  areas:
    - Renban: 11
  affectedCells:
    - row: 8
      col: 8
  candidates: ~
  invalidStateReason: ~
- rule: RenbanCandidates
  cells: []
  values:
    - 8
  areas:
    - Renban: 11
  affectedCells:
    - row: 8
      col: 7
  candidates: ~
  invalidStateReason: ~
- rule: RenbanCandidates
  cells: []
  values:
    - 8
    - 9
  areas:
    - Renban: 11
  affectedCells:
    - row: 8
      col: 6
  candidates: ~
  invalidStateReason: ~
- rule: NakedSingle
  cells:
    - row: 7
      col: 7
  values:
    - 3
  areas: []
  affectedCells:
    - row: 7
      col: 0
    - row: 7
      col: 2
    - row: 7
      col: 6
    - row: 1
      col: 7
    - row: 2
      col: 7
    - row: 4
      col: 7
    - row: 6
      col: 6
    - row: 6
      col: 8
  candidates: ~
  invalidStateReason: ~
- rule: NakedSingle
  cells:
    - row: 7
      col: 8
  values:
    - 2
  areas: []
  affectedCells:
    - row: 7
      col: 1
    - row: 0
      col: 8
    - row: 2
      col: 8
    - row: 6
      col: 8
    - row: 6
      col: 6
  candidates: ~
  invalidStateReason: ~
- rule: RenbanCandidates
  cells: []
  values:
    - 1
  areas:
    - Renban: 3
  affectedCells:
    - row: 2
      col: 6
  candidates: ~
  invalidStateReason: ~
- rule: RenbanCandidates
  cells: []
  values:
    - 4
    - 5
    - 6
  areas:
    - Renban: 5
  affectedCells:
    - row: 4
      col: 6
  candidates: ~
  invalidStateReason: ~
- rule: RenbanCandidates
  cells: []
  values:
    - 4
  areas:
    - Renban: 8
  affectedCells:
    - row: 6
      col: 0
  candidates: ~
  invalidStateReason: ~
- rule: RenbanCandidates
  cells: []
  values:
    - 1
  areas:
    - Renban: 9
  affectedCells:
    - row: 8
      col: 0
  candidates: ~
  invalidStateReason: ~
- rule: RenbanCandidates
  cells: []
  values:
    - 1
  areas:
    - Renban: 9
  affectedCells:
    - row: 8
      col: 1
  candidates: ~
  invalidStateReason: ~
- rule: RenbanCandidates
  cells: []
  values:
    - 1
  areas:
    - Renban: 9
  affectedCells:
    - row: 8
      col: 2
  candidates: ~
  invalidStateReason: ~
- rule: NakedSingle
  cells:
    - row: 4
      col: 6
  values:
    - 3
  areas: []
  affectedCells:
    - row: 4
      col: 5
    - row: 1
      col: 6
    - row: 2
      col: 6
    - row: 5
      col: 6
  candidates: ~
  invalidStateReason: ~
- rule: NakedSingle
  cells:
    - row: 6
      col: 0
  values:
    - 3
  areas: []
  affectedCells:
    - row: 6
      col: 2
    - row: 1
      col: 0
    - row: 2
      col: 0
  candidates: ~
  invalidStateReason: ~
- rule: NakedSingle
  cells:
    - row: 7
      col: 0
  values:
    - 4
  areas: []
  affectedCells:
    - row: 7
      col: 1
    - row: 7
      col: 2
    - row: 7
      col: 4
    - row: 7
      col: 6
    - row: 1
      col: 0
    - row: 8
      col: 0
    - row: 6
      col: 1
    - row: 6
      col: 2
    - row: 8
      col: 1
    - row: 8
      col: 2
  candidates: ~
  invalidStateReason: ~
- rule: RenbanCandidates
  cells: []
  values:
    - 1
  areas:
    - Renban: 0
  affectedCells:
    - row: 0
      col: 1
  candidates: ~
  invalidStateReason: ~
- rule: RenbanCandidates
  cells: []
  values:
    - 1
  areas:
    - Renban: 0
  affectedCells:
    - row: 0
      col: 2
  candidates: ~
  invalidStateReason: ~
- rule: RenbanCandidates
  cells: []
  values:
    - 1
    - 4
  areas:
    - Renban: 0
  affectedCells:
    - row: 1
      col: 2
  candidates: ~
  invalidStateReason: ~
- rule: RenbanCandidates
  cells: []
  values:
    - 4
  areas:
    - Renban: 1
  affectedCells:
    - row: 1
      col: 1
  candidates: ~
  invalidStateReason: ~
- rule: RenbanCandidates
  cells: []
  values:
    - 2
    - 5
  areas:
    - Renban: 7
  affectedCells:
    - row: 5
      col: 5
  candidates: ~
  invalidStateReason: ~
- rule: NakedSingle
  cells:
    - row: 1
      col: 0
  values:
    - 1
  areas: []
  affectedCells:
    - row: 1
      col: 1
    - row: 1
      col: 4
    - row: 1
      col: 6
    - row: 1
      col: 7
    - row: 5
      col: 0
  candidates: ~
  invalidStateReason: ~
- rule: NakedSingle
  cells:
    - row: 1
      col: 2
  values:
    - 3
  areas: []
  affectedCells:
    - row: 1
      col: 8
    - row: 2
      col: 2
  candidates: ~
  invalidStateReason: ~
- rule: NakedSingle
  cells:
    - row: 5
      col: 5
  values:
    - 3
  areas: []
  affectedCells: []
  candidates: ~
  invalidStateReason: ~
- rule: RenbanCandidates
  cells: []
  values:
    - 2
  areas:
    - Renban: 1
  affectedCells:
    - row: 2
      col: 0
  candidates: ~
  invalidStateReason: ~
- rule: RenbanCandidates
  cells: []
  values:
    - 4
  areas:
    - Renban: 2
  affectedCells:
    - row: 1
      col: 5
  candidates: ~
  invalidStateReason: ~
- rule: RenbanCandidates
  cells: []
  values:
    - 2
  areas:
    - Renban: 2
  affectedCells:
    - row: 0
      col: 6
  candidates: ~
  invalidStateReason: ~
- rule: RenbanCandidates
  cells: []
  values:
    - 1
  areas:
    - Renban: 2
  affectedCells:
    - row: 0
      col: 7
  candidates: ~
  invalidStateReason: ~
- rule: RenbanCandidates
  cells: []
  values:
    - 1
  areas:
    - Renban: 4
  affectedCells:
    - row: 2
      col: 4
  candidates: ~
  invalidStateReason: ~
- rule: RenbanCandidates
  cells: []
  values:
    - 1
  areas:
    - Renban: 4
  affectedCells:
    - row: 2
      col: 3
  candidates: ~
  invalidStateReason: ~
- rule: RenbanCandidates
  cells: []
  values:
    - 2
  areas:
    - Renban: 4
  affectedCells:
    - row: 4
      col: 2
  candidates: ~
  invalidStateReason: ~
- rule: NakedSingle
  cells:
    - row: 1
      col: 1
  values:
    - 8
  areas: []
  affectedCells:
    - row: 1
      col: 4
    - row: 1
      col: 6
    - row: 1
      col: 7
    - row: 6
      col: 1
    - row: 8
      col: 1
    - row: 2
      col: 2
  candidates: ~
  invalidStateReason: ~
- rule: NakedSingle
  cells:
    - row: 1
      col: 8
  values:
    - 6
  areas: []
  affectedCells:
    - row: 1
      col: 6
    - row: 1
      col: 7
    - row: 3
      col: 8
    - row: 6
      col: 8
    - row: 8
      col: 8
  candidates: ~
  invalidStateReason: ~
- rule: NakedSingle
  cells:
    - row: 2
      col: 0
  values:
    - 9
  areas: []
  affectedCells:
    - row: 2
      col: 2
    - row: 2
      col: 3
    - row: 2
      col: 4
    - row: 2
      col: 6
    - row: 2
      col: 8
    - row: 8
      col: 0
  candidates: ~
  invalidStateReason: ~
- rule: RenbanCandidates
  cells: []
  values:
    - 7
    - 9
  areas:
    - Renban: 3
  affectedCells:
    - row: 1
      col: 6
  candidates: ~
  invalidStateReason: ~
- rule: RenbanCandidates
  cells: []
  values:
    - 4
    - 5
    - 7
    - 8
  areas:
    - Renban: 3
  affectedCells:
    - row: 2
      col: 6
  candidates: ~
  invalidStateReason: ~
- rule: RenbanCandidates
  cells: []
  values:
    - 4
    - 5
    - 8
  areas:
    - Renban: 3
  affectedCells:
    - row: 2
      col: 7
  candidates: ~
  invalidStateReason: ~
- rule: RenbanCandidates
  cells: []
  values:
    - 4
    - 5
    - 8
  areas:
    - Renban: 3
  affectedCells:
    - row: 2
      col: 8
  candidates: ~
  invalidStateReason: ~
- rule: RenbanCandidates
  cells: []
  values:
    - 5
    - 6
    - 7
    - 9
  areas:
    - Renban: 9
  affectedCells:
    - row: 8
      col: 2
  candidates: ~
  invalidStateReason: ~
- rule: RenbanCandidates
  cells: []
  values:
    - 6
  areas:
    - Renban: 9
  affectedCells:
    - row: 7
      col: 2
  candidates: ~
  invalidStateReason: ~
- rule: NakedSingle
  cells:
    - row: 2
      col: 6
  values:
    - 2
  areas: []
  affectedCells: []
  candidates: ~
  invalidStateReason: ~
- rule: NakedSingle
  cells:
    - row: 2
      col: 7
  values:
    - 1
  areas: []
  affectedCells:
    - row: 8
      col: 7
  candidates: ~
  invalidStateReason: ~
- rule: NakedSingle
  cells:
    - row: 2
      col: 8
  values:
    - 3
  areas: []
  affectedCells: []
  candidates: ~
  invalidStateReason: ~
- rule: NakedSingle
  cells:
    - row: 8
      col: 0
  values:
    - 6
  areas: []
  affectedCells:
    - row: 8
      col: 6
    - row: 8
      col: 7
    - row: 5
      col: 0
    - row: 6
      col: 2
  candidates: ~
  invalidStateReason: ~
- rule: NakedSingle
  cells:
    - row: 8
      col: 2
  values:
    - 8
  areas: []
  affectedCells:
    - row: 6
      col: 2
  candidates: ~
  invalidStateReason: ~
- rule: RenbanCandidates
  cells: []
  values:
    - 2
  areas:
    - Renban: 8
  affectedCells:
    - row: 5
      col: 2
  candidates: ~
  invalidStateReason: ~
- rule: RenbanCandidates
  cells: []
  values:
    - 2
  areas:
    - Renban: 8
  affectedCells:
    - row: 5
      col: 1
  candidates: ~
  invalidStateReason: ~
- rule: RenbanCandidates
  cells: []
  values:
    - 4
    - 5
  areas:
    - Renban: 11
  affectedCells:
    - row: 8
      col: 6
  candidates: ~
  invalidStateReason: ~
- rule: NakedSingle
  cells:
    - row: 5
      col: 0
  values:
    - 2
  areas: []
  affectedCells:
    - row: 4
      col: 1
  candidates: ~
  invalidStateReason: ~
- rule: NakedSingle
  cells:
    - row: 8
      col: 6
  values:
    - 1
  areas: []
  affectedCells:
    - row: 6
      col: 6
  candidates: ~
  invalidStateReason: ~
- rule: HiddenSingle
  cells:
    - row: 0
      col: 3
  values:
    - 1
  areas:
    - Row: 0
  affectedCells:
    - row: 6
      col: 3
    - row: 7
      col: 3
  candidates: ~
  invalidStateReason: ~
- rule: HiddenSingle
  cells:
    - row: 4
      col: 5
  values:
    - 2
  areas:
    - Row: 4
  affectedCells: []
  candidates: ~
  invalidStateReason: ~
- rule: HiddenSingle
  cells:
    - row: 8
      col: 1
  values:
    - 9
  areas:
    - Row: 8
  affectedCells:
    - row: 4
      col: 1
    - row: 6
      col: 1
    - row: 7
      col: 1
    - row: 6
      col: 2
    - row: 7
      col: 2
  candidates: ~
  invalidStateReason: ~
- rule: HiddenSingle
  cells:
    - row: 1
      col: 5
  values:
    - 9
  areas:
    - Column: 5
  affectedCells:
    - row: 1
      col: 4
    - row: 0
      col: 3
    - row: 0
      col: 6
  candidates: ~
  invalidStateReason: ~
- rule: HiddenSingle
  cells:
    - row: 0
      col: 6
  values:
    - 7
  areas:
    - Column: 6
  affectedCells:
    - row: 0
      col: 3
    - row: 1
      col: 5
  candidates: ~
  invalidStateReason: ~
- rule: HiddenSingle
  cells:
    - row: 4
      col: 7
  values:
    - 6
  areas:
    - Column: 7
  affectedCells:
    - row: 4
      col: 2
    - row: 4
      col: 3
    - row: 4
      col: 4
    - row: 3
      col: 6
    - row: 5
      col: 6
  candidates: ~
  invalidStateReason: ~
- rule: HiddenSingle
  cells:
    - row: 0
      col: 7
  values:
    - 8
  areas:
    - Column: 7
  affectedCells:
    - row: 0
      col: 3
    - row: 0
      col: 8
  candidates: ~
  invalidStateReason: ~
- rule: HiddenSingle
  cells:
    - row: 2
      col: 2
  values:
    - 7
  areas:
    - Region: 0
  affectedCells:
    - row: 2
      col: 3
    - row: 2
      col: 4
    - row: 7
      col: 2
  candidates: ~
  invalidStateReason: ~
- rule: RenbanCandidates
  cells: []
  values:
    - 4
    - 5
    - 9
  areas:
    - Renban: 4
  affectedCells:
    - row: 3
      col: 2
  candidates: ~
  invalidStateReason: ~
- rule: RenbanCandidates
  cells: []
  values:
    - 7
  areas:
    - Renban: 7
  affectedCells:
    - row: 7
      col: 4
  candidates: ~
  invalidStateReason: ~
- rule: RenbanCandidates
  cells: []
  values:
    - 5
  areas:
    - Renban: 9
  affectedCells:
    - row: 7
      col: 1
  candidates: ~
  invalidStateReason: ~
- rule: NakedSingle
  cells:
    - row: 3
      col: 2
  values:
    - 6
  areas: []
  affectedCells:
    - row: 3
      col: 3
    - row: 3
      col: 4
    - row: 5
      col: 2
  candidates: ~
  invalidStateReason: ~
- rule: NakedSingle
  cells:
    - row: 7
      col: 1
  values:
    - 7
  areas: []
  affectedCells:
    - row: 7
      col: 3
  candidates: ~
  invalidStateReason: ~
- rule: NakedSingle
  cells:
    - row: 7
      col: 2
  values:
    - 5
  areas: []
  affectedCells:
    - row: 7
      col: 3
    - row: 7
      col: 4
    - row: 7
      col: 6
    - row: 4
      col: 2
    - row: 5
      col: 2
    - row: 6
      col: 2
    - row: 6
      col: 1
  candidates: ~
  invalidStateReason: ~
- rule: RenbanCandidates
  cells: []
  values:
    - 4
  areas:
    - Renban: 4
  affectedCells:
    - row: 2
      col: 4
  candidates: ~
  invalidStateReason: ~
- rule: RenbanCandidates
  cells: []
  values:
    - 5
    - 8
  areas:
    - Renban: 6
  affectedCells:
    - row: 5
      col: 4
  candidates: ~
  invalidStateReason: ~
- rule: RenbanCandidates
  cells: []
  values:
    - 1
    - 6
  areas:
    - Renban: 7
  affectedCells:
    - row: 6
      col: 4
  candidates: ~
  invalidStateReason: ~
- rule: RenbanCandidates
  cells: []
  values:
    - 1
  areas:
    - Renban: 8
  affectedCells:
    - row: 5
      col: 1
  candidates: ~
  invalidStateReason: ~
- rule: RenbanCandidates
  cells: []
  values:
    - 4
  areas:
    - Renban: 10
  affectedCells:
    - row: 8
      col: 5
  candidates: ~
  invalidStateReason: ~
- rule: NakedSingle
  cells:
    - row: 5
      col: 1
  values:
    - 5
  areas: []
  affectedCells:
    - row: 5
      col: 6
    - row: 4
      col: 1
  candidates: ~
  invalidStateReason: ~
- rule: NakedSingle
  cells:
    - row: 5
      col: 2
  values:
    - 1
  areas: []
  affectedCells:
    - row: 6
      col: 2
  candidates: ~
  invalidStateReason: ~
- rule: NakedSingle
  cells:
    - row: 5
      col: 4
  values:
    - 6
  areas: []
  affectedCells:
    - row: 7
      col: 4
  candidates: ~
  invalidStateReason: ~
- rule: NakedSingle
  cells:
    - row: 7
      col: 6
  values:
    - 6
  areas: []
  affectedCells:
    - row: 7
      col: 3
    - row: 7
      col: 4
    - row: 6
      col: 6
  candidates: ~
  invalidStateReason: ~
- rule: NakedSingle
  cells:
    - row: 4
      col: 1
  values:
    - 4
  areas: []
  affectedCells:
    - row: 4
      col: 2
    - row: 0
      col: 1
  candidates: ~
  invalidStateReason: ~
- rule: NakedSingle
  cells:
    - row: 5
      col: 6
  values:
    - 8
  areas: []
  affectedCells:
    - row: 6
      col: 6
    - row: 3
      col: 8
  candidates: ~
  invalidStateReason: ~
- rule: NakedSingle
  cells:
    - row: 6
      col: 2
  values:
    - 2
  areas: []
  affectedCells:
    - row: 6
      col: 1
    - row: 0
      col: 2
  candidates: ~
  invalidStateReason: ~
- rule: NakedSingle
  cells:
    - row: 7
      col: 3
  values:
    - 9
  areas: []
  affectedCells:
    - row: 3
      col: 3
    - row: 4
      col: 3
    - row: 6
      col: 3
  candidates: ~
  invalidStateReason: ~
- rule: NakedSingle
  cells:
    - row: 7
      col: 4
  values:
    - 1
  areas: []
  affectedCells: []
  candidates: ~
  invalidStateReason: ~
- rule: NakedSingle
  cells:
    - row: 0
      col: 1
  values:
    - 2
  areas: []
  affectedCells: []
  candidates: ~
  invalidStateReason: ~
- rule: NakedSingle
  cells:
    - row: 0
      col: 2
  values:
    - 4
  areas: []
  affectedCells:
    - row: 0
      col: 8
  candidates: ~
  invalidStateReason: ~
- rule: NakedSingle
  cells:
    - row: 4
      col: 2
  values:
    - 9
  areas: []
  affectedCells:
    - row: 4
      col: 4
  candidates: ~
  invalidStateReason: ~
- rule: NakedSingle
  cells:
    - row: 6
      col: 1
  values:
    - 1
  areas: []
  affectedCells: []
  candidates: ~
  invalidStateReason: ~
- rule: RenbanCandidates
  cells: []
  values:
    - 5
  areas:
    - Renban: 6
  affectedCells:
    - row: 3
      col: 3
  candidates: ~
  invalidStateReason: ~
- rule: RenbanCandidates
  cells: []
  values:
    - 5
    - 8
  areas:
    - Renban: 6
  affectedCells:
    - row: 3
      col: 4
  candidates: ~
  invalidStateReason: ~
- rule: NakedSingle
  cells:
    - row: 0
      col: 8
  values:
    - 9
  areas: []
  affectedCells:
    - row: 6
      col: 8
  candidates: ~
  invalidStateReason: ~
- rule: NakedSingle
  cells:
    - row: 3
      col: 3
  values:
    - 8
  areas: []
  affectedCells:
    - row: 2
      col: 3
  candidates: ~
  invalidStateReason: ~
- rule: NakedSingle
  cells:
    - row: 3
      col: 4
  values:
    - 9
  areas: []
  affectedCells: []
  candidates: ~
  invalidStateReason: ~
- rule: RenbanCandidates
  cells: []
  values:
    - 5
  areas:
    - Renban: 4
  affectedCells:
    - row: 2
      col: 4
  candidates: ~
  invalidStateReason: ~
- rule: NakedSingle
  cells:
    - row: 2
      col: 3
  values:
    - 5
  areas: []
  affectedCells:
    - row: 2
      col: 5
    - row: 4
      col: 3
    - row: 6
      col: 3
    - row: 1
      col: 4
  candidates: ~
  invalidStateReason: ~
- rule: NakedSingle
  cells:
    - row: 2
      col: 4
  values:
    - 8
  areas: []
  affectedCells: []
  candidates: ~
  invalidStateReason: ~
- rule: RenbanCandidates
  cells: []
  values:
    - 4
  areas:
    - Renban: 5
  affectedCells:
    - row: 3
      col: 6
  candidates: ~
  invalidStateReason: ~
- rule: RenbanCandidates
  cells: []
  values:
    - 7
  areas:
    - Renban: 6
  affectedCells:
    - row: 4
      col: 4
  candidates: ~
  invalidStateReason: ~
- rule: NakedSingle
  cells:
    - row: 2
      col: 5
  values:
    - 4
  areas: []
  affectedCells:
    - row: 6
      col: 5
    - row: 1
      col: 4
  candidates: ~
  invalidStateReason: ~
- rule: NakedSingle
  cells:
    - row: 3
      col: 6
  values:
    - 5
  areas: []
  affectedCells:
    - row: 3
      col: 8
    - row: 1
      col: 6
    - row: 6
      col: 6
  candidates: ~
  invalidStateReason: ~
- rule: NakedSingle
  cells:
    - row: 4
      col: 3
  values:
    - 7
  areas: []
  affectedCells: []
  candidates: ~
  invalidStateReason: ~
- rule: NakedSingle
  cells:
    - row: 4
      col: 4
  values:
    - 5
  areas: []
  affectedCells:
    - row: 6
      col: 4
  candidates: ~
  invalidStateReason: ~
- rule: NakedSingle
  cells:
    - row: 6
      col: 3
  values:
    - 6
  areas: []
  affectedCells: []
  candidates: ~
  invalidStateReason: ~
- rule: RenbanCandidates
  cells: []
  values:
    - 4
  areas:
    - Renban: 3
  affectedCells:
    - row: 1
      col: 7
  candidates: ~
  invalidStateReason: ~
- rule: NakedSingle
  cells:
    - row: 1
      col: 4
  values:
    - 7
  areas: []
  affectedCells: []
  candidates: ~
  invalidStateReason: ~
- rule: NakedSingle
  cells:
    - row: 1
      col: 6
  values:
    - 4
  areas: []
  affectedCells:
    - row: 6
      col: 6
  candidates: ~
  invalidStateReason: ~
- rule: NakedSingle
  cells:
    - row: 1
      col: 7
  values:
    - 5
  areas: []
  affectedCells:
    - row: 8
      col: 7
  candidates: ~
  invalidStateReason: ~
- rule: NakedSingle
  cells:
    - row: 3
      col: 8
  values:
    - 4
  areas: []
  affectedCells:
    - row: 6
      col: 8
    - row: 8
      col: 8
  candidates: ~
  invalidStateReason: ~
- rule: NakedSingle
  cells:
    - row: 6
      col: 4
  values:
    - 4
  areas: []
  affectedCells:
    - row: 6
      col: 6
    - row: 6
      col: 8
  candidates: ~
  invalidStateReason: ~
- rule: NakedSingle
  cells:
    - row: 6
      col: 5
  values:
    - 5
  areas: []
  affectedCells:
    - row: 6
      col: 8
    - row: 8
      col: 5
  candidates: ~
  invalidStateReason: ~
- rule: NakedSingle
  cells:
    - row: 6
      col: 6
  values:
    - 9
  areas: []
  affectedCells: []
  candidates: ~
  invalidStateReason: ~
- rule: NakedSingle
  cells:
    - row: 6
      col: 8
  values:
    - 8
  areas: []
  affectedCells: []
  candidates: ~
  invalidStateReason: ~
- rule: NakedSingle
  cells:
    - row: 8
      col: 5
  values:
    - 7
  areas: []
  affectedCells: []
  candidates: ~
  invalidStateReason: ~
- rule: NakedSingle
  cells:
    - row: 8
      col: 7
  values:
    - 4
  areas: []
  affectedCells: []
  candidates: ~
  invalidStateReason: ~
- rule: NakedSingle
  cells:
    - row: 8
      col: 8
  values:
    - 5
  areas: []
  affectedCells: []
  candidates: ~
  invalidStateReason: ~
