---
source: src/solver/tests/logical_solver/puzzles/classic_4x4.rs
expression: result.steps
snapshot_kind: text
---
- rule: NakedSingle
  cells:
    - row: 1
      col: 0
  values:
    - 3
  areas:
    - Row: 1
    - Column: 0
  affectedCells: []
  candidates: ~
  invalidStateReason: ~
- rule: NakedSingle
  cells:
    - row: 1
      col: 2
  values:
    - 1
  areas:
    - Row: 1
    - Column: 2
  affectedCells: []
  candidates: ~
  invalidStateReason: ~
- rule: NakedSingle
  cells:
    - row: 2
      col: 1
  values:
    - 2
  areas:
    - Row: 2
    - Column: 1
  affectedCells: []
  candidates: ~
  invalidStateReason: ~
- rule: NakedSingle
  cells:
    - row: 2
      col: 3
  values:
    - 4
  areas:
    - Row: 2
    - Column: 3
  affectedCells: []
  candidates: ~
  invalidStateReason: ~
- rule: NakedSingle
  cells:
    - row: 0
      col: 0
  values:
    - 2
  areas:
    - Column: 0
    - Region: 0
  affectedCells: []
  candidates: ~
  invalidStateReason: ~
- rule: NakedSingle
  cells:
    - row: 0
      col: 1
  values:
    - 1
  areas:
    - Column: 1
    - Region: 0
  affectedCells: []
  candidates: ~
  invalidStateReason: ~
- rule: NakedSingle
  cells:
    - row: 0
      col: 2
  values:
    - 4
  areas:
    - Column: 2
    - Region: 1
  affectedCells: []
  candidates: ~
  invalidStateReason: ~
- rule: NakedSingle
  cells:
    - row: 0
      col: 3
  values:
    - 3
  areas:
    - Column: 3
    - Region: 1
  affectedCells: []
  candidates: ~
  invalidStateReason: ~
- rule: NakedSingle
  cells:
    - row: 3
      col: 0
  values:
    - 4
  areas:
    - Column: 0
    - Region: 2
  affectedCells: []
  candidates: ~
  invalidStateReason: ~
- rule: NakedSingle
  cells:
    - row: 3
      col: 1
  values:
    - 3
  areas:
    - Column: 1
    - Region: 2
  affectedCells: []
  candidates: ~
  invalidStateReason: ~
- rule: NakedSingle
  cells:
    - row: 3
      col: 2
  values:
    - 2
  areas:
    - Column: 2
    - Region: 3
  affectedCells: []
  candidates: ~
  invalidStateReason: ~
- rule: NakedSingle
  cells:
    - row: 3
      col: 3
  values:
    - 1
  areas:
    - Column: 3
    - Region: 3
  affectedCells: []
  candidates: ~
  invalidStateReason: ~
