---
source: src/solver/tests/logical_solver/puzzles/mixed_6x6.rs
expression: result.steps
snapshot_kind: text
---
- rule: Candidates
  cells: []
  values: []
  areas: []
  affectedCells: []
  grid: ~
  candidates:
    - - - 1
        - 2
        - 3
        - 4
        - 5
        - 6
      - - 1
        - 2
        - 3
        - 4
        - 5
        - 6
      - - 1
        - 2
        - 3
        - 4
        - 5
        - 6
      - - 1
        - 2
        - 3
        - 4
        - 5
        - 6
      - - 1
        - 2
        - 3
        - 4
        - 5
        - 6
      - - 1
        - 2
        - 3
        - 4
        - 5
        - 6
    - - - 1
        - 2
        - 3
        - 4
        - 5
        - 6
      - - 1
        - 2
        - 3
        - 4
        - 5
        - 6
      - - 1
        - 2
        - 3
        - 4
        - 5
        - 6
      - - 1
        - 2
        - 3
        - 4
        - 5
        - 6
      - - 1
        - 2
        - 3
        - 4
        - 5
        - 6
      - - 1
        - 2
        - 3
        - 4
        - 5
        - 6
    - - - 1
        - 2
        - 3
        - 4
        - 5
        - 6
      - - 1
        - 2
        - 3
        - 4
        - 5
        - 6
      - - 1
        - 2
        - 3
        - 4
        - 5
        - 6
      - - 1
        - 2
        - 3
        - 4
        - 5
        - 6
      - - 1
        - 2
        - 3
        - 4
        - 5
        - 6
      - - 1
        - 2
        - 3
        - 4
        - 5
        - 6
    - - - 1
        - 2
        - 3
        - 4
        - 5
        - 6
      - - 1
        - 2
        - 3
        - 4
        - 5
        - 6
      - - 1
        - 2
        - 3
        - 4
        - 5
        - 6
      - - 1
        - 2
        - 3
        - 4
        - 5
        - 6
      - - 1
        - 2
        - 3
        - 4
        - 5
        - 6
      - - 1
        - 2
        - 3
        - 4
        - 5
        - 6
    - - - 1
        - 2
        - 3
        - 4
        - 5
        - 6
      - - 1
        - 2
        - 3
        - 4
        - 5
        - 6
      - - 1
        - 2
        - 3
        - 4
        - 5
        - 6
      - - 1
        - 2
        - 3
        - 4
        - 5
        - 6
      - - 1
        - 2
        - 3
        - 4
        - 5
        - 6
      - - 1
        - 2
        - 3
        - 4
        - 5
        - 6
    - - - 1
        - 2
        - 3
        - 4
        - 5
        - 6
      - - 1
        - 2
        - 3
        - 4
        - 5
        - 6
      - - 1
        - 2
        - 3
        - 4
        - 5
        - 6
      - - 1
        - 2
        - 3
        - 4
        - 5
        - 6
      - - 1
        - 2
        - 3
        - 4
        - 5
        - 6
      - - 1
        - 2
        - 3
        - 4
        - 5
        - 6
  invalidStateReason: ~
- rule: KropkiChainCandidates
  cells: []
  values:
    - 2
    - 3
    - 4
    - 5
  areas:
    - Row: 0
    - KropkiDot: 0
    - KropkiDot: 1
    - KropkiDot: 2
    - KropkiDot: 4
    - KropkiDot: 5
  affectedCells:
    - row: 0
      col: 0
  grid: ~
  candidates: ~
  invalidStateReason: ~
- rule: KropkiChainCandidates
  cells: []
  values:
    - 1
    - 3
    - 4
    - 6
  areas:
    - Row: 0
    - KropkiDot: 0
    - KropkiDot: 1
    - KropkiDot: 2
    - KropkiDot: 4
    - KropkiDot: 5
  affectedCells:
    - row: 0
      col: 1
  grid: ~
  candidates: ~
  invalidStateReason: ~
- rule: KropkiChainCandidates
  cells: []
  values:
    - 1
    - 2
    - 5
    - 6
  areas:
    - Row: 0
    - KropkiDot: 0
    - KropkiDot: 1
    - KropkiDot: 2
    - KropkiDot: 4
    - KropkiDot: 5
  affectedCells:
    - row: 0
      col: 2
  grid: ~
  candidates: ~
  invalidStateReason: ~
- rule: KropkiChainCandidates
  cells: []
  values:
    - 1
    - 2
    - 5
    - 6
  areas:
    - Row: 0
    - KropkiDot: 0
    - KropkiDot: 1
    - KropkiDot: 2
    - KropkiDot: 4
    - KropkiDot: 5
  affectedCells:
    - row: 0
      col: 3
  grid: ~
  candidates: ~
  invalidStateReason: ~
- rule: KropkiChainCandidates
  cells: []
  values:
    - 1
    - 3
    - 4
    - 6
  areas:
    - Row: 0
    - KropkiDot: 0
    - KropkiDot: 1
    - KropkiDot: 2
    - KropkiDot: 4
    - KropkiDot: 5
  affectedCells:
    - row: 0
      col: 4
  grid: ~
  candidates: ~
  invalidStateReason: ~
- rule: KropkiChainCandidates
  cells: []
  values:
    - 2
    - 3
    - 4
    - 5
  areas:
    - Row: 0
    - KropkiDot: 0
    - KropkiDot: 1
    - KropkiDot: 2
    - KropkiDot: 4
    - KropkiDot: 5
  affectedCells:
    - row: 0
      col: 5
  grid: ~
  candidates: ~
  invalidStateReason: ~
- rule: KropkiChainCandidates
  cells: []
  values:
    - 5
  areas:
    - Row: 1
    - KropkiDot: 10
  affectedCells:
    - row: 1
      col: 0
  grid: ~
  candidates: ~
  invalidStateReason: ~
- rule: KropkiChainCandidates
  cells: []
  values:
    - 5
  areas:
    - Row: 1
    - KropkiDot: 10
  affectedCells:
    - row: 1
      col: 1
  grid: ~
  candidates: ~
  invalidStateReason: ~
- rule: KropkiChainCandidates
  cells: []
  values:
    - 5
  areas:
    - Row: 1
    - KropkiDot: 12
  affectedCells:
    - row: 1
      col: 2
  grid: ~
  candidates: ~
  invalidStateReason: ~
- rule: KropkiChainCandidates
  cells: []
  values:
    - 5
  areas:
    - Row: 1
    - KropkiDot: 12
  affectedCells:
    - row: 1
      col: 3
  grid: ~
  candidates: ~
  invalidStateReason: ~
- rule: KropkiChainCandidates
  cells: []
  values:
    - 5
  areas:
    - Column: 4
    - KropkiDot: 9
  affectedCells:
    - row: 1
      col: 4
  grid: ~
  candidates: ~
  invalidStateReason: ~
- rule: KropkiChainCandidates
  cells: []
  values:
    - 5
  areas:
    - Column: 0
    - KropkiDot: 11
  affectedCells:
    - row: 2
      col: 0
  grid: ~
  candidates: ~
  invalidStateReason: ~
- rule: KropkiChainCandidates
  cells: []
  values:
    - 5
  areas:
    - Column: 1
    - KropkiDot: 20
  affectedCells:
    - row: 2
      col: 1
  grid: ~
  candidates: ~
  invalidStateReason: ~
- rule: KropkiChainCandidates
  cells: []
  values:
    - 5
  areas:
    - Column: 1
    - KropkiDot: 20
  affectedCells:
    - row: 3
      col: 1
  grid: ~
  candidates: ~
  invalidStateReason: ~
- rule: KropkiChainCandidates
  cells: []
  values:
    - 5
  areas:
    - Row: 3
    - KropkiDot: 21
  affectedCells:
    - row: 3
      col: 2
  grid: ~
  candidates: ~
  invalidStateReason: ~
- rule: KropkiChainCandidates
  cells: []
  values:
    - 5
  areas:
    - Row: 3
    - KropkiDot: 21
  affectedCells:
    - row: 3
      col: 3
  grid: ~
  candidates: ~
  invalidStateReason: ~
- rule: KropkiChainCandidates
  cells: []
  values:
    - 1
    - 6
  areas:
    - Row: 3
    - KropkiDot: 17
    - KropkiDot: 19
  affectedCells:
    - row: 3
      col: 4
  grid: ~
  candidates: ~
  invalidStateReason: ~
- rule: KropkiChainCandidates
  cells: []
  values:
    - 5
  areas:
    - Column: 1
    - KropkiDot: 26
  affectedCells:
    - row: 4
      col: 1
  grid: ~
  candidates: ~
  invalidStateReason: ~
- rule: KropkiChainCandidates
  cells: []
  values:
    - 5
  areas:
    - Column: 1
    - KropkiDot: 26
  affectedCells:
    - row: 5
      col: 1
  grid: ~
  candidates: ~
  invalidStateReason: ~
- rule: KropkiChainCandidates
  cells: []
  values:
    - 5
  areas:
    - Row: 5
    - KropkiDot: 27
  affectedCells:
    - row: 5
      col: 2
  grid: ~
  candidates: ~
  invalidStateReason: ~
- rule: KropkiChainCandidates
  cells: []
  values:
    - 5
  areas:
    - Row: 5
    - KropkiDot: 27
  affectedCells:
    - row: 5
      col: 3
  grid: ~
  candidates: ~
  invalidStateReason: ~
- rule: KropkiChainCandidates
  cells: []
  values:
    - 5
  areas:
    - Row: 5
    - KropkiDot: 28
  affectedCells:
    - row: 5
      col: 4
  grid: ~
  candidates: ~
  invalidStateReason: ~
- rule: KropkiChainCandidates
  cells: []
  values:
    - 5
  areas:
    - Row: 5
    - KropkiDot: 28
  affectedCells:
    - row: 5
      col: 5
  grid: ~
  candidates: ~
  invalidStateReason: ~
- rule: KropkiChainCandidates
  cells: []
  values:
    - 5
  areas:
    - Column: 4
    - KropkiDot: 9
  affectedCells:
    - row: 0
      col: 4
  grid: ~
  candidates: ~
  invalidStateReason: ~
- rule: KropkiChainCandidates
  cells: []
  values:
    - 1
    - 6
  areas:
    - Column: 2
    - KropkiDot: 3
  affectedCells:
    - row: 1
      col: 2
  grid: ~
  candidates: ~
  invalidStateReason: ~
- rule: KropkiChainCandidates
  cells: []
  values:
    - 1
    - 3
    - 4
  areas:
    - Column: 3
    - KropkiDot: 8
  affectedCells:
    - row: 1
      col: 3
  grid: ~
  candidates: ~
  invalidStateReason: ~
- rule: KropkiChainCandidates
  cells: []
  values:
    - 2
    - 3
    - 6
  areas:
    - Column: 4
    - KropkiDot: 9
  affectedCells:
    - row: 1
      col: 4
  grid: ~
  candidates: ~
  invalidStateReason: ~
- rule: KropkiChainCandidates
  cells: []
  values:
    - 6
  areas:
    - Row: 1
    - KropkiDot: 6
  affectedCells:
    - row: 1
      col: 5
  grid: ~
  candidates: ~
  invalidStateReason: ~
- rule: KropkiChainCandidates
  cells: []
  values:
    - 6
  areas:
    - Row: 2
    - KropkiDot: 13
  affectedCells:
    - row: 2
      col: 2
  grid: ~
  candidates: ~
  invalidStateReason: ~
- rule: KropkiChainCandidates
  cells: []
  values:
    - 6
  areas:
    - Column: 4
    - KropkiDot: 7
  affectedCells:
    - row: 2
      col: 4
  grid: ~
  candidates: ~
  invalidStateReason: ~
- rule: KropkiChainCandidates
  cells: []
  values:
    - 6
  areas:
    - Row: 3
    - KropkiDot: 15
  affectedCells:
    - row: 3
      col: 1
  grid: ~
  candidates: ~
  invalidStateReason: ~
- rule: KropkiChainCandidates
  cells: []
  values:
    - 6
  areas:
    - Row: 3
    - KropkiDot: 15
  affectedCells:
    - row: 3
      col: 2
  grid: ~
  candidates: ~
  invalidStateReason: ~
- rule: KropkiChainCandidates
  cells: []
  values:
    - 6
  areas:
    - Row: 4
    - KropkiDot: 22
  affectedCells:
    - row: 4
      col: 0
  grid: ~
  candidates: ~
  invalidStateReason: ~
- rule: KropkiChainCandidates
  cells: []
  values:
    - 6
  areas:
    - Column: 1
    - KropkiDot: 16
  affectedCells:
    - row: 4
      col: 1
  grid: ~
  candidates: ~
  invalidStateReason: ~
- rule: KropkiChainCandidates
  cells: []
  values:
    - 6
  areas:
    - Column: 3
    - KropkiDot: 18
  affectedCells:
    - row: 4
      col: 3
  grid: ~
  candidates: ~
  invalidStateReason: ~
- rule: KropkiChainCandidates
  cells: []
  values:
    - 6
  areas:
    - Column: 5
    - KropkiDot: 24
  affectedCells:
    - row: 4
      col: 5
  grid: ~
  candidates: ~
  invalidStateReason: ~
- rule: KropkiChainCandidates
  cells: []
  values:
    - 6
  areas:
    - Row: 5
    - KropkiDot: 25
  affectedCells:
    - row: 5
      col: 0
  grid: ~
  candidates: ~
  invalidStateReason: ~
- rule: KropkiChainCandidates
  cells: []
  values:
    - 1
  areas:
    - Row: 0
    - KropkiDot: 0
    - KropkiDot: 1
    - KropkiDot: 2
    - KropkiDot: 4
    - KropkiDot: 5
  affectedCells:
    - row: 0
      col: 0
  grid: ~
  candidates: ~
  invalidStateReason: ~
- rule: KropkiChainCandidates
  cells: []
  values:
    - 2
  areas:
    - Row: 0
    - KropkiDot: 0
    - KropkiDot: 1
    - KropkiDot: 2
    - KropkiDot: 4
    - KropkiDot: 5
  affectedCells:
    - row: 0
      col: 1
  grid: ~
  candidates: ~
  invalidStateReason: ~
- rule: KropkiChainCandidates
  cells: []
  values:
    - 3
  areas:
    - Row: 0
    - KropkiDot: 0
    - KropkiDot: 1
    - KropkiDot: 2
    - KropkiDot: 4
    - KropkiDot: 5
  affectedCells:
    - row: 0
      col: 2
  grid: ~
  candidates: ~
  invalidStateReason: ~
- rule: KropkiChainCandidates
  cells: []
  values:
    - 4
  areas:
    - Row: 0
    - KropkiDot: 0
    - KropkiDot: 1
    - KropkiDot: 2
    - KropkiDot: 4
    - KropkiDot: 5
  affectedCells:
    - row: 0
      col: 3
  grid: ~
  candidates: ~
  invalidStateReason: ~
- rule: KropkiChainCandidates
  cells: []
  values:
    - 6
  areas:
    - Row: 0
    - KropkiDot: 0
    - KropkiDot: 1
    - KropkiDot: 2
    - KropkiDot: 4
    - KropkiDot: 5
  affectedCells:
    - row: 0
      col: 5
  grid: ~
  candidates: ~
  invalidStateReason: ~
- rule: KropkiChainCandidates
  cells: []
  values:
    - 2
  areas:
    - Row: 1
    - KropkiDot: 12
  affectedCells:
    - row: 1
      col: 2
  grid: ~
  candidates: ~
  invalidStateReason: ~
- rule: KropkiChainCandidates
  cells: []
  values:
    - 1
    - 4
  areas:
    - Row: 1
    - KropkiDot: 6
  affectedCells:
    - row: 1
      col: 5
  grid: ~
  candidates: ~
  invalidStateReason: ~
- rule: KropkiChainCandidates
  cells: []
  values:
    - 3
  areas:
    - Column: 1
    - KropkiDot: 20
  affectedCells:
    - row: 2
      col: 1
  grid: ~
  candidates: ~
  invalidStateReason: ~
- rule: KropkiChainCandidates
  cells: []
  values:
    - 1
    - 4
  areas:
    - Column: 4
    - KropkiDot: 7
  affectedCells:
    - row: 2
      col: 4
  grid: ~
  candidates: ~
  invalidStateReason: ~
- rule: KropkiChainCandidates
  cells: []
  values:
    - 3
  areas:
    - Row: 3
    - KropkiDot: 21
  affectedCells:
    - row: 3
      col: 3
  grid: ~
  candidates: ~
  invalidStateReason: ~
- rule: KropkiChainCandidates
  cells: []
  values:
    - 3
  areas:
    - Column: 1
    - KropkiDot: 26
  affectedCells:
    - row: 5
      col: 1
  grid: ~
  candidates: ~
  invalidStateReason: ~
- rule: KropkiChainCandidates
  cells: []
  values:
    - 4
  areas:
    - Column: 2
    - KropkiDot: 3
  affectedCells:
    - row: 1
      col: 2
  grid: ~
  candidates: ~
  invalidStateReason: ~
- rule: KropkiChainCandidates
  cells: []
  values:
    - 2
  areas:
    - Column: 3
    - KropkiDot: 8
  affectedCells:
    - row: 1
      col: 3
  grid: ~
  candidates: ~
  invalidStateReason: ~
- rule: KropkiChainCandidates
  cells: []
  values:
    - 4
  areas:
    - Row: 2
    - KropkiDot: 13
  affectedCells:
    - row: 2
      col: 2
  grid: ~
  candidates: ~
  invalidStateReason: ~
- rule: KropkiChainCandidates
  cells: []
  values:
    - 5
  areas:
    - Row: 2
    - KropkiDot: 14
  affectedCells:
    - row: 2
      col: 5
  grid: ~
  candidates: ~
  invalidStateReason: ~
- rule: KropkiChainCandidates
  cells: []
  values:
    - 4
  areas:
    - Row: 3
    - KropkiDot: 17
    - KropkiDot: 19
  affectedCells:
    - row: 3
      col: 4
  grid: ~
  candidates: ~
  invalidStateReason: ~
- rule: KropkiChainCandidates
  cells: []
  values:
    - 1
    - 5
  areas:
    - Row: 3
    - KropkiDot: 17
    - KropkiDot: 19
  affectedCells:
    - row: 3
      col: 5
  grid: ~
  candidates: ~
  invalidStateReason: ~
- rule: KropkiChainCandidates
  cells: []
  values:
    - 4
  areas:
    - Column: 3
    - KropkiDot: 18
  affectedCells:
    - row: 4
      col: 3
  grid: ~
  candidates: ~
  invalidStateReason: ~
- rule: KropkiChainCandidates
  cells: []
  values:
    - 4
  areas:
    - Row: 5
    - KropkiDot: 25
  affectedCells:
    - row: 5
      col: 0
  grid: ~
  candidates: ~
  invalidStateReason: ~
- rule: KropkiChainCandidates
  cells: []
  values:
    - 5
  areas:
    - Row: 4
    - KropkiDot: 23
  affectedCells:
    - row: 4
      col: 2
  grid: ~
  candidates: ~
  invalidStateReason: ~
- rule: KropkiAdvancedCandidates
  cells: []
  values:
    - 1
  areas:
    - KropkiDot: 6
  affectedCells:
    - row: 1
      col: 4
  grid: ~
  candidates: ~
  invalidStateReason: ~
- rule: KropkiAdvancedCandidates
  cells: []
  values:
    - 2
    - 3
  areas:
    - KropkiDot: 6
  affectedCells:
    - row: 1
      col: 5
  grid: ~
  candidates: ~
  invalidStateReason: ~
- rule: KropkiAdvancedCandidates
  cells: []
  values:
    - 3
    - 4
    - 6
  areas:
    - KropkiDot: 10
  affectedCells:
    - row: 1
      col: 0
  grid: ~
  candidates: ~
  invalidStateReason: ~
- rule: KropkiAdvancedCandidates
  cells: []
  values:
    - 3
    - 4
    - 6
  areas:
    - KropkiDot: 10
  affectedCells:
    - row: 1
      col: 1
  grid: ~
  candidates: ~
  invalidStateReason: ~
- rule: KropkiAdvancedCandidates
  cells: []
  values:
    - 3
  areas:
    - KropkiDot: 13
  affectedCells:
    - row: 2
      col: 2
  grid: ~
  candidates: ~
  invalidStateReason: ~
- rule: KropkiAdvancedCandidates
  cells: []
  values:
    - 2
  areas:
    - KropkiDot: 14
  affectedCells:
    - row: 2
      col: 4
  grid: ~
  candidates: ~
  invalidStateReason: ~
- rule: KropkiAdvancedCandidates
  cells: []
  values:
    - 1
    - 3
  areas:
    - KropkiDot: 14
  affectedCells:
    - row: 2
      col: 5
  grid: ~
  candidates: ~
  invalidStateReason: ~
- rule: KropkiAdvancedCandidates
  cells: []
  values:
    - 4
  areas:
    - KropkiDot: 15
  affectedCells:
    - row: 3
      col: 1
  grid: ~
  candidates: ~
  invalidStateReason: ~
- rule: KropkiAdvancedCandidates
  cells: []
  values:
    - 3
    - 4
  areas:
    - KropkiDot: 15
  affectedCells:
    - row: 3
      col: 2
  grid: ~
  candidates: ~
  invalidStateReason: ~
- rule: KropkiAdvancedCandidates
  cells: []
  values:
    - 1
    - 6
  areas:
    - KropkiDot: 17
    - KropkiDot: 19
  affectedCells:
    - row: 3
      col: 3
  grid: ~
  candidates: ~
  invalidStateReason: ~
- rule: KropkiAdvancedCandidates
  cells: []
  values:
    - 2
  areas:
    - KropkiDot: 17
    - KropkiDot: 19
  affectedCells:
    - row: 3
      col: 4
  grid: ~
  candidates: ~
  invalidStateReason: ~
- rule: KropkiAdvancedCandidates
  cells: []
  values:
    - 3
  areas:
    - KropkiDot: 17
    - KropkiDot: 19
  affectedCells:
    - row: 3
      col: 5
  grid: ~
  candidates: ~
  invalidStateReason: ~
- rule: KropkiAdvancedCandidates
  cells: []
  values:
    - 3
    - 4
  areas:
    - KropkiDot: 21
  affectedCells:
    - row: 3
      col: 2
  grid: ~
  candidates: ~
  invalidStateReason: ~
- rule: KropkiAdvancedCandidates
  cells: []
  values:
    - 6
  areas:
    - KropkiDot: 21
  affectedCells:
    - row: 3
      col: 3
  grid: ~
  candidates: ~
  invalidStateReason: ~
- rule: KropkiAdvancedCandidates
  cells: []
  values:
    - 3
    - 4
  areas:
    - KropkiDot: 23
  affectedCells:
    - row: 4
      col: 2
  grid: ~
  candidates: ~
  invalidStateReason: ~
- rule: KropkiAdvancedCandidates
  cells: []
  values:
    - 3
  areas:
    - KropkiDot: 23
  affectedCells:
    - row: 4
      col: 3
  grid: ~
  candidates: ~
  invalidStateReason: ~
- rule: KropkiAdvancedCandidates
  cells: []
  values:
    - 3
    - 4
    - 6
  areas:
    - KropkiDot: 27
  affectedCells:
    - row: 5
      col: 2
  grid: ~
  candidates: ~
  invalidStateReason: ~
- rule: KropkiAdvancedCandidates
  cells: []
  values:
    - 3
    - 6
  areas:
    - KropkiDot: 27
  affectedCells:
    - row: 5
      col: 3
  grid: ~
  candidates: ~
  invalidStateReason: ~
- rule: KropkiAdvancedCandidates
  cells: []
  values:
    - 2
  areas:
    - KropkiDot: 28
  affectedCells:
    - row: 5
      col: 4
  grid: ~
  candidates: ~
  invalidStateReason: ~
- rule: KropkiAdvancedCandidates
  cells: []
  values:
    - 1
    - 4
  areas:
    - KropkiDot: 28
  affectedCells:
    - row: 5
      col: 5
  grid: ~
  candidates: ~
  invalidStateReason: ~
- rule: KropkiAdvancedCandidates
  cells: []
  values:
    - 3
    - 4
    - 6
  areas:
    - KropkiDot: 11
  affectedCells:
    - row: 1
      col: 0
  grid: ~
  candidates: ~
  invalidStateReason: ~
- rule: KropkiAdvancedCandidates
  cells: []
  values:
    - 3
    - 6
  areas:
    - KropkiDot: 11
  affectedCells:
    - row: 2
      col: 0
  grid: ~
  candidates: ~
  invalidStateReason: ~
- rule: KropkiAdvancedCandidates
  cells: []
  values:
    - 6
  areas:
    - KropkiDot: 18
  affectedCells:
    - row: 3
      col: 3
  grid: ~
  candidates: ~
  invalidStateReason: ~
- rule: KropkiAdvancedCandidates
  cells: []
  values:
    - 3
  areas:
    - KropkiDot: 18
  affectedCells:
    - row: 4
      col: 3
  grid: ~
  candidates: ~
  invalidStateReason: ~
- rule: KropkiAdvancedCandidates
  cells: []
  values:
    - 1
  areas:
    - KropkiDot: 7
  affectedCells:
    - row: 1
      col: 4
  grid: ~
  candidates: ~
  invalidStateReason: ~
- rule: KropkiAdvancedCandidates
  cells: []
  values:
    - 2
  areas:
    - KropkiDot: 7
  affectedCells:
    - row: 2
      col: 4
  grid: ~
  candidates: ~
  invalidStateReason: ~
- rule: KropkiAdvancedCandidates
  cells: []
  values:
    - 1
  areas:
    - KropkiDot: 9
  affectedCells:
    - row: 1
      col: 4
  grid: ~
  candidates: ~
  invalidStateReason: ~
- rule: KropkiAdvancedCandidates
  cells: []
  values:
    - 1
  areas:
    - KropkiDot: 24
  affectedCells:
    - row: 4
      col: 5
  grid: ~
  candidates: ~
  invalidStateReason: ~
- rule: KropkiAdvancedCandidates
  cells: []
  values:
    - 1
  areas:
    - KropkiDot: 24
  affectedCells:
    - row: 5
      col: 5
  grid: ~
  candidates: ~
  invalidStateReason: ~
- rule: KropkiAdvancedCandidates
  cells: []
  values:
    - 3
    - 4
    - 6
  areas:
    - KropkiDot: 10
  affectedCells:
    - row: 1
      col: 0
  grid: ~
  candidates: ~
  invalidStateReason: ~
- rule: KropkiAdvancedCandidates
  cells: []
  values:
    - 3
    - 4
    - 6
  areas:
    - KropkiDot: 10
  affectedCells:
    - row: 1
      col: 1
  grid: ~
  candidates: ~
  invalidStateReason: ~
- rule: KropkiAdvancedCandidates
  cells: []
  values:
    - 1
  areas:
    - KropkiDot: 6
  affectedCells:
    - row: 1
      col: 4
  grid: ~
  candidates: ~
  invalidStateReason: ~
- rule: KropkiAdvancedCandidates
  cells: []
  values:
    - 2
    - 3
  areas:
    - KropkiDot: 6
  affectedCells:
    - row: 1
      col: 5
  grid: ~
  candidates: ~
  invalidStateReason: ~
- rule: KropkiAdvancedCandidates
  cells: []
  values:
    - 1
  areas:
    - KropkiDot: 9
  affectedCells:
    - row: 1
      col: 4
  grid: ~
  candidates: ~
  invalidStateReason: ~
- rule: KropkiAdvancedCandidates
  cells: []
  values:
    - 3
  areas:
    - KropkiDot: 13
  affectedCells:
    - row: 2
      col: 2
  grid: ~
  candidates: ~
  invalidStateReason: ~
- rule: KropkiAdvancedCandidates
  cells: []
  values:
    - 4
  areas:
    - KropkiDot: 15
  affectedCells:
    - row: 3
      col: 1
  grid: ~
  candidates: ~
  invalidStateReason: ~
- rule: KropkiAdvancedCandidates
  cells: []
  values:
    - 3
    - 4
  areas:
    - KropkiDot: 15
  affectedCells:
    - row: 3
      col: 2
  grid: ~
  candidates: ~
  invalidStateReason: ~
- rule: KropkiAdvancedCandidates
  cells: []
  values:
    - 2
  areas:
    - KropkiDot: 14
  affectedCells:
    - row: 2
      col: 4
  grid: ~
  candidates: ~
  invalidStateReason: ~
- rule: KropkiAdvancedCandidates
  cells: []
  values:
    - 1
    - 3
  areas:
    - KropkiDot: 14
  affectedCells:
    - row: 2
      col: 5
  grid: ~
  candidates: ~
  invalidStateReason: ~
- rule: KropkiAdvancedCandidates
  cells: []
  values:
    - 1
    - 6
  areas:
    - KropkiDot: 17
    - KropkiDot: 19
  affectedCells:
    - row: 3
      col: 3
  grid: ~
  candidates: ~
  invalidStateReason: ~
- rule: KropkiAdvancedCandidates
  cells: []
  values:
    - 2
  areas:
    - KropkiDot: 17
    - KropkiDot: 19
  affectedCells:
    - row: 3
      col: 4
  grid: ~
  candidates: ~
  invalidStateReason: ~
- rule: KropkiAdvancedCandidates
  cells: []
  values:
    - 3
  areas:
    - KropkiDot: 17
    - KropkiDot: 19
  affectedCells:
    - row: 3
      col: 5
  grid: ~
  candidates: ~
  invalidStateReason: ~
- rule: KropkiAdvancedCandidates
  cells: []
  values:
    - 1
  areas:
    - KropkiDot: 24
  affectedCells:
    - row: 4
      col: 5
  grid: ~
  candidates: ~
  invalidStateReason: ~
- rule: KropkiAdvancedCandidates
  cells: []
  values:
    - 1
  areas:
    - KropkiDot: 24
  affectedCells:
    - row: 5
      col: 5
  grid: ~
  candidates: ~
  invalidStateReason: ~
- rule: KropkiAdvancedCandidates
  cells: []
  values:
    - 2
  areas:
    - KropkiDot: 28
  affectedCells:
    - row: 5
      col: 4
  grid: ~
  candidates: ~
  invalidStateReason: ~
- rule: KropkiAdvancedCandidates
  cells: []
  values:
    - 1
    - 4
  areas:
    - KropkiDot: 28
  affectedCells:
    - row: 5
      col: 5
  grid: ~
  candidates: ~
  invalidStateReason: ~
- rule: KropkiChainCandidates
  cells: []
  values:
    - 2
  areas:
    - Column: 3
    - KropkiDot: 18
  affectedCells:
    - row: 4
      col: 3
  grid: ~
  candidates: ~
  invalidStateReason: ~
- rule: KropkiChainCandidates
  cells: []
  values:
    - 1
  areas:
    - Row: 4
    - KropkiDot: 23
  affectedCells:
    - row: 4
      col: 2
  grid: ~
  candidates: ~
  invalidStateReason: ~
- rule: KropkiAdvancedCandidates
  cells: []
  values:
    - 1
    - 2
  areas:
    - KropkiDot: 13
  affectedCells:
    - row: 2
      col: 1
  grid: ~
  candidates: ~
  invalidStateReason: ~
- rule: KropkiAdvancedCandidates
  cells: []
  values:
    - 1
    - 2
  areas:
    - KropkiDot: 13
  affectedCells:
    - row: 2
      col: 2
  grid: ~
  candidates: ~
  invalidStateReason: ~
- rule: KropkiAdvancedCandidates
  cells: []
  values:
    - 1
    - 4
  areas:
    - KropkiDot: 28
  affectedCells:
    - row: 5
      col: 4
  grid: ~
  candidates: ~
  invalidStateReason: ~
- rule: KropkiAdvancedCandidates
  cells: []
  values:
    - 2
  areas:
    - KropkiDot: 28
  affectedCells:
    - row: 5
      col: 5
  grid: ~
  candidates: ~
  invalidStateReason: ~
- rule: KropkiAdvancedCandidates
  cells: []
  values:
    - 1
  areas:
    - KropkiDot: 16
  affectedCells:
    - row: 3
      col: 1
  grid: ~
  candidates: ~
  invalidStateReason: ~
- rule: KropkiAdvancedCandidates
  cells: []
  values:
    - 1
  areas:
    - KropkiDot: 16
  affectedCells:
    - row: 4
      col: 1
  grid: ~
  candidates: ~
  invalidStateReason: ~
- rule: KropkiAdvancedCandidates
  cells: []
  values:
    - 1
    - 2
  areas:
    - KropkiDot: 20
  affectedCells:
    - row: 2
      col: 1
  grid: ~
  candidates: ~
  invalidStateReason: ~
- rule: KropkiAdvancedCandidates
  cells: []
  values:
    - 1
  areas:
    - KropkiDot: 20
  affectedCells:
    - row: 3
      col: 1
  grid: ~
  candidates: ~
  invalidStateReason: ~
- rule: KropkiAdvancedCandidates
  cells: []
  values:
    - 5
  areas:
    - KropkiDot: 24
  affectedCells:
    - row: 4
      col: 5
  grid: ~
  candidates: ~
  invalidStateReason: ~
- rule: KropkiAdvancedCandidates
  cells: []
  values:
    - 6
  areas:
    - KropkiDot: 24
  affectedCells:
    - row: 5
      col: 5
  grid: ~
  candidates: ~
  invalidStateReason: ~
- rule: KropkiAdvancedCandidates
  cells: []
  values:
    - 1
    - 2
  areas:
    - KropkiDot: 13
  affectedCells:
    - row: 2
      col: 1
  grid: ~
  candidates: ~
  invalidStateReason: ~
- rule: KropkiAdvancedCandidates
  cells: []
  values:
    - 1
    - 2
  areas:
    - KropkiDot: 13
  affectedCells:
    - row: 2
      col: 2
  grid: ~
  candidates: ~
  invalidStateReason: ~
- rule: KropkiAdvancedCandidates
  cells: []
  values:
    - 1
    - 2
  areas:
    - KropkiDot: 20
  affectedCells:
    - row: 2
      col: 1
  grid: ~
  candidates: ~
  invalidStateReason: ~
- rule: KropkiAdvancedCandidates
  cells: []
  values:
    - 1
  areas:
    - KropkiDot: 20
  affectedCells:
    - row: 3
      col: 1
  grid: ~
  candidates: ~
  invalidStateReason: ~
- rule: KropkiAdvancedCandidates
  cells: []
  values:
    - 5
  areas:
    - KropkiDot: 24
  affectedCells:
    - row: 4
      col: 5
  grid: ~
  candidates: ~
  invalidStateReason: ~
- rule: KropkiAdvancedCandidates
  cells: []
  values:
    - 6
  areas:
    - KropkiDot: 24
  affectedCells:
    - row: 5
      col: 5
  grid: ~
  candidates: ~
  invalidStateReason: ~
- rule: KropkiAdvancedCandidates
  cells: []
  values:
    - 1
    - 4
  areas:
    - KropkiDot: 28
  affectedCells:
    - row: 5
      col: 4
  grid: ~
  candidates: ~
  invalidStateReason: ~
- rule: KropkiAdvancedCandidates
  cells: []
  values:
    - 2
  areas:
    - KropkiDot: 28
  affectedCells:
    - row: 5
      col: 5
  grid: ~
  candidates: ~
  invalidStateReason: ~
- rule: KropkiChainCandidates
  cells: []
  values:
    - 3
  areas:
    - Column: 5
    - KropkiDot: 24
  affectedCells:
    - row: 4
      col: 5
  grid: ~
  candidates: ~
  invalidStateReason: ~
- rule: KropkiChainCandidates
  cells: []
  values:
    - 3
  areas:
    - Row: 5
    - KropkiDot: 28
  affectedCells:
    - row: 5
      col: 4
  grid: ~
  candidates: ~
  invalidStateReason: ~
- rule: KropkiAdvancedCandidates
  cells: []
  values:
    - 1
  areas:
    - KropkiDot: 22
  affectedCells:
    - row: 4
      col: 0
  grid: ~
  candidates: ~
  invalidStateReason: ~
- rule: KropkiAdvancedCandidates
  cells: []
  values:
    - 3
  areas:
    - KropkiDot: 26
  affectedCells:
    - row: 4
      col: 1
  grid: ~
  candidates: ~
  invalidStateReason: ~
- rule: KropkiAdvancedCandidates
  cells: []
  values:
    - 1
    - 6
  areas:
    - KropkiDot: 26
  affectedCells:
    - row: 5
      col: 1
  grid: ~
  candidates: ~
  invalidStateReason: ~
- rule: KropkiAdvancedCandidates
  cells: []
  values:
    - 1
  areas:
    - KropkiDot: 22
  affectedCells:
    - row: 4
      col: 0
  grid: ~
  candidates: ~
  invalidStateReason: ~
- rule: KropkiAdvancedCandidates
  cells: []
  values:
    - 3
  areas:
    - KropkiDot: 26
  affectedCells:
    - row: 4
      col: 1
  grid: ~
  candidates: ~
  invalidStateReason: ~
- rule: KropkiAdvancedCandidates
  cells: []
  values:
    - 1
    - 6
  areas:
    - KropkiDot: 26
  affectedCells:
    - row: 5
      col: 1
  grid: ~
  candidates: ~
  invalidStateReason: ~
- rule: KropkiChainCandidates
  cells: []
  values:
    - 2
  areas:
    - Column: 1
    - KropkiDot: 16
  affectedCells:
    - row: 3
      col: 1
  grid: ~
  candidates: ~
  invalidStateReason: ~
- rule: KropkiChainCandidates
  cells: []
  values:
    - 2
    - 4
  areas:
    - Row: 4
    - KropkiDot: 22
  affectedCells:
    - row: 4
      col: 0
  grid: ~
  candidates: ~
  invalidStateReason: ~
- rule: KropkiChainCandidates
  cells: []
  values:
    - 2
  areas:
    - Row: 5
    - KropkiDot: 25
  affectedCells:
    - row: 5
      col: 0
  grid: ~
  candidates: ~
  invalidStateReason: ~
- rule: KropkiChainCandidates
  cells: []
  values:
    - 4
  areas:
    - Column: 1
    - KropkiDot: 20
  affectedCells:
    - row: 2
      col: 1
  grid: ~
  candidates: ~
  invalidStateReason: ~
- rule: KropkiChainCandidates
  cells: []
  values:
    - 1
  areas:
    - Row: 3
    - KropkiDot: 15
  affectedCells:
    - row: 3
      col: 2
  grid: ~
  candidates: ~
  invalidStateReason: ~
- rule: KropkiChainCandidates
  cells: []
  values:
    - 2
  areas:
    - Row: 3
    - KropkiDot: 21
  affectedCells:
    - row: 3
      col: 3
  grid: ~
  candidates: ~
  invalidStateReason: ~
- rule: KropkiChainCandidates
  cells: []
  values:
    - 4
  areas:
    - Row: 3
    - KropkiDot: 17
    - KropkiDot: 19
  affectedCells:
    - row: 3
      col: 5
  grid: ~
  candidates: ~
  invalidStateReason: ~
- rule: KropkiChainCandidates
  cells: []
  values:
    - 1
  areas:
    - Column: 3
    - KropkiDot: 18
  affectedCells:
    - row: 4
      col: 3
  grid: ~
  candidates: ~
  invalidStateReason: ~
- rule: KropkiChainCandidates
  cells: []
  values:
    - 2
  areas:
    - Row: 4
    - KropkiDot: 23
  affectedCells:
    - row: 4
      col: 2
  grid: ~
  candidates: ~
  invalidStateReason: ~
- rule: KropkiAdvancedCandidates
  cells: []
  values:
    - 3
  areas:
    - KropkiDot: 17
    - KropkiDot: 19
  affectedCells:
    - row: 3
      col: 4
  grid: ~
  candidates: ~
  invalidStateReason: ~
- rule: KropkiAdvancedCandidates
  cells: []
  values:
    - 2
  areas:
    - KropkiDot: 17
    - KropkiDot: 19
  affectedCells:
    - row: 3
      col: 5
  grid: ~
  candidates: ~
  invalidStateReason: ~
- rule: KropkiAdvancedCandidates
  cells: []
  values:
    - 5
  areas:
    - KropkiDot: 22
  affectedCells:
    - row: 4
      col: 0
  grid: ~
  candidates: ~
  invalidStateReason: ~
- rule: KropkiAdvancedCandidates
  cells: []
  values:
    - 1
    - 3
  areas:
    - KropkiDot: 25
  affectedCells:
    - row: 5
      col: 0
  grid: ~
  candidates: ~
  invalidStateReason: ~
- rule: KropkiAdvancedCandidates
  cells: []
  values:
    - 2
  areas:
    - KropkiDot: 25
  affectedCells:
    - row: 5
      col: 1
  grid: ~
  candidates: ~
  invalidStateReason: ~
- rule: KropkiAdvancedCandidates
  cells: []
  values:
    - 3
  areas:
    - KropkiDot: 17
    - KropkiDot: 19
  affectedCells:
    - row: 3
      col: 4
  grid: ~
  candidates: ~
  invalidStateReason: ~
- rule: KropkiAdvancedCandidates
  cells: []
  values:
    - 2
  areas:
    - KropkiDot: 17
    - KropkiDot: 19
  affectedCells:
    - row: 3
      col: 5
  grid: ~
  candidates: ~
  invalidStateReason: ~
- rule: KropkiAdvancedCandidates
  cells: []
  values:
    - 5
  areas:
    - KropkiDot: 22
  affectedCells:
    - row: 4
      col: 0
  grid: ~
  candidates: ~
  invalidStateReason: ~
- rule: KropkiAdvancedCandidates
  cells: []
  values:
    - 1
    - 3
  areas:
    - KropkiDot: 25
  affectedCells:
    - row: 5
      col: 0
  grid: ~
  candidates: ~
  invalidStateReason: ~
- rule: KropkiAdvancedCandidates
  cells: []
  values:
    - 2
  areas:
    - KropkiDot: 25
  affectedCells:
    - row: 5
      col: 1
  grid: ~
  candidates: ~
  invalidStateReason: ~
- rule: KropkiChainCandidates
  cells: []
  values:
    - 4
  areas:
    - Column: 1
    - KropkiDot: 26
  affectedCells:
    - row: 4
      col: 1
  grid: ~
  candidates: ~
  invalidStateReason: ~
- rule: NakedSingle
  cells:
    - row: 0
      col: 0
  values:
    - 6
  areas: []
  affectedCells:
    - row: 3
      col: 0
  grid: ~
  candidates: ~
  invalidStateReason: ~
- rule: NakedSingle
  cells:
    - row: 0
      col: 1
  values:
    - 5
  areas: []
  affectedCells: []
  grid: ~
  candidates: ~
  invalidStateReason: ~
- rule: NakedSingle
  cells:
    - row: 0
      col: 2
  values:
    - 4
  areas: []
  affectedCells: []
  grid: ~
  candidates: ~
  invalidStateReason: ~
- rule: NakedSingle
  cells:
    - row: 0
      col: 3
  values:
    - 3
  areas: []
  affectedCells:
    - row: 2
      col: 3
  grid: ~
  candidates: ~
  invalidStateReason: ~
- rule: NakedSingle
  cells:
    - row: 0
      col: 4
  values:
    - 2
  areas: []
  affectedCells:
    - row: 4
      col: 4
  grid: ~
  candidates: ~
  invalidStateReason: ~
- rule: NakedSingle
  cells:
    - row: 0
      col: 5
  values:
    - 1
  areas: []
  affectedCells: []
  grid: ~
  candidates: ~
  invalidStateReason: ~
- rule: NakedSingle
  cells:
    - row: 1
      col: 2
  values:
    - 3
  areas: []
  affectedCells: []
  grid: ~
  candidates: ~
  invalidStateReason: ~
- rule: NakedSingle
  cells:
    - row: 1
      col: 3
  values:
    - 6
  areas: []
  affectedCells:
    - row: 2
      col: 3
  grid: ~
  candidates: ~
  invalidStateReason: ~
- rule: NakedSingle
  cells:
    - row: 1
      col: 4
  values:
    - 4
  areas: []
  affectedCells:
    - row: 4
      col: 4
  grid: ~
  candidates: ~
  invalidStateReason: ~
- rule: NakedSingle
  cells:
    - row: 1
      col: 5
  values:
    - 5
  areas: []
  affectedCells: []
  grid: ~
  candidates: ~
  invalidStateReason: ~
- rule: NakedSingle
  cells:
    - row: 2
      col: 1
  values:
    - 6
  areas: []
  affectedCells:
    - row: 2
      col: 3
    - row: 2
      col: 5
    - row: 3
      col: 0
  grid: ~
  candidates: ~
  invalidStateReason: ~
- rule: NakedSingle
  cells:
    - row: 2
      col: 2
  values:
    - 5
  areas: []
  affectedCells:
    - row: 2
      col: 3
    - row: 2
      col: 4
    - row: 3
      col: 0
  grid: ~
  candidates: ~
  invalidStateReason: ~
- rule: NakedSingle
  cells:
    - row: 3
      col: 1
  values:
    - 3
  areas: []
  affectedCells:
    - row: 3
      col: 0
  grid: ~
  candidates: ~
  invalidStateReason: ~
- rule: NakedSingle
  cells:
    - row: 3
      col: 2
  values:
    - 2
  areas: []
  affectedCells:
    - row: 3
      col: 0
    - row: 5
      col: 2
    - row: 2
      col: 0
  grid: ~
  candidates: ~
  invalidStateReason: ~
- rule: NakedSingle
  cells:
    - row: 3
      col: 3
  values:
    - 4
  areas: []
  affectedCells:
    - row: 3
      col: 0
    - row: 2
      col: 3
    - row: 5
      col: 3
    - row: 2
      col: 5
  grid: ~
  candidates: ~
  invalidStateReason: ~
- rule: NakedSingle
  cells:
    - row: 3
      col: 4
  values:
    - 5
  areas: []
  affectedCells:
    - row: 3
      col: 0
    - row: 2
      col: 4
    - row: 4
      col: 4
    - row: 2
      col: 3
  grid: ~
  candidates: ~
  invalidStateReason: ~
- rule: NakedSingle
  cells:
    - row: 3
      col: 5
  values:
    - 6
  areas: []
  affectedCells:
    - row: 3
      col: 0
    - row: 2
      col: 5
    - row: 2
      col: 3
  grid: ~
  candidates: ~
  invalidStateReason: ~
- rule: NakedSingle
  cells:
    - row: 4
      col: 0
  values:
    - 3
  areas: []
  affectedCells:
    - row: 4
      col: 4
    - row: 3
      col: 0
  grid: ~
  candidates: ~
  invalidStateReason: ~
- rule: NakedSingle
  cells:
    - row: 4
      col: 1
  values:
    - 2
  areas: []
  affectedCells:
    - row: 4
      col: 4
    - row: 4
      col: 5
    - row: 1
      col: 1
    - row: 5
      col: 2
  grid: ~
  candidates: ~
  invalidStateReason: ~
- rule: NakedSingle
  cells:
    - row: 4
      col: 2
  values:
    - 6
  areas: []
  affectedCells:
    - row: 4
      col: 4
  grid: ~
  candidates: ~
  invalidStateReason: ~
- rule: NakedSingle
  cells:
    - row: 4
      col: 3
  values:
    - 5
  areas: []
  affectedCells:
    - row: 4
      col: 4
    - row: 2
      col: 3
  grid: ~
  candidates: ~
  invalidStateReason: ~
- rule: NakedSingle
  cells:
    - row: 5
      col: 0
  values:
    - 5
  areas: []
  affectedCells:
    - row: 3
      col: 0
  grid: ~
  candidates: ~
  invalidStateReason: ~
- rule: NakedSingle
  cells:
    - row: 5
      col: 1
  values:
    - 4
  areas: []
  affectedCells:
    - row: 5
      col: 3
  grid: ~
  candidates: ~
  invalidStateReason: ~
- rule: NakedSingle
  cells:
    - row: 5
      col: 4
  values:
    - 6
  areas: []
  affectedCells:
    - row: 4
      col: 4
  grid: ~
  candidates: ~
  invalidStateReason: ~
- rule: NakedSingle
  cells:
    - row: 5
      col: 5
  values:
    - 3
  areas: []
  affectedCells:
    - row: 4
      col: 4
  grid: ~
  candidates: ~
  invalidStateReason: ~
- rule: KropkiChainCandidates
  cells: []
  values:
    - 1
  areas:
    - Row: 1
    - KropkiDot: 10
  affectedCells:
    - row: 1
      col: 0
  grid: ~
  candidates: ~
  invalidStateReason: ~
- rule: KropkiChainCandidates
  cells: []
  values:
    - 1
  areas:
    - Row: 5
    - KropkiDot: 27
  affectedCells:
    - row: 5
      col: 3
  grid: ~
  candidates: ~
  invalidStateReason: ~
- rule: KropkiAdvancedCandidates
  cells: []
  values:
    - 1
  areas:
    - KropkiDot: 11
  affectedCells:
    - row: 2
      col: 0
  grid: ~
  candidates: ~
  invalidStateReason: ~
- rule: NakedSingle
  cells:
    - row: 1
      col: 0
  values:
    - 2
  areas: []
  affectedCells: []
  grid: ~
  candidates: ~
  invalidStateReason: ~
- rule: NakedSingle
  cells:
    - row: 1
      col: 1
  values:
    - 1
  areas: []
  affectedCells: []
  grid: ~
  candidates: ~
  invalidStateReason: ~
- rule: NakedSingle
  cells:
    - row: 2
      col: 0
  values:
    - 4
  areas: []
  affectedCells: []
  grid: ~
  candidates: ~
  invalidStateReason: ~
- rule: NakedSingle
  cells:
    - row: 2
      col: 4
  values:
    - 3
  areas: []
  affectedCells: []
  grid: ~
  candidates: ~
  invalidStateReason: ~
- rule: NakedSingle
  cells:
    - row: 2
      col: 5
  values:
    - 2
  areas: []
  affectedCells:
    - row: 2
      col: 3
  grid: ~
  candidates: ~
  invalidStateReason: ~
- rule: NakedSingle
  cells:
    - row: 3
      col: 0
  values:
    - 1
  areas: []
  affectedCells: []
  grid: ~
  candidates: ~
  invalidStateReason: ~
- rule: NakedSingle
  cells:
    - row: 4
      col: 4
  values:
    - 1
  areas: []
  affectedCells: []
  grid: ~
  candidates: ~
  invalidStateReason: ~
- rule: NakedSingle
  cells:
    - row: 4
      col: 5
  values:
    - 4
  areas: []
  affectedCells: []
  grid: ~
  candidates: ~
  invalidStateReason: ~
- rule: NakedSingle
  cells:
    - row: 5
      col: 2
  values:
    - 1
  areas: []
  affectedCells: []
  grid: ~
  candidates: ~
  invalidStateReason: ~
- rule: NakedSingle
  cells:
    - row: 5
      col: 3
  values:
    - 2
  areas: []
  affectedCells:
    - row: 2
      col: 3
  grid: ~
  candidates: ~
  invalidStateReason: ~
- rule: NakedSingle
  cells:
    - row: 2
      col: 3
  values:
    - 1
  areas: []
  affectedCells: []
  grid: ~
  candidates: ~
  invalidStateReason: ~
