---
source: src/solver/tests/logical_solver/puzzles/classic_9x9.rs
expression: result.steps
snapshot_kind: text
---
- rule: NakedSingle
  cells:
    - row: 1
      col: 2
  values:
    - 2
  areas:
    - Row: 1
    - Column: 2
    - Region: 0
  affectedCells: []
  grid: ~
  candidates: ~
  invalidStateReason: ~
- rule: NakedSingle
  cells:
    - row: 2
      col: 8
  values:
    - 8
  areas:
    - Row: 2
    - Column: 8
  affectedCells: []
  grid: ~
  candidates: ~
  invalidStateReason: ~
- rule: NakedSingle
  cells:
    - row: 8
      col: 7
  values:
    - 9
  areas:
    - Column: 7
    - Region: 8
  affectedCells: []
  grid: ~
  candidates: ~
  invalidStateReason: ~
- rule: NakedSingle
  cells:
    - row: 0
      col: 1
  values:
    - 6
  areas:
    - Column: 1
    - Region: 0
  affectedCells: []
  grid: ~
  candidates: ~
  invalidStateReason: ~
- rule: NakedSingle
  cells:
    - row: 0
      col: 2
  values:
    - 7
  areas:
    - Column: 2
    - Region: 0
  affectedCells: []
  grid: ~
  candidates: ~
  invalidStateReason: ~
- rule: NakedSingle
  cells:
    - row: 0
      col: 7
  values:
    - 3
  areas:
    - Row: 0
    - Column: 7
  affectedCells: []
  grid: ~
  candidates: ~
  invalidStateReason: ~
- rule: NakedSingle
  cells:
    - row: 1
      col: 6
  values:
    - 9
  areas:
    - Row: 1
    - Column: 6
    - Region: 2
  affectedCells: []
  grid: ~
  candidates: ~
  invalidStateReason: ~
- rule: NakedSingle
  cells:
    - row: 4
      col: 7
  values:
    - 4
  areas:
    - Row: 4
    - Column: 7
  affectedCells: []
  grid: ~
  candidates: ~
  invalidStateReason: ~
- rule: NakedSingle
  cells:
    - row: 6
      col: 8
  values:
    - 2
  areas:
    - Column: 8
    - Region: 8
  affectedCells: []
  grid: ~
  candidates: ~
  invalidStateReason: ~
- rule: NakedSingle
  cells:
    - row: 8
      col: 2
  values:
    - 4
  areas:
    - Row: 8
    - Column: 2
    - Region: 6
  affectedCells: []
  grid: ~
  candidates: ~
  invalidStateReason: ~
- rule: NakedSingle
  cells:
    - row: 0
      col: 6
  values:
    - 2
  areas:
    - Region: 2
  affectedCells: []
  grid: ~
  candidates: ~
  invalidStateReason: ~
- rule: NakedSingle
  cells:
    - row: 2
      col: 0
  values:
    - 3
  areas:
    - Region: 0
  affectedCells: []
  grid: ~
  candidates: ~
  invalidStateReason: ~
- rule: NakedSingle
  cells:
    - row: 5
      col: 2
  values:
    - 5
  areas:
    - Row: 5
    - Column: 2
  affectedCells: []
  grid: ~
  candidates: ~
  invalidStateReason: ~
- rule: NakedSingle
  cells:
    - row: 6
      col: 0
  values:
    - 1
  areas:
    - Row: 6
    - Column: 0
  affectedCells: []
  grid: ~
  candidates: ~
  invalidStateReason: ~
- rule: NakedSingle
  cells:
    - row: 7
      col: 2
  values:
    - 9
  areas:
    - Row: 7
    - Column: 2
  affectedCells: []
  grid: ~
  candidates: ~
  invalidStateReason: ~
- rule: NakedSingle
  cells:
    - row: 7
      col: 6
  values:
    - 1
  areas:
    - Row: 7
    - Region: 8
  affectedCells: []
  grid: ~
  candidates: ~
  invalidStateReason: ~
- rule: NakedSingle
  cells:
    - row: 2
      col: 3
  values:
    - 7
  areas:
    - Row: 2
  affectedCells: []
  grid: ~
  candidates: ~
  invalidStateReason: ~
- rule: NakedSingle
  cells:
    - row: 3
      col: 0
  values:
    - 7
  areas:
    - Row: 3
    - Column: 0
  affectedCells: []
  grid: ~
  candidates: ~
  invalidStateReason: ~
- rule: NakedSingle
  cells:
    - row: 3
      col: 2
  values:
    - 8
  areas:
    - Column: 2
  affectedCells: []
  grid: ~
  candidates: ~
  invalidStateReason: ~
- rule: NakedSingle
  cells:
    - row: 6
      col: 3
  values:
    - 9
  areas:
    - Row: 6
  affectedCells: []
  grid: ~
  candidates: ~
  invalidStateReason: ~
- rule: NakedSingle
  cells:
    - row: 8
      col: 1
  values:
    - 2
  areas:
    - Region: 6
  affectedCells: []
  grid: ~
  candidates: ~
  invalidStateReason: ~
- rule: NakedSingle
  cells:
    - row: 8
      col: 6
  values:
    - 8
  areas:
    - Region: 8
  affectedCells: []
  grid: ~
  candidates: ~
  invalidStateReason: ~
- rule: NakedSingle
  cells:
    - row: 0
      col: 3
  values:
    - 5
  areas:
    - Row: 0
    - Column: 3
  affectedCells: []
  grid: ~
  candidates: ~
  invalidStateReason: ~
- rule: NakedSingle
  cells:
    - row: 3
      col: 6
  values:
    - 6
  areas:
    - Row: 3
    - Column: 6
  affectedCells: []
  grid: ~
  candidates: ~
  invalidStateReason: ~
- rule: NakedSingle
  cells:
    - row: 4
      col: 0
  values:
    - 2
  areas:
    - Column: 0
  affectedCells: []
  grid: ~
  candidates: ~
  invalidStateReason: ~
- rule: NakedSingle
  cells:
    - row: 4
      col: 1
  values:
    - 1
  areas:
    - Column: 1
  affectedCells: []
  grid: ~
  candidates: ~
  invalidStateReason: ~
- rule: NakedSingle
  cells:
    - row: 8
      col: 3
  values:
    - 1
  areas:
    - Row: 8
    - Column: 3
  affectedCells: []
  grid: ~
  candidates: ~
  invalidStateReason: ~
- rule: NakedSingle
  cells:
    - row: 0
      col: 4
  values:
    - 9
  areas:
    - Row: 0
  affectedCells: []
  grid: ~
  candidates: ~
  invalidStateReason: ~
- rule: NakedSingle
  cells:
    - row: 3
      col: 3
  values:
    - 3
  areas:
    - Row: 3
    - Column: 3
  affectedCells: []
  grid: ~
  candidates: ~
  invalidStateReason: ~
- rule: NakedSingle
  cells:
    - row: 4
      col: 3
  values:
    - 8
  areas:
    - Row: 4
    - Column: 3
  affectedCells: []
  grid: ~
  candidates: ~
  invalidStateReason: ~
- rule: NakedSingle
  cells:
    - row: 5
      col: 6
  values:
    - 7
  areas:
    - Column: 6
  affectedCells: []
  grid: ~
  candidates: ~
  invalidStateReason: ~
- rule: NakedSingle
  cells:
    - row: 8
      col: 4
  values:
    - 7
  areas:
    - Row: 8
  affectedCells: []
  grid: ~
  candidates: ~
  invalidStateReason: ~
- rule: NakedSingle
  cells:
    - row: 1
      col: 3
  values:
    - 6
  areas:
    - Row: 1
    - Column: 3
  affectedCells: []
  grid: ~
  candidates: ~
  invalidStateReason: ~
- rule: NakedSingle
  cells:
    - row: 3
      col: 5
  values:
    - 9
  areas:
    - Row: 3
    - Column: 5
  affectedCells: []
  grid: ~
  candidates: ~
  invalidStateReason: ~
- rule: NakedSingle
  cells:
    - row: 4
      col: 4
  values:
    - 5
  areas:
    - Row: 4
    - Column: 4
  affectedCells: []
  grid: ~
  candidates: ~
  invalidStateReason: ~
- rule: NakedSingle
  cells:
    - row: 5
      col: 5
  values:
    - 2
  areas:
    - Row: 5
    - Column: 5
  affectedCells: []
  grid: ~
  candidates: ~
  invalidStateReason: ~
- rule: NakedSingle
  cells:
    - row: 1
      col: 4
  values:
    - 3
  areas:
    - Row: 1
    - Column: 4
  affectedCells: []
  grid: ~
  candidates: ~
  invalidStateReason: ~
- rule: NakedSingle
  cells:
    - row: 3
      col: 4
  values:
    - 1
  areas:
    - Row: 3
    - Column: 4
  affectedCells: []
  grid: ~
  candidates: ~
  invalidStateReason: ~
- rule: NakedSingle
  cells:
    - row: 3
      col: 8
  values:
    - 5
  areas:
    - Row: 3
    - Column: 8
  affectedCells: []
  grid: ~
  candidates: ~
  invalidStateReason: ~
- rule: NakedSingle
  cells:
    - row: 4
      col: 5
  values:
    - 7
  areas:
    - Row: 4
    - Column: 5
  affectedCells: []
  grid: ~
  candidates: ~
  invalidStateReason: ~
- rule: NakedSingle
  cells:
    - row: 4
      col: 8
  values:
    - 9
  areas:
    - Row: 4
    - Column: 8
  affectedCells: []
  grid: ~
  candidates: ~
  invalidStateReason: ~
- rule: NakedSingle
  cells:
    - row: 5
      col: 3
  values:
    - 4
  areas:
    - Row: 5
    - Column: 3
  affectedCells: []
  grid: ~
  candidates: ~
  invalidStateReason: ~
- rule: NakedSingle
  cells:
    - row: 7
      col: 5
  values:
    - 3
  areas:
    - Row: 7
    - Column: 5
  affectedCells: []
  grid: ~
  candidates: ~
  invalidStateReason: ~
- rule: NakedSingle
  cells:
    - row: 1
      col: 5
  values:
    - 8
  areas:
    - Row: 1
  affectedCells: []
  grid: ~
  candidates: ~
  invalidStateReason: ~
- rule: NakedSingle
  cells:
    - row: 5
      col: 4
  values:
    - 6
  areas:
    - Row: 5
  affectedCells: []
  grid: ~
  candidates: ~
  invalidStateReason: ~
- rule: NakedSingle
  cells:
    - row: 7
      col: 3
  values:
    - 2
  areas:
    - Column: 3
  affectedCells: []
  grid: ~
  candidates: ~
  invalidStateReason: ~
- rule: NakedSingle
  cells:
    - row: 7
      col: 4
  values:
    - 4
  areas:
    - Row: 7
    - Column: 4
  affectedCells: []
  grid: ~
  candidates: ~
  invalidStateReason: ~
