---
source: src/solver/tests/logical_solver/puzzles/killer_9x9.rs
expression: result.steps
snapshot_kind: text
---
- rule: Candidates
  cells: []
  values: []
  areas: []
  affectedCells: []
  grid: ~
  candidates:
    - - - 1
        - 2
        - 3
        - 4
        - 5
        - 6
      - - 1
        - 2
        - 3
        - 4
        - 5
        - 6
      - - 1
        - 2
        - 3
        - 4
        - 5
        - 6
        - 7
        - 8
        - 9
      - - 1
        - 2
        - 3
        - 4
        - 5
        - 6
        - 7
        - 8
        - 9
      - - 1
        - 2
        - 3
        - 4
        - 5
        - 6
        - 7
        - 8
        - 9
      - - 1
        - 2
        - 3
        - 4
        - 5
        - 6
        - 7
        - 8
        - 9
      - - 1
        - 2
        - 3
        - 4
        - 5
        - 6
        - 7
        - 8
        - 9
      - - 1
        - 2
        - 3
        - 4
        - 5
        - 6
        - 7
        - 8
        - 9
      - - 1
        - 2
        - 3
        - 4
        - 5
        - 6
        - 7
        - 8
        - 9
    - - - 1
        - 2
        - 3
        - 4
        - 5
        - 6
        - 7
        - 8
        - 9
      - - 1
        - 2
        - 3
        - 4
        - 5
        - 6
      - - 1
        - 2
        - 3
        - 4
        - 5
        - 6
        - 7
        - 8
        - 9
      - - 1
        - 2
        - 3
        - 4
        - 5
        - 6
        - 7
        - 8
        - 9
      - - 1
        - 2
        - 3
        - 4
      - - 1
        - 2
        - 3
        - 4
        - 5
        - 6
        - 7
        - 8
        - 9
      - - 1
        - 2
        - 3
        - 4
        - 5
        - 6
        - 7
        - 8
        - 9
      - - 1
        - 2
        - 3
        - 4
        - 5
        - 6
        - 7
        - 8
        - 9
      - - 1
        - 2
        - 3
        - 4
        - 5
        - 6
        - 7
        - 8
        - 9
    - - - 1
        - 2
        - 3
        - 4
        - 5
        - 6
        - 7
        - 8
        - 9
      - - 1
        - 2
        - 3
        - 4
        - 5
        - 6
      - - 1
        - 2
        - 3
        - 4
        - 5
        - 6
        - 7
        - 8
        - 9
      - - 1
        - 2
        - 3
        - 4
        - 5
        - 6
        - 7
        - 8
        - 9
      - - 1
        - 2
        - 3
        - 4
      - - 1
        - 2
        - 3
        - 4
        - 5
        - 6
        - 7
        - 8
        - 9
      - - 1
        - 2
        - 3
        - 4
        - 5
        - 6
        - 7
        - 8
        - 9
      - - 1
        - 2
        - 3
        - 4
        - 5
        - 6
        - 7
        - 8
        - 9
      - - 1
        - 2
        - 3
        - 4
        - 5
        - 6
        - 7
        - 8
        - 9
    - - - 1
        - 2
        - 3
        - 4
      - - 1
        - 2
        - 3
        - 4
      - - 1
        - 2
        - 3
        - 4
        - 5
        - 6
        - 7
        - 8
        - 9
      - - 1
        - 2
        - 3
        - 4
        - 5
        - 6
        - 7
        - 8
        - 9
      - - 1
        - 2
        - 3
        - 4
        - 5
        - 6
        - 7
        - 8
        - 9
      - - 1
        - 2
        - 3
        - 4
        - 5
        - 6
        - 7
        - 8
        - 9
      - - 1
        - 2
        - 3
        - 4
        - 5
        - 6
        - 7
        - 8
        - 9
      - - 1
        - 2
        - 3
        - 4
        - 5
        - 6
        - 7
        - 8
        - 9
      - - 1
        - 2
        - 3
        - 4
        - 5
        - 6
        - 7
        - 8
        - 9
    - - - 1
        - 2
        - 3
        - 4
        - 5
        - 6
        - 7
        - 8
        - 9
      - - 1
        - 2
        - 3
        - 4
        - 5
        - 6
        - 7
        - 8
        - 9
      - - 1
        - 2
        - 3
        - 4
        - 5
        - 6
        - 7
        - 8
        - 9
      - - 1
        - 2
        - 3
        - 4
        - 5
        - 6
        - 7
        - 8
        - 9
      - - 1
        - 2
        - 3
        - 4
        - 5
        - 6
        - 7
        - 8
        - 9
      - - 1
        - 2
        - 3
        - 4
        - 5
        - 6
        - 7
        - 8
        - 9
      - - 1
        - 2
        - 3
        - 4
        - 5
        - 6
        - 7
        - 8
        - 9
      - - 1
        - 2
        - 3
        - 4
        - 5
        - 6
        - 7
        - 8
        - 9
      - - 1
        - 2
        - 3
        - 4
        - 5
        - 6
        - 7
        - 8
        - 9
    - - - 1
        - 2
        - 3
        - 4
        - 5
        - 6
        - 7
        - 8
        - 9
      - - 1
        - 2
        - 3
        - 4
        - 5
        - 6
        - 7
        - 8
        - 9
      - - 1
        - 2
        - 3
        - 4
        - 5
        - 6
        - 7
        - 8
        - 9
      - - 1
        - 2
        - 3
        - 4
        - 5
        - 6
        - 7
        - 8
        - 9
      - - 1
        - 2
        - 3
        - 4
        - 5
        - 6
        - 7
        - 8
        - 9
      - - 1
        - 2
        - 3
        - 4
        - 5
        - 6
        - 7
        - 8
        - 9
      - - 1
        - 2
        - 3
        - 4
        - 5
        - 6
        - 7
        - 8
        - 9
      - - 1
        - 2
        - 3
        - 4
        - 5
        - 6
      - - 1
        - 2
        - 3
        - 4
        - 5
        - 6
    - - - 1
        - 2
        - 3
        - 4
        - 5
        - 6
        - 7
        - 8
        - 9
      - - 1
        - 2
        - 3
        - 4
        - 5
        - 6
        - 7
      - - 1
        - 2
        - 3
        - 4
        - 5
        - 6
        - 7
      - - 1
        - 2
        - 3
        - 4
        - 5
        - 6
        - 7
      - - 1
        - 2
        - 3
        - 4
        - 5
        - 6
        - 7
        - 8
        - 9
      - - 1
        - 2
        - 3
        - 4
        - 5
        - 6
        - 7
        - 8
        - 9
      - - 1
        - 2
        - 3
        - 4
        - 5
        - 6
        - 7
        - 8
        - 9
      - - 1
        - 2
        - 3
        - 4
        - 5
        - 6
        - 7
        - 8
        - 9
      - - 1
        - 2
        - 3
        - 4
        - 5
        - 6
        - 7
        - 8
        - 9
    - - - 1
        - 2
        - 3
        - 4
        - 5
        - 6
        - 7
        - 8
        - 9
      - - 1
        - 2
        - 3
        - 4
        - 5
        - 6
        - 7
        - 8
        - 9
      - - 1
        - 2
        - 3
        - 4
        - 5
        - 6
        - 7
        - 8
        - 9
      - - 1
        - 2
        - 3
        - 4
        - 5
        - 6
        - 7
        - 8
        - 9
      - - 1
        - 2
        - 3
        - 4
        - 5
        - 6
        - 7
        - 8
        - 9
      - - 1
        - 2
        - 3
        - 4
        - 5
        - 6
        - 7
        - 8
        - 9
      - - 1
        - 2
        - 3
        - 4
        - 5
        - 6
        - 7
        - 8
        - 9
      - - 1
        - 2
        - 3
        - 4
        - 5
        - 6
        - 7
        - 8
        - 9
      - - 1
        - 2
        - 3
        - 4
        - 5
        - 6
        - 7
        - 8
        - 9
    - - - 1
        - 2
        - 3
        - 4
        - 5
        - 6
        - 7
        - 8
        - 9
      - - 1
        - 2
        - 3
        - 4
        - 5
        - 6
        - 7
        - 8
        - 9
      - - 1
        - 2
        - 3
        - 4
        - 5
        - 6
        - 7
        - 8
        - 9
      - - 1
        - 2
        - 3
        - 4
        - 5
        - 6
        - 7
        - 8
        - 9
      - - 1
        - 2
        - 3
        - 4
        - 5
        - 6
        - 7
        - 8
        - 9
      - - 1
        - 2
        - 3
        - 4
        - 5
        - 6
        - 7
        - 8
        - 9
      - - 1
        - 2
        - 3
        - 4
        - 5
        - 6
        - 7
        - 8
        - 9
      - - 1
        - 2
        - 3
        - 4
      - - 1
        - 2
        - 3
        - 4
  invalidStateReason: ~
- rule: KillerCandidates
  cells: []
  values:
    - 3
    - 6
  areas:
    - KillerCage: 0
  affectedCells:
    - row: 0
      col: 0
  grid: ~
  candidates: ~
  invalidStateReason: ~
- rule: KillerCandidates
  cells: []
  values:
    - 3
    - 6
  areas:
    - KillerCage: 0
  affectedCells:
    - row: 0
      col: 1
  grid: ~
  candidates: ~
  invalidStateReason: ~
- rule: KillerCandidates
  cells: []
  values:
    - 1
    - 2
    - 3
    - 4
    - 5
    - 6
    - 8
  areas:
    - KillerCage: 3
  affectedCells:
    - row: 0
      col: 8
  grid: ~
  candidates: ~
  invalidStateReason: ~
- rule: KillerCandidates
  cells: []
  values:
    - 1
    - 2
    - 3
    - 4
    - 5
    - 6
    - 8
  areas:
    - KillerCage: 3
  affectedCells:
    - row: 1
      col: 8
  grid: ~
  candidates: ~
  invalidStateReason: ~
- rule: KillerCandidates
  cells: []
  values:
    - 1
    - 2
    - 3
    - 4
    - 5
    - 6
    - 7
  areas:
    - KillerCage: 4
  affectedCells:
    - row: 1
      col: 0
  grid: ~
  candidates: ~
  invalidStateReason: ~
- rule: KillerCandidates
  cells: []
  values:
    - 1
    - 2
    - 3
    - 4
    - 5
    - 6
    - 7
  areas:
    - KillerCage: 4
  affectedCells:
    - row: 2
      col: 0
  grid: ~
  candidates: ~
  invalidStateReason: ~
- rule: KillerCandidates
  cells: []
  values:
    - 3
    - 6
  areas:
    - KillerCage: 5
  affectedCells:
    - row: 1
      col: 1
  grid: ~
  candidates: ~
  invalidStateReason: ~
- rule: KillerCandidates
  cells: []
  values:
    - 3
    - 6
  areas:
    - KillerCage: 5
  affectedCells:
    - row: 2
      col: 1
  grid: ~
  candidates: ~
  invalidStateReason: ~
- rule: KillerCandidates
  cells: []
  values:
    - 2
    - 4
  areas:
    - KillerCage: 8
  affectedCells:
    - row: 1
      col: 4
  grid: ~
  candidates: ~
  invalidStateReason: ~
- rule: KillerCandidates
  cells: []
  values:
    - 2
    - 4
  areas:
    - KillerCage: 8
  affectedCells:
    - row: 2
      col: 4
  grid: ~
  candidates: ~
  invalidStateReason: ~
- rule: KillerCandidates
  cells: []
  values:
    - 9
  areas:
    - KillerCage: 11
  affectedCells:
    - row: 2
      col: 8
  grid: ~
  candidates: ~
  invalidStateReason: ~
- rule: KillerCandidates
  cells: []
  values:
    - 9
  areas:
    - KillerCage: 11
  affectedCells:
    - row: 3
      col: 8
  grid: ~
  candidates: ~
  invalidStateReason: ~
- rule: KillerCandidates
  cells: []
  values:
    - 2
    - 4
  areas:
    - KillerCage: 12
  affectedCells:
    - row: 3
      col: 0
  grid: ~
  candidates: ~
  invalidStateReason: ~
- rule: KillerCandidates
  cells: []
  values:
    - 2
    - 4
  areas:
    - KillerCage: 12
  affectedCells:
    - row: 3
      col: 1
  grid: ~
  candidates: ~
  invalidStateReason: ~
- rule: KillerCandidates
  cells: []
  values:
    - 1
    - 2
    - 3
    - 4
    - 5
    - 7
  areas:
    - KillerCage: 13
  affectedCells:
    - row: 3
      col: 5
  grid: ~
  candidates: ~
  invalidStateReason: ~
- rule: KillerCandidates
  cells: []
  values:
    - 1
    - 2
    - 3
    - 4
    - 5
    - 7
  areas:
    - KillerCage: 13
  affectedCells:
    - row: 3
      col: 6
  grid: ~
  candidates: ~
  invalidStateReason: ~
- rule: KillerCandidates
  cells: []
  values:
    - 1
    - 2
    - 3
    - 4
    - 5
    - 7
  areas:
    - KillerCage: 13
  affectedCells:
    - row: 3
      col: 7
  grid: ~
  candidates: ~
  invalidStateReason: ~
- rule: KillerCandidates
  cells: []
  values:
    - 9
  areas:
    - KillerCage: 17
  affectedCells:
    - row: 5
      col: 0
  grid: ~
  candidates: ~
  invalidStateReason: ~
- rule: KillerCandidates
  cells: []
  values:
    - 9
  areas:
    - KillerCage: 17
  affectedCells:
    - row: 6
      col: 0
  grid: ~
  candidates: ~
  invalidStateReason: ~
- rule: KillerCandidates
  cells: []
  values:
    - 1
    - 2
    - 3
    - 4
    - 5
    - 6
  areas:
    - KillerCage: 18
  affectedCells:
    - row: 5
      col: 1
  grid: ~
  candidates: ~
  invalidStateReason: ~
- rule: KillerCandidates
  cells: []
  values:
    - 1
    - 2
    - 3
    - 4
    - 5
    - 6
  areas:
    - KillerCage: 18
  affectedCells:
    - row: 5
      col: 2
  grid: ~
  candidates: ~
  invalidStateReason: ~
- rule: KillerCandidates
  cells: []
  values:
    - 1
    - 2
    - 3
    - 4
    - 5
    - 6
  areas:
    - KillerCage: 18
  affectedCells:
    - row: 5
      col: 3
  grid: ~
  candidates: ~
  invalidStateReason: ~
- rule: KillerCandidates
  cells: []
  values:
    - 7
    - 8
    - 9
  areas:
    - KillerCage: 19
  affectedCells:
    - row: 5
      col: 5
  grid: ~
  candidates: ~
  invalidStateReason: ~
- rule: KillerCandidates
  cells: []
  values:
    - 7
    - 8
    - 9
  areas:
    - KillerCage: 19
  affectedCells:
    - row: 6
      col: 5
  grid: ~
  candidates: ~
  invalidStateReason: ~
- rule: KillerCandidates
  cells: []
  values:
    - 7
    - 8
    - 9
  areas:
    - KillerCage: 19
  affectedCells:
    - row: 7
      col: 5
  grid: ~
  candidates: ~
  invalidStateReason: ~
- rule: KillerCandidates
  cells: []
  values:
    - 3
    - 6
  areas:
    - KillerCage: 21
  affectedCells:
    - row: 5
      col: 7
  grid: ~
  candidates: ~
  invalidStateReason: ~
- rule: KillerCandidates
  cells: []
  values:
    - 3
    - 6
  areas:
    - KillerCage: 21
  affectedCells:
    - row: 5
      col: 8
  grid: ~
  candidates: ~
  invalidStateReason: ~
- rule: KillerCandidates
  cells: []
  values:
    - 3
    - 5
    - 6
    - 7
  areas:
    - KillerCage: 22
  affectedCells:
    - row: 6
      col: 1
  grid: ~
  candidates: ~
  invalidStateReason: ~
- rule: KillerCandidates
  cells: []
  values:
    - 3
    - 5
    - 6
    - 7
  areas:
    - KillerCage: 22
  affectedCells:
    - row: 6
      col: 2
  grid: ~
  candidates: ~
  invalidStateReason: ~
- rule: KillerCandidates
  cells: []
  values:
    - 3
    - 5
    - 6
    - 7
  areas:
    - KillerCage: 22
  affectedCells:
    - row: 6
      col: 3
  grid: ~
  candidates: ~
  invalidStateReason: ~
- rule: KillerCandidates
  cells: []
  values:
    - 1
    - 2
    - 3
    - 4
    - 5
    - 6
    - 7
  areas:
    - KillerCage: 23
  affectedCells:
    - row: 6
      col: 4
  grid: ~
  candidates: ~
  invalidStateReason: ~
- rule: KillerCandidates
  cells: []
  values:
    - 1
    - 2
    - 3
    - 4
    - 5
    - 6
    - 7
  areas:
    - KillerCage: 23
  affectedCells:
    - row: 7
      col: 4
  grid: ~
  candidates: ~
  invalidStateReason: ~
- rule: KillerCandidates
  cells: []
  values:
    - 1
    - 2
    - 6
  areas:
    - KillerCage: 24
  affectedCells:
    - row: 6
      col: 7
  grid: ~
  candidates: ~
  invalidStateReason: ~
- rule: KillerCandidates
  cells: []
  values:
    - 1
    - 2
    - 6
  areas:
    - KillerCage: 24
  affectedCells:
    - row: 7
      col: 7
  grid: ~
  candidates: ~
  invalidStateReason: ~
- rule: KillerCandidates
  cells: []
  values:
    - 1
    - 2
    - 3
    - 4
    - 7
  areas:
    - KillerCage: 25
  affectedCells:
    - row: 6
      col: 8
  grid: ~
  candidates: ~
  invalidStateReason: ~
- rule: KillerCandidates
  cells: []
  values:
    - 1
    - 2
    - 3
    - 4
    - 7
  areas:
    - KillerCage: 25
  affectedCells:
    - row: 7
      col: 8
  grid: ~
  candidates: ~
  invalidStateReason: ~
- rule: KillerCandidates
  cells: []
  values:
    - 1
    - 2
    - 6
  areas:
    - KillerCage: 26
  affectedCells:
    - row: 7
      col: 0
  grid: ~
  candidates: ~
  invalidStateReason: ~
- rule: KillerCandidates
  cells: []
  values:
    - 1
    - 2
    - 6
  areas:
    - KillerCage: 26
  affectedCells:
    - row: 8
      col: 0
  grid: ~
  candidates: ~
  invalidStateReason: ~
- rule: KillerCandidates
  cells: []
  values:
    - 9
  areas:
    - KillerCage: 27
  affectedCells:
    - row: 7
      col: 1
  grid: ~
  candidates: ~
  invalidStateReason: ~
- rule: KillerCandidates
  cells: []
  values:
    - 9
  areas:
    - KillerCage: 27
  affectedCells:
    - row: 7
      col: 2
  grid: ~
  candidates: ~
  invalidStateReason: ~
- rule: KillerCandidates
  cells: []
  values:
    - 9
  areas:
    - KillerCage: 27
  affectedCells:
    - row: 7
      col: 3
  grid: ~
  candidates: ~
  invalidStateReason: ~
- rule: KillerCandidates
  cells: []
  values:
    - 1
    - 2
    - 3
    - 4
    - 5
    - 7
  areas:
    - KillerCage: 28
  affectedCells:
    - row: 8
      col: 1
  grid: ~
  candidates: ~
  invalidStateReason: ~
- rule: KillerCandidates
  cells: []
  values:
    - 1
    - 2
    - 3
    - 4
    - 5
    - 7
  areas:
    - KillerCage: 28
  affectedCells:
    - row: 8
      col: 2
  grid: ~
  candidates: ~
  invalidStateReason: ~
- rule: KillerCandidates
  cells: []
  values:
    - 1
    - 2
    - 3
    - 4
    - 5
    - 7
  areas:
    - KillerCage: 28
  affectedCells:
    - row: 8
      col: 3
  grid: ~
  candidates: ~
  invalidStateReason: ~
- rule: KillerCandidates
  cells: []
  values:
    - 2
    - 4
  areas:
    - KillerCage: 30
  affectedCells:
    - row: 8
      col: 7
  grid: ~
  candidates: ~
  invalidStateReason: ~
- rule: KillerCandidates
  cells: []
  values:
    - 2
    - 4
  areas:
    - KillerCage: 30
  affectedCells:
    - row: 8
      col: 8
  grid: ~
  candidates: ~
  invalidStateReason: ~
- rule: Killer45
  cells: []
  values:
    - 9
  areas:
    - Row: 0
  affectedCells:
    - row: 0
      col: 8
  grid: ~
  candidates: ~
  invalidStateReason: ~
- rule: KillerCandidates
  cells: []
  values:
    - 7
  areas:
    - KillerCage: 3
  affectedCells:
    - row: 1
      col: 8
  grid: ~
  candidates: ~
  invalidStateReason: ~
- rule: NakedSingle
  cells:
    - row: 0
      col: 8
  values:
    - 7
  areas: []
  affectedCells:
    - row: 0
      col: 2
    - row: 0
      col: 3
    - row: 0
      col: 4
    - row: 0
      col: 5
    - row: 0
      col: 6
    - row: 0
      col: 7
    - row: 2
      col: 8
    - row: 3
      col: 8
    - row: 4
      col: 8
    - row: 1
      col: 6
    - row: 1
      col: 7
    - row: 2
      col: 6
    - row: 2
      col: 7
  grid: ~
  candidates: ~
  invalidStateReason: ~
- rule: NakedSingle
  cells:
    - row: 1
      col: 8
  values:
    - 9
  areas: []
  affectedCells:
    - row: 1
      col: 0
    - row: 1
      col: 2
    - row: 1
      col: 3
    - row: 1
      col: 5
    - row: 1
      col: 6
    - row: 1
      col: 7
    - row: 4
      col: 8
    - row: 6
      col: 8
    - row: 7
      col: 8
    - row: 0
      col: 6
    - row: 0
      col: 7
    - row: 2
      col: 6
    - row: 2
      col: 7
  grid: ~
  candidates: ~
  invalidStateReason: ~
- rule: KillerCandidates
  cells: []
  values:
    - 2
  areas:
    - KillerCage: 1
  affectedCells:
    - row: 0
      col: 2
  grid: ~
  candidates: ~
  invalidStateReason: ~
- rule: KillerCandidates
  cells: []
  values:
    - 2
  areas:
    - KillerCage: 1
  affectedCells:
    - row: 0
      col: 3
  grid: ~
  candidates: ~
  invalidStateReason: ~
- rule: KillerCandidates
  cells: []
  values:
    - 2
  areas:
    - KillerCage: 1
  affectedCells:
    - row: 0
      col: 4
  grid: ~
  candidates: ~
  invalidStateReason: ~
- rule: KillerCandidates
  cells: []
  values:
    - 8
  areas:
    - KillerCage: 4
  affectedCells:
    - row: 2
      col: 0
  grid: ~
  candidates: ~
  invalidStateReason: ~
- rule: KillerCandidates
  cells: []
  values:
    - 1
    - 4
  areas:
    - KillerCage: 10
  affectedCells:
    - row: 2
      col: 5
  grid: ~
  candidates: ~
  invalidStateReason: ~
- rule: KillerCandidates
  cells: []
  values:
    - 2
  areas:
    - KillerCage: 11
  affectedCells:
    - row: 2
      col: 8
  grid: ~
  candidates: ~
  invalidStateReason: ~
- rule: KillerCandidates
  cells: []
  values:
    - 2
  areas:
    - KillerCage: 11
  affectedCells:
    - row: 3
      col: 8
  grid: ~
  candidates: ~
  invalidStateReason: ~
- rule: KillerCandidates
  cells: []
  values:
    - 5
  areas:
    - KillerCage: 25
  affectedCells:
    - row: 6
      col: 8
  grid: ~
  candidates: ~
  invalidStateReason: ~
- rule: KillerCandidates
  cells: []
  values:
    - 5
  areas:
    - KillerCage: 25
  affectedCells:
    - row: 7
      col: 8
  grid: ~
  candidates: ~
  invalidStateReason: ~
- rule: NakedSingle
  cells:
    - row: 1
      col: 0
  values:
    - 8
  areas: []
  affectedCells:
    - row: 1
      col: 2
    - row: 1
      col: 3
    - row: 1
      col: 5
    - row: 1
      col: 6
    - row: 1
      col: 7
    - row: 4
      col: 0
    - row: 5
      col: 0
    - row: 6
      col: 0
    - row: 7
      col: 0
    - row: 8
      col: 0
    - row: 0
      col: 2
    - row: 2
      col: 2
  grid: ~
  candidates: ~
  invalidStateReason: ~
- rule: NakedSingle
  cells:
    - row: 2
      col: 0
  values:
    - 9
  areas: []
  affectedCells:
    - row: 2
      col: 2
    - row: 2
      col: 3
    - row: 2
      col: 5
    - row: 4
      col: 0
    - row: 7
      col: 0
    - row: 8
      col: 0
    - row: 0
      col: 2
  grid: ~
  candidates: ~
  invalidStateReason: ~
- rule: KillerCandidates
  cells: []
  values:
    - 1
  areas:
    - KillerCage: 1
  affectedCells:
    - row: 0
      col: 3
  grid: ~
  candidates: ~
  invalidStateReason: ~
- rule: KillerCandidates
  cells: []
  values:
    - 1
  areas:
    - KillerCage: 1
  affectedCells:
    - row: 0
      col: 4
  grid: ~
  candidates: ~
  invalidStateReason: ~
- rule: KillerCandidates
  cells: []
  values:
    - 1
    - 2
    - 3
    - 5
  areas:
    - KillerCage: 6
  affectedCells:
    - row: 3
      col: 2
  grid: ~
  candidates: ~
  invalidStateReason: ~
- rule: KillerCandidates
  cells: []
  values:
    - 1
  areas:
    - KillerCage: 17
  affectedCells:
    - row: 5
      col: 0
  grid: ~
  candidates: ~
  invalidStateReason: ~
- rule: KillerCandidates
  cells: []
  values:
    - 1
  areas:
    - KillerCage: 17
  affectedCells:
    - row: 6
      col: 0
  grid: ~
  candidates: ~
  invalidStateReason: ~
- rule: KillerCandidates
  cells: []
  values:
    - 3
    - 4
  areas:
    - KillerCage: 26
  affectedCells:
    - row: 7
      col: 0
  grid: ~
  candidates: ~
  invalidStateReason: ~
- rule: KillerCandidates
  cells: []
  values:
    - 3
    - 4
  areas:
    - KillerCage: 26
  affectedCells:
    - row: 8
      col: 0
  grid: ~
  candidates: ~
  invalidStateReason: ~
- rule: Killer45
  cells: []
  values:
    - 7
  areas:
    - Row: 8
  affectedCells:
    - row: 8
      col: 0
  grid: ~
  candidates: ~
  invalidStateReason: ~
- rule: KillerCandidates
  cells: []
  values:
    - 5
  areas:
    - KillerCage: 26
  affectedCells:
    - row: 7
      col: 0
  grid: ~
  candidates: ~
  invalidStateReason: ~
- rule: NakedSingle
  cells:
    - row: 7
      col: 0
  values:
    - 7
  areas: []
  affectedCells:
    - row: 7
      col: 1
    - row: 7
      col: 2
    - row: 7
      col: 3
    - row: 7
      col: 6
    - row: 7
      col: 7
    - row: 4
      col: 0
    - row: 5
      col: 0
    - row: 6
      col: 0
  grid: ~
  candidates: ~
  invalidStateReason: ~
- rule: NakedSingle
  cells:
    - row: 8
      col: 0
  values:
    - 5
  areas: []
  affectedCells:
    - row: 8
      col: 4
    - row: 8
      col: 5
    - row: 8
      col: 6
    - row: 0
      col: 0
    - row: 4
      col: 0
    - row: 5
      col: 0
    - row: 6
      col: 0
    - row: 7
      col: 1
    - row: 7
      col: 2
  grid: ~
  candidates: ~
  invalidStateReason: ~
- rule: KillerCandidates
  cells: []
  values:
    - 1
  areas:
    - KillerCage: 0
  affectedCells:
    - row: 0
      col: 1
  grid: ~
  candidates: ~
  invalidStateReason: ~
- rule: KillerCandidates
  cells: []
  values:
    - 2
    - 4
  areas:
    - KillerCage: 17
  affectedCells:
    - row: 5
      col: 0
  grid: ~
  candidates: ~
  invalidStateReason: ~
- rule: KillerCandidates
  cells: []
  values:
    - 2
    - 4
  areas:
    - KillerCage: 17
  affectedCells:
    - row: 6
      col: 0
  grid: ~
  candidates: ~
  invalidStateReason: ~
- rule: KillerCandidates
  cells: []
  values:
    - 5
  areas:
    - KillerCage: 24
  affectedCells:
    - row: 6
      col: 7
  grid: ~
  candidates: ~
  invalidStateReason: ~
- rule: Killer45
  cells: []
  values:
    - 1
  areas:
    - Column: 0
  affectedCells:
    - row: 0
      col: 0
  grid: ~
  candidates: ~
  invalidStateReason: ~
- rule: Killer45
  cells: []
  values:
    - 3
  areas:
    - Column: 0
  affectedCells:
    - row: 3
      col: 0
  grid: ~
  candidates: ~
  invalidStateReason: ~
- rule: Killer45
  cells: []
  values:
    - 1
    - 3
    - 6
  areas:
    - Column: 0
  affectedCells:
    - row: 4
      col: 0
  grid: ~
  candidates: ~
  invalidStateReason: ~
- rule: KillerCandidates
  cells: []
  values:
    - 5
  areas:
    - KillerCage: 0
  affectedCells:
    - row: 0
      col: 1
  grid: ~
  candidates: ~
  invalidStateReason: ~
- rule: KillerCandidates
  cells: []
  values:
    - 1
  areas:
    - KillerCage: 12
  affectedCells:
    - row: 3
      col: 1
  grid: ~
  candidates: ~
  invalidStateReason: ~
- rule: KillerCandidates
  cells: []
  values:
    - 1
  areas:
    - KillerCage: 14
  affectedCells:
    - row: 4
      col: 1
  grid: ~
  candidates: ~
  invalidStateReason: ~
- rule: KillerCandidates
  cells: []
  values:
    - 1
  areas:
    - KillerCage: 14
  affectedCells:
    - row: 4
      col: 2
  grid: ~
  candidates: ~
  invalidStateReason: ~
- rule: NakedSingle
  cells:
    - row: 3
      col: 0
  values:
    - 1
  areas: []
  affectedCells:
    - row: 3
      col: 3
    - row: 3
      col: 4
    - row: 3
      col: 8
  grid: ~
  candidates: ~
  invalidStateReason: ~
- rule: NakedSingle
  cells:
    - row: 3
      col: 1
  values:
    - 3
  areas: []
  affectedCells:
    - row: 3
      col: 3
    - row: 3
      col: 4
    - row: 3
      col: 8
    - row: 4
      col: 1
    - row: 7
      col: 1
    - row: 4
      col: 2
    - row: 5
      col: 0
  grid: ~
  candidates: ~
  invalidStateReason: ~
- rule: KillerCandidates
  cells: []
  values:
    - 6
    - 8
  areas:
    - KillerCage: 11
  affectedCells:
    - row: 2
      col: 8
  grid: ~
  candidates: ~
  invalidStateReason: ~
- rule: KillerCandidates
  cells: []
  values:
    - 6
  areas:
    - KillerCage: 17
  affectedCells:
    - row: 6
      col: 0
  grid: ~
  candidates: ~
  invalidStateReason: ~
- rule: NakedSingle
  cells:
    - row: 5
      col: 0
  values:
    - 6
  areas: []
  affectedCells:
    - row: 5
      col: 4
    - row: 5
      col: 5
    - row: 5
      col: 6
    - row: 3
      col: 2
    - row: 4
      col: 1
    - row: 4
      col: 2
  grid: ~
  candidates: ~
  invalidStateReason: ~
- rule: NakedSingle
  cells:
    - row: 6
      col: 0
  values:
    - 3
  areas: []
  affectedCells:
    - row: 6
      col: 5
    - row: 6
      col: 6
    - row: 6
      col: 7
    - row: 7
      col: 2
  grid: ~
  candidates: ~
  invalidStateReason: ~
- rule: KillerCandidates
  cells: []
  values:
    - 7
  areas:
    - KillerCage: 14
  affectedCells:
    - row: 4
      col: 1
  grid: ~
  candidates: ~
  invalidStateReason: ~
- rule: KillerCandidates
  cells: []
  values:
    - 7
  areas:
    - KillerCage: 14
  affectedCells:
    - row: 4
      col: 2
  grid: ~
  candidates: ~
  invalidStateReason: ~
- rule: KillerCandidates
  cells: []
  values:
    - 9
  areas:
    - KillerCage: 24
  affectedCells:
    - row: 7
      col: 7
  grid: ~
  candidates: ~
  invalidStateReason: ~
- rule: HiddenSingle
  cells:
    - row: 5
      col: 1
  values:
    - 7
  areas:
    - Column: 1
  affectedCells:
    - row: 5
      col: 2
    - row: 5
      col: 3
    - row: 5
      col: 4
    - row: 5
      col: 6
    - row: 3
      col: 2
  grid: ~
  candidates: ~
  invalidStateReason: ~
- rule: Killer45
  cells: []
  values:
    - 8
    - 9
  areas:
    - Row: 5
  affectedCells:
    - row: 5
      col: 4
  grid: ~
  candidates: ~
  invalidStateReason: ~
- rule: Killer45
  cells: []
  values:
    - 8
    - 9
  areas:
    - Row: 5
  affectedCells:
    - row: 5
      col: 6
  grid: ~
  candidates: ~
  invalidStateReason: ~
- rule: Killer45
  cells: []
  values:
    - 4
    - 5
    - 6
    - 8
  areas:
    - Column: 8
  affectedCells:
    - row: 4
      col: 8
  grid: ~
  candidates: ~
  invalidStateReason: ~
- rule: Killer45
  cells: []
  values:
    - 4
    - 5
  areas:
    - Column: 8
  affectedCells:
    - row: 5
      col: 8
  grid: ~
  candidates: ~
  invalidStateReason: ~
- rule: KillerCandidates
  cells: []
  values:
    - 1
    - 2
    - 3
  areas:
    - KillerCage: 15
  affectedCells:
    - row: 4
      col: 6
  grid: ~
  candidates: ~
  invalidStateReason: ~
- rule: KillerCandidates
  cells: []
  values:
    - 1
    - 2
    - 3
  areas:
    - KillerCage: 15
  affectedCells:
    - row: 4
      col: 7
  grid: ~
  candidates: ~
  invalidStateReason: ~
- rule: KillerCandidates
  cells: []
  values:
    - 1
    - 2
  areas:
    - KillerCage: 21
  affectedCells:
    - row: 5
      col: 7
  grid: ~
  candidates: ~
  invalidStateReason: ~
- rule: Killer45
  cells: []
  values:
    - 1
  areas:
    - Region: 0
  affectedCells:
    - row: 0
      col: 2
  grid: ~
  candidates: ~
  invalidStateReason: ~
- rule: Killer45
  cells: []
  values:
    - 1
    - 2
  areas:
    - Region: 0
  affectedCells:
    - row: 1
      col: 2
  grid: ~
  candidates: ~
  invalidStateReason: ~
- rule: Killer45
  cells: []
  values:
    - 1
    - 2
  areas:
    - Region: 0
  affectedCells:
    - row: 2
      col: 2
  grid: ~
  candidates: ~
  invalidStateReason: ~
- rule: Killer45
  cells: []
  values:
    - 8
    - 9
  areas:
    - Region: 3
  affectedCells:
    - row: 3
      col: 2
  grid: ~
  candidates: ~
  invalidStateReason: ~
- rule: Killer45
  cells: []
  values:
    - 8
  areas:
    - Region: 3
  affectedCells:
    - row: 5
      col: 2
  grid: ~
  candidates: ~
  invalidStateReason: ~
- rule: KillerCandidates
  cells: []
  values:
    - 3
    - 4
    - 5
  areas:
    - KillerCage: 6
  affectedCells:
    - row: 1
      col: 2
  grid: ~
  candidates: ~
  invalidStateReason: ~
- rule: KillerCandidates
  cells: []
  values:
    - 3
    - 4
    - 5
  areas:
    - KillerCage: 6
  affectedCells:
    - row: 2
      col: 2
  grid: ~
  candidates: ~
  invalidStateReason: ~
- rule: KillerCandidates
  cells: []
  values:
    - 9
  areas:
    - KillerCage: 18
  affectedCells:
    - row: 5
      col: 3
  grid: ~
  candidates: ~
  invalidStateReason: ~
- rule: NakedSingle
  cells:
    - row: 3
      col: 2
  values:
    - 4
  areas: []
  affectedCells:
    - row: 3
      col: 3
    - row: 3
      col: 4
    - row: 3
      col: 8
    - row: 0
      col: 2
    - row: 4
      col: 2
    - row: 6
      col: 2
    - row: 7
      col: 2
    - row: 4
      col: 0
    - row: 4
      col: 1
  grid: ~
  candidates: ~
  invalidStateReason: ~
- rule: NakedSingle
  cells:
    - row: 5
      col: 2
  values:
    - 9
  areas: []
  affectedCells:
    - row: 4
      col: 2
    - row: 8
      col: 2
    - row: 4
      col: 1
  grid: ~
  candidates: ~
  invalidStateReason: ~
- rule: NakedSingle
  cells:
    - row: 5
      col: 3
  values:
    - 8
  areas: []
  affectedCells:
    - row: 0
      col: 3
    - row: 2
      col: 3
    - row: 3
      col: 3
    - row: 4
      col: 3
    - row: 7
      col: 3
    - row: 8
      col: 3
    - row: 3
      col: 4
    - row: 3
      col: 5
    - row: 4
      col: 4
    - row: 4
      col: 5
  grid: ~
  candidates: ~
  invalidStateReason: ~
- rule: KillerCandidates
  cells: []
  values:
    - 5
  areas:
    - KillerCage: 1
  affectedCells:
    - row: 0
      col: 3
  grid: ~
  candidates: ~
  invalidStateReason: ~
- rule: KillerCandidates
  cells: []
  values:
    - 5
  areas:
    - KillerCage: 1
  affectedCells:
    - row: 0
      col: 4
  grid: ~
  candidates: ~
  invalidStateReason: ~
- rule: KillerCandidates
  cells: []
  values:
    - 2
  areas:
    - KillerCage: 7
  affectedCells:
    - row: 3
      col: 3
  grid: ~
  candidates: ~
  invalidStateReason: ~
- rule: KillerCandidates
  cells: []
  values:
    - 5
  areas:
    - KillerCage: 11
  affectedCells:
    - row: 2
      col: 8
  grid: ~
  candidates: ~
  invalidStateReason: ~
- rule: KillerCandidates
  cells: []
  values:
    - 2
  areas:
    - KillerCage: 14
  affectedCells:
    - row: 4
      col: 1
  grid: ~
  candidates: ~
  invalidStateReason: ~
- rule: KillerCandidates
  cells: []
  values:
    - 2
  areas:
    - KillerCage: 14
  affectedCells:
    - row: 4
      col: 2
  grid: ~
  candidates: ~
  invalidStateReason: ~
- rule: NakedSingle
  cells:
    - row: 4
      col: 0
  values:
    - 2
  areas: []
  affectedCells:
    - row: 4
      col: 3
    - row: 4
      col: 4
    - row: 4
      col: 5
    - row: 4
      col: 8
    - row: 0
      col: 0
  grid: ~
  candidates: ~
  invalidStateReason: ~
- rule: KillerCandidates
  cells: []
  values:
    - 4
  areas:
    - KillerCage: 0
  affectedCells:
    - row: 0
      col: 1
  grid: ~
  candidates: ~
  invalidStateReason: ~
- rule: NakedSingle
  cells:
    - row: 0
      col: 0
  values:
    - 4
  areas: []
  affectedCells:
    - row: 0
      col: 3
    - row: 0
      col: 4
    - row: 0
      col: 5
    - row: 0
      col: 6
    - row: 0
      col: 7
    - row: 1
      col: 1
    - row: 2
      col: 1
  grid: ~
  candidates: ~
  invalidStateReason: ~
- rule: NakedSingle
  cells:
    - row: 0
      col: 1
  values:
    - 2
  areas: []
  affectedCells:
    - row: 0
      col: 5
    - row: 0
      col: 6
    - row: 0
      col: 7
    - row: 1
      col: 1
    - row: 2
      col: 1
    - row: 6
      col: 1
    - row: 7
      col: 1
  grid: ~
  candidates: ~
  invalidStateReason: ~
- rule: KillerCandidates
  cells: []
  values:
    - 5
  areas:
    - KillerCage: 1
  affectedCells:
    - row: 0
      col: 2
  grid: ~
  candidates: ~
  invalidStateReason: ~
- rule: KillerCandidates
  cells: []
  values:
    - 8
  areas:
    - KillerCage: 1
  affectedCells:
    - row: 0
      col: 4
  grid: ~
  candidates: ~
  invalidStateReason: ~
- rule: KillerCandidates
  cells: []
  values:
    - 9
  areas:
    - KillerCage: 2
  affectedCells:
    - row: 0
      col: 5
  grid: ~
  candidates: ~
  invalidStateReason: ~
- rule: HiddenSingle
  cells:
    - row: 3
      col: 4
  values:
    - 2
  areas:
    - Row: 3
  affectedCells:
    - row: 5
      col: 4
    - row: 8
      col: 4
    - row: 5
      col: 5
  grid: ~
  candidates: ~
  invalidStateReason: ~
- rule: HiddenSingle
  cells:
    - row: 8
      col: 1
  values:
    - 9
  areas:
    - Column: 1
  affectedCells:
    - row: 8
      col: 3
    - row: 8
      col: 4
    - row: 8
      col: 5
    - row: 8
      col: 6
  grid: ~
  candidates: ~
  invalidStateReason: ~
- rule: HiddenSingle
  cells:
    - row: 0
      col: 2
  values:
    - 3
  areas:
    - Column: 2
  affectedCells:
    - row: 0
      col: 3
    - row: 0
      col: 4
    - row: 0
      col: 5
    - row: 0
      col: 6
    - row: 0
      col: 7
  grid: ~
  candidates: ~
  invalidStateReason: ~
- rule: HiddenSingle
  cells:
    - row: 4
      col: 2
  values:
    - 5
  areas:
    - Column: 2
  affectedCells:
    - row: 4
      col: 1
    - row: 4
      col: 3
    - row: 4
      col: 4
    - row: 4
      col: 5
    - row: 4
      col: 6
    - row: 4
      col: 7
  grid: ~
  candidates: ~
  invalidStateReason: ~
- rule: HiddenSingle
  cells:
    - row: 5
      col: 8
  values:
    - 2
  areas:
    - Column: 8
  affectedCells:
    - row: 5
      col: 4
    - row: 5
      col: 5
    - row: 5
      col: 6
  grid: ~
  candidates: ~
  invalidStateReason: ~
- rule: HiddenSingle
  cells:
    - row: 2
      col: 8
  values:
    - 4
  areas:
    - Column: 8
  affectedCells:
    - row: 2
      col: 3
    - row: 2
      col: 6
    - row: 2
      col: 7
    - row: 1
      col: 6
    - row: 1
      col: 7
  grid: ~
  candidates: ~
  invalidStateReason: ~
- rule: HiddenSingle
  cells:
    - row: 3
      col: 8
  values:
    - 5
  areas:
    - Column: 8
  affectedCells:
    - row: 3
      col: 3
    - row: 3
      col: 4
    - row: 4
      col: 6
    - row: 4
      col: 7
    - row: 5
      col: 6
    - row: 5
      col: 7
  grid: ~
  candidates: ~
  invalidStateReason: ~
- rule: KillerCandidates
  cells: []
  values:
    - 6
  areas:
    - KillerCage: 2
  affectedCells:
    - row: 0
      col: 5
  grid: ~
  candidates: ~
  invalidStateReason: ~
- rule: KillerCandidates
  cells: []
  values:
    - 6
  areas:
    - KillerCage: 2
  affectedCells:
    - row: 0
      col: 6
  grid: ~
  candidates: ~
  invalidStateReason: ~
- rule: KillerCandidates
  cells: []
  values:
    - 6
  areas:
    - KillerCage: 2
  affectedCells:
    - row: 0
      col: 7
  grid: ~
  candidates: ~
  invalidStateReason: ~
- rule: KillerCandidates
  cells: []
  values:
    - 2
    - 3
  areas:
    - KillerCage: 9
  affectedCells:
    - row: 1
      col: 5
  grid: ~
  candidates: ~
  invalidStateReason: ~
- rule: KillerCandidates
  cells: []
  values:
    - 4
  areas:
    - KillerCage: 16
  affectedCells:
    - row: 5
      col: 4
  grid: ~
  candidates: ~
  invalidStateReason: ~
- rule: KillerCandidates
  cells: []
  values:
    - 6
  areas:
    - KillerCage: 28
  affectedCells:
    - row: 8
      col: 2
  grid: ~
  candidates: ~
  invalidStateReason: ~
- rule: NakedSingle
  cells:
    - row: 4
      col: 1
  values:
    - 8
  areas: []
  affectedCells:
    - row: 4
      col: 6
    - row: 4
      col: 7
    - row: 7
      col: 1
  grid: ~
  candidates: ~
  invalidStateReason: ~
- rule: NakedSingle
  cells:
    - row: 5
      col: 7
  values:
    - 4
  areas: []
  affectedCells:
    - row: 5
      col: 5
    - row: 5
      col: 6
    - row: 4
      col: 7
    - row: 6
      col: 7
    - row: 7
      col: 7
    - row: 4
      col: 6
  grid: ~
  candidates: ~
  invalidStateReason: ~
- rule: NakedSingle
  cells:
    - row: 8
      col: 2
  values:
    - 8
  areas: []
  affectedCells:
    - row: 8
      col: 4
    - row: 8
      col: 5
    - row: 8
      col: 6
    - row: 7
      col: 2
    - row: 7
      col: 1
  grid: ~
  candidates: ~
  invalidStateReason: ~
- rule: NakedSingle
  cells:
    - row: 8
      col: 3
  values:
    - 6
  areas: []
  affectedCells:
    - row: 8
      col: 4
    - row: 8
      col: 5
    - row: 8
      col: 6
    - row: 0
      col: 3
    - row: 1
      col: 3
    - row: 2
      col: 3
    - row: 3
      col: 3
    - row: 4
      col: 3
    - row: 7
      col: 3
    - row: 6
      col: 5
    - row: 7
      col: 5
  grid: ~
  candidates: ~
  invalidStateReason: ~
- rule: KillerCandidates
  cells: []
  values:
    - 9
  areas:
    - KillerCage: 1
  affectedCells:
    - row: 0
      col: 4
  grid: ~
  candidates: ~
  invalidStateReason: ~
- rule: KillerCandidates
  cells: []
  values:
    - 1
    - 3
    - 7
  areas:
    - KillerCage: 7
  affectedCells:
    - row: 1
      col: 3
  grid: ~
  candidates: ~
  invalidStateReason: ~
- rule: KillerCandidates
  cells: []
  values:
    - 1
    - 7
  areas:
    - KillerCage: 7
  affectedCells:
    - row: 2
      col: 3
  grid: ~
  candidates: ~
  invalidStateReason: ~
- rule: KillerCandidates
  cells: []
  values:
    - 1
  areas:
    - KillerCage: 20
  affectedCells:
    - row: 6
      col: 6
  grid: ~
  candidates: ~
  invalidStateReason: ~
- rule: KillerCandidates
  cells: []
  values:
    - 1
    - 3
  areas:
    - KillerCage: 20
  affectedCells:
    - row: 7
      col: 6
  grid: ~
  candidates: ~
  invalidStateReason: ~
- rule: KillerCandidates
  cells: []
  values:
    - 8
  areas:
    - KillerCage: 24
  affectedCells:
    - row: 6
      col: 7
  grid: ~
  candidates: ~
  invalidStateReason: ~
- rule: KillerCandidates
  cells: []
  values:
    - 8
  areas:
    - KillerCage: 24
  affectedCells:
    - row: 7
      col: 7
  grid: ~
  candidates: ~
  invalidStateReason: ~
- rule: KillerCandidates
  cells: []
  values:
    - 2
  areas:
    - KillerCage: 27
  affectedCells:
    - row: 7
      col: 3
  grid: ~
  candidates: ~
  invalidStateReason: ~
- rule: KillerCandidates
  cells: []
  values:
    - 1
    - 3
  areas:
    - KillerCage: 29
  affectedCells:
    - row: 8
      col: 4
  grid: ~
  candidates: ~
  invalidStateReason: ~
- rule: KillerCandidates
  cells: []
  values:
    - 1
    - 3
  areas:
    - KillerCage: 29
  affectedCells:
    - row: 8
      col: 5
  grid: ~
  candidates: ~
  invalidStateReason: ~
- rule: KillerCandidates
  cells: []
  values:
    - 1
    - 3
  areas:
    - KillerCage: 29
  affectedCells:
    - row: 8
      col: 6
  grid: ~
  candidates: ~
  invalidStateReason: ~
- rule: NakedSingle
  cells:
    - row: 0
      col: 3
  values:
    - 9
  areas: []
  affectedCells:
    - row: 3
      col: 3
    - row: 4
      col: 3
  grid: ~
  candidates: ~
  invalidStateReason: ~
- rule: NakedSingle
  cells:
    - row: 0
      col: 4
  values:
    - 6
  areas: []
  affectedCells:
    - row: 4
      col: 4
    - row: 1
      col: 5
    - row: 2
      col: 5
  grid: ~
  candidates: ~
  invalidStateReason: ~
- rule: KillerCandidates
  cells: []
  values:
    - 2
    - 5
  areas:
    - KillerCage: 7
  affectedCells:
    - row: 1
      col: 3
  grid: ~
  candidates: ~
  invalidStateReason: ~
- rule: KillerCandidates
  cells: []
  values:
    - 2
    - 3
  areas:
    - KillerCage: 7
  affectedCells:
    - row: 2
      col: 3
  grid: ~
  candidates: ~
  invalidStateReason: ~
- rule: NakedSingle
  cells:
    - row: 1
      col: 3
  values:
    - 4
  areas: []
  affectedCells:
    - row: 1
      col: 5
    - row: 4
      col: 3
    - row: 6
      col: 3
    - row: 7
      col: 3
  grid: ~
  candidates: ~
  invalidStateReason: ~
- rule: NakedSingle
  cells:
    - row: 2
      col: 3
  values:
    - 5
  areas: []
  affectedCells:
    - row: 2
      col: 1
    - row: 2
      col: 5
    - row: 2
      col: 6
    - row: 2
      col: 7
    - row: 7
      col: 3
    - row: 0
      col: 5
    - row: 1
      col: 5
  grid: ~
  candidates: ~
  invalidStateReason: ~
- rule: NakedSingle
  cells:
    - row: 3
      col: 3
  values:
    - 7
  areas: []
  affectedCells:
    - row: 4
      col: 3
    - row: 4
      col: 4
    - row: 4
      col: 5
  grid: ~
  candidates: ~
  invalidStateReason: ~
- rule: KillerCandidates
  cells: []
  values:
    - 1
  areas:
    - KillerCage: 5
  affectedCells:
    - row: 1
      col: 1
  grid: ~
  candidates: ~
  invalidStateReason: ~
- rule: KillerCandidates
  cells: []
  values:
    - 1
  areas:
    - KillerCage: 9
  affectedCells:
    - row: 1
      col: 6
  grid: ~
  candidates: ~
  invalidStateReason: ~
- rule: KillerCandidates
  cells: []
  values:
    - 1
  areas:
    - KillerCage: 9
  affectedCells:
    - row: 1
      col: 7
  grid: ~
  candidates: ~
  invalidStateReason: ~
- rule: KillerCandidates
  cells: []
  values:
    - 3
  areas:
    - KillerCage: 10
  affectedCells:
    - row: 2
      col: 5
  grid: ~
  candidates: ~
  invalidStateReason: ~
- rule: KillerCandidates
  cells: []
  values:
    - 1
    - 3
  areas:
    - KillerCage: 16
  affectedCells:
    - row: 4
      col: 4
  grid: ~
  candidates: ~
  invalidStateReason: ~
- rule: KillerCandidates
  cells: []
  values:
    - 1
    - 3
  areas:
    - KillerCage: 16
  affectedCells:
    - row: 4
      col: 5
  grid: ~
  candidates: ~
  invalidStateReason: ~
- rule: KillerCandidates
  cells: []
  values:
    - 1
  areas:
    - KillerCage: 22
  affectedCells:
    - row: 6
      col: 1
  grid: ~
  candidates: ~
  invalidStateReason: ~
- rule: KillerCandidates
  cells: []
  values:
    - 1
  areas:
    - KillerCage: 27
  affectedCells:
    - row: 7
      col: 1
  grid: ~
  candidates: ~
  invalidStateReason: ~
- rule: KillerCandidates
  cells: []
  values:
    - 1
  areas:
    - KillerCage: 27
  affectedCells:
    - row: 7
      col: 2
  grid: ~
  candidates: ~
  invalidStateReason: ~
- rule: NakedSingle
  cells:
    - row: 1
      col: 1
  values:
    - 5
  areas: []
  affectedCells:
    - row: 1
      col: 6
    - row: 1
      col: 7
  grid: ~
  candidates: ~
  invalidStateReason: ~
- rule: NakedSingle
  cells:
    - row: 2
      col: 1
  values:
    - 1
  areas: []
  affectedCells:
    - row: 2
      col: 4
    - row: 2
      col: 6
    - row: 2
      col: 7
  grid: ~
  candidates: ~
  invalidStateReason: ~
- rule: NakedSingle
  cells:
    - row: 6
      col: 1
  values:
    - 4
  areas: []
  affectedCells:
    - row: 6
      col: 5
    - row: 6
      col: 6
    - row: 7
      col: 1
  grid: ~
  candidates: ~
  invalidStateReason: ~
- rule: KillerCandidates
  cells: []
  values:
    - 3
  areas:
    - KillerCage: 8
  affectedCells:
    - row: 1
      col: 4
  grid: ~
  candidates: ~
  invalidStateReason: ~
- rule: KillerCandidates
  cells: []
  values:
    - 1
  areas:
    - KillerCage: 9
  affectedCells:
    - row: 1
      col: 5
  grid: ~
  candidates: ~
  invalidStateReason: ~
- rule: KillerCandidates
  cells: []
  values:
    - 6
  areas:
    - KillerCage: 9
  affectedCells:
    - row: 1
      col: 6
  grid: ~
  candidates: ~
  invalidStateReason: ~
- rule: KillerCandidates
  cells: []
  values:
    - 6
  areas:
    - KillerCage: 9
  affectedCells:
    - row: 1
      col: 7
  grid: ~
  candidates: ~
  invalidStateReason: ~
- rule: KillerCandidates
  cells: []
  values:
    - 2
  areas:
    - KillerCage: 19
  affectedCells:
    - row: 7
      col: 5
  grid: ~
  candidates: ~
  invalidStateReason: ~
- rule: KillerCandidates
  cells: []
  values:
    - 6
  areas:
    - KillerCage: 27
  affectedCells:
    - row: 7
      col: 2
  grid: ~
  candidates: ~
  invalidStateReason: ~
- rule: KillerCandidates
  cells: []
  values:
    - 1
  areas:
    - KillerCage: 27
  affectedCells:
    - row: 7
      col: 3
  grid: ~
  candidates: ~
  invalidStateReason: ~
- rule: NakedSingle
  cells:
    - row: 1
      col: 4
  values:
    - 1
  areas: []
  affectedCells:
    - row: 5
      col: 4
    - row: 0
      col: 5
  grid: ~
  candidates: ~
  invalidStateReason: ~
- rule: NakedSingle
  cells:
    - row: 1
      col: 5
  values:
    - 7
  areas: []
  affectedCells:
    - row: 1
      col: 2
    - row: 2
      col: 5
    - row: 8
      col: 5
  grid: ~
  candidates: ~
  invalidStateReason: ~
- rule: NakedSingle
  cells:
    - row: 2
      col: 4
  values:
    - 3
  areas: []
  affectedCells:
    - row: 2
      col: 6
    - row: 2
      col: 7
    - row: 5
      col: 4
  grid: ~
  candidates: ~
  invalidStateReason: ~
- rule: NakedSingle
  cells:
    - row: 7
      col: 1
  values:
    - 6
  areas: []
  affectedCells:
    - row: 7
      col: 6
    - row: 7
      col: 8
  grid: ~
  candidates: ~
  invalidStateReason: ~
- rule: NakedSingle
  cells:
    - row: 7
      col: 2
  values:
    - 2
  areas: []
  affectedCells:
    - row: 7
      col: 6
    - row: 6
      col: 2
  grid: ~
  candidates: ~
  invalidStateReason: ~
- rule: NakedSingle
  cells:
    - row: 7
      col: 3
  values:
    - 3
  areas: []
  affectedCells:
    - row: 7
      col: 5
    - row: 7
      col: 7
    - row: 4
      col: 3
  grid: ~
  candidates: ~
  invalidStateReason: ~
- rule: KillerCandidates
  cells: []
  values:
    - 8
  areas:
    - KillerCage: 2
  affectedCells:
    - row: 0
      col: 6
  grid: ~
  candidates: ~
  invalidStateReason: ~
- rule: KillerCandidates
  cells: []
  values:
    - 8
  areas:
    - KillerCage: 2
  affectedCells:
    - row: 0
      col: 7
  grid: ~
  candidates: ~
  invalidStateReason: ~
- rule: KillerCandidates
  cells: []
  values:
    - 6
  areas:
    - KillerCage: 6
  affectedCells:
    - row: 2
      col: 2
  grid: ~
  candidates: ~
  invalidStateReason: ~
- rule: KillerCandidates
  cells: []
  values:
    - 6
  areas:
    - KillerCage: 16
  affectedCells:
    - row: 4
      col: 5
  grid: ~
  candidates: ~
  invalidStateReason: ~
- rule: KillerCandidates
  cells: []
  values:
    - 1
    - 5
  areas:
    - KillerCage: 19
  affectedCells:
    - row: 5
      col: 5
  grid: ~
  candidates: ~
  invalidStateReason: ~
- rule: KillerCandidates
  cells: []
  values:
    - 1
  areas:
    - KillerCage: 22
  affectedCells:
    - row: 6
      col: 3
  grid: ~
  candidates: ~
  invalidStateReason: ~
- rule: KillerCandidates
  cells: []
  values:
    - 9
  areas:
    - KillerCage: 24
  affectedCells:
    - row: 6
      col: 7
  grid: ~
  candidates: ~
  invalidStateReason: ~
- rule: KillerCandidates
  cells: []
  values:
    - 8
  areas:
    - KillerCage: 25
  affectedCells:
    - row: 6
      col: 8
  grid: ~
  candidates: ~
  invalidStateReason: ~
- rule: NakedSingle
  cells:
    - row: 0
      col: 5
  values:
    - 8
  areas: []
  affectedCells:
    - row: 2
      col: 5
  grid: ~
  candidates: ~
  invalidStateReason: ~
- rule: NakedSingle
  cells:
    - row: 1
      col: 2
  values:
    - 6
  areas: []
  affectedCells: []
  grid: ~
  candidates: ~
  invalidStateReason: ~
- rule: NakedSingle
  cells:
    - row: 2
      col: 2
  values:
    - 7
  areas: []
  affectedCells: []
  grid: ~
  candidates: ~
  invalidStateReason: ~
- rule: NakedSingle
  cells:
    - row: 4
      col: 3
  values:
    - 1
  areas: []
  affectedCells:
    - row: 4
      col: 8
  grid: ~
  candidates: ~
  invalidStateReason: ~
- rule: NakedSingle
  cells:
    - row: 5
      col: 4
  values:
    - 5
  areas: []
  affectedCells: []
  grid: ~
  candidates: ~
  invalidStateReason: ~
- rule: NakedSingle
  cells:
    - row: 5
      col: 5
  values:
    - 3
  areas: []
  affectedCells:
    - row: 5
      col: 6
  grid: ~
  candidates: ~
  invalidStateReason: ~
- rule: NakedSingle
  cells:
    - row: 6
      col: 2
  values:
    - 1
  areas: []
  affectedCells:
    - row: 6
      col: 5
  grid: ~
  candidates: ~
  invalidStateReason: ~
- rule: NakedSingle
  cells:
    - row: 6
      col: 3
  values:
    - 2
  areas: []
  affectedCells:
    - row: 6
      col: 5
    - row: 6
      col: 6
    - row: 8
      col: 5
  grid: ~
  candidates: ~
  invalidStateReason: ~
- rule: NakedSingle
  cells:
    - row: 6
      col: 7
  values:
    - 7
  areas: []
  affectedCells:
    - row: 6
      col: 6
    - row: 4
      col: 7
    - row: 8
      col: 6
  grid: ~
  candidates: ~
  invalidStateReason: ~
- rule: NakedSingle
  cells:
    - row: 6
      col: 8
  values:
    - 6
  areas: []
  affectedCells:
    - row: 6
      col: 6
  grid: ~
  candidates: ~
  invalidStateReason: ~
- rule: NakedSingle
  cells:
    - row: 7
      col: 7
  values:
    - 5
  areas: []
  affectedCells:
    - row: 7
      col: 5
    - row: 7
      col: 6
    - row: 0
      col: 7
    - row: 6
      col: 6
  grid: ~
  candidates: ~
  invalidStateReason: ~
- rule: NakedSingle
  cells:
    - row: 7
      col: 8
  values:
    - 8
  areas: []
  affectedCells:
    - row: 7
      col: 4
    - row: 7
      col: 6
    - row: 6
      col: 6
  grid: ~
  candidates: ~
  invalidStateReason: ~
- rule: KillerCandidates
  cells: []
  values:
    - 1
  areas:
    - KillerCage: 2
  affectedCells:
    - row: 0
      col: 6
  grid: ~
  candidates: ~
  invalidStateReason: ~
- rule: KillerCandidates
  cells: []
  values:
    - 2
  areas:
    - KillerCage: 10
  affectedCells:
    - row: 2
      col: 6
  grid: ~
  candidates: ~
  invalidStateReason: ~
- rule: KillerCandidates
  cells: []
  values:
    - 2
  areas:
    - KillerCage: 10
  affectedCells:
    - row: 2
      col: 7
  grid: ~
  candidates: ~
  invalidStateReason: ~
- rule: KillerCandidates
  cells: []
  values:
    - 6
    - 9
  areas:
    - KillerCage: 15
  affectedCells:
    - row: 4
      col: 6
  grid: ~
  candidates: ~
  invalidStateReason: ~
- rule: KillerCandidates
  cells: []
  values:
    - 9
  areas:
    - KillerCage: 15
  affectedCells:
    - row: 4
      col: 7
  grid: ~
  candidates: ~
  invalidStateReason: ~
- rule: KillerCandidates
  cells: []
  values:
    - 4
  areas:
    - KillerCage: 19
  affectedCells:
    - row: 7
      col: 5
  grid: ~
  candidates: ~
  invalidStateReason: ~
- rule: KillerCandidates
  cells: []
  values:
    - 9
  areas:
    - KillerCage: 20
  affectedCells:
    - row: 7
      col: 6
  grid: ~
  candidates: ~
  invalidStateReason: ~
- rule: KillerCandidates
  cells: []
  values:
    - 9
  areas:
    - KillerCage: 23
  affectedCells:
    - row: 6
      col: 4
  grid: ~
  candidates: ~
  invalidStateReason: ~
- rule: KillerCandidates
  cells: []
  values:
    - 4
  areas:
    - KillerCage: 29
  affectedCells:
    - row: 8
      col: 4
  grid: ~
  candidates: ~
  invalidStateReason: ~
- rule: KillerCandidates
  cells: []
  values:
    - 4
  areas:
    - KillerCage: 29
  affectedCells:
    - row: 8
      col: 6
  grid: ~
  candidates: ~
  invalidStateReason: ~
- rule: NakedSingle
  cells:
    - row: 0
      col: 6
  values:
    - 5
  areas: []
  affectedCells: []
  grid: ~
  candidates: ~
  invalidStateReason: ~
- rule: NakedSingle
  cells:
    - row: 0
      col: 7
  values:
    - 1
  areas: []
  affectedCells:
    - row: 8
      col: 7
  grid: ~
  candidates: ~
  invalidStateReason: ~
- rule: NakedSingle
  cells:
    - row: 2
      col: 5
  values:
    - 2
  areas: []
  affectedCells: []
  grid: ~
  candidates: ~
  invalidStateReason: ~
- rule: NakedSingle
  cells:
    - row: 4
      col: 6
  values:
    - 7
  areas: []
  affectedCells: []
  grid: ~
  candidates: ~
  invalidStateReason: ~
- rule: NakedSingle
  cells:
    - row: 4
      col: 7
  values:
    - 6
  areas: []
  affectedCells:
    - row: 2
      col: 7
    - row: 3
      col: 7
    - row: 3
      col: 6
  grid: ~
  candidates: ~
  invalidStateReason: ~
- rule: NakedSingle
  cells:
    - row: 4
      col: 8
  values:
    - 3
  areas: []
  affectedCells:
    - row: 8
      col: 8
  grid: ~
  candidates: ~
  invalidStateReason: ~
- rule: NakedSingle
  cells:
    - row: 5
      col: 6
  values:
    - 1
  areas: []
  affectedCells: []
  grid: ~
  candidates: ~
  invalidStateReason: ~
- rule: NakedSingle
  cells:
    - row: 6
      col: 4
  values:
    - 8
  areas: []
  affectedCells: []
  grid: ~
  candidates: ~
  invalidStateReason: ~
- rule: NakedSingle
  cells:
    - row: 6
      col: 5
  values:
    - 5
  areas: []
  affectedCells: []
  grid: ~
  candidates: ~
  invalidStateReason: ~
- rule: NakedSingle
  cells:
    - row: 6
      col: 6
  values:
    - 9
  areas: []
  affectedCells:
    - row: 3
      col: 6
  grid: ~
  candidates: ~
  invalidStateReason: ~
- rule: NakedSingle
  cells:
    - row: 7
      col: 4
  values:
    - 9
  areas: []
  affectedCells:
    - row: 4
      col: 4
  grid: ~
  candidates: ~
  invalidStateReason: ~
- rule: NakedSingle
  cells:
    - row: 7
      col: 5
  values:
    - 1
  areas: []
  affectedCells: []
  grid: ~
  candidates: ~
  invalidStateReason: ~
- rule: NakedSingle
  cells:
    - row: 7
      col: 6
  values:
    - 4
  areas: []
  affectedCells: []
  grid: ~
  candidates: ~
  invalidStateReason: ~
- rule: NakedSingle
  cells:
    - row: 8
      col: 4
  values:
    - 7
  areas: []
  affectedCells: []
  grid: ~
  candidates: ~
  invalidStateReason: ~
- rule: NakedSingle
  cells:
    - row: 8
      col: 5
  values:
    - 4
  areas: []
  affectedCells:
    - row: 4
      col: 5
  grid: ~
  candidates: ~
  invalidStateReason: ~
- rule: NakedSingle
  cells:
    - row: 8
      col: 6
  values:
    - 2
  areas: []
  affectedCells:
    - row: 1
      col: 6
  grid: ~
  candidates: ~
  invalidStateReason: ~
- rule: KillerCandidates
  cells: []
  values:
    - 3
  areas:
    - KillerCage: 9
  affectedCells:
    - row: 1
      col: 7
  grid: ~
  candidates: ~
  invalidStateReason: ~
- rule: KillerCandidates
  cells: []
  values:
    - 8
  areas:
    - KillerCage: 10
  affectedCells:
    - row: 2
      col: 6
  grid: ~
  candidates: ~
  invalidStateReason: ~
- rule: KillerCandidates
  cells: []
  values:
    - 9
  areas:
    - KillerCage: 13
  affectedCells:
    - row: 3
      col: 5
  grid: ~
  candidates: ~
  invalidStateReason: ~
- rule: KillerCandidates
  cells: []
  values:
    - 8
  areas:
    - KillerCage: 13
  affectedCells:
    - row: 3
      col: 7
  grid: ~
  candidates: ~
  invalidStateReason: ~
- rule: NakedSingle
  cells:
    - row: 1
      col: 6
  values:
    - 3
  areas: []
  affectedCells: []
  grid: ~
  candidates: ~
  invalidStateReason: ~
- rule: NakedSingle
  cells:
    - row: 1
      col: 7
  values:
    - 2
  areas: []
  affectedCells: []
  grid: ~
  candidates: ~
  invalidStateReason: ~
- rule: NakedSingle
  cells:
    - row: 2
      col: 6
  values:
    - 6
  areas: []
  affectedCells: []
  grid: ~
  candidates: ~
  invalidStateReason: ~
- rule: NakedSingle
  cells:
    - row: 2
      col: 7
  values:
    - 8
  areas: []
  affectedCells: []
  grid: ~
  candidates: ~
  invalidStateReason: ~
- rule: NakedSingle
  cells:
    - row: 3
      col: 5
  values:
    - 6
  areas: []
  affectedCells: []
  grid: ~
  candidates: ~
  invalidStateReason: ~
- rule: NakedSingle
  cells:
    - row: 3
      col: 6
  values:
    - 8
  areas: []
  affectedCells: []
  grid: ~
  candidates: ~
  invalidStateReason: ~
- rule: NakedSingle
  cells:
    - row: 3
      col: 7
  values:
    - 9
  areas: []
  affectedCells: []
  grid: ~
  candidates: ~
  invalidStateReason: ~
- rule: NakedSingle
  cells:
    - row: 4
      col: 4
  values:
    - 4
  areas: []
  affectedCells: []
  grid: ~
  candidates: ~
  invalidStateReason: ~
- rule: NakedSingle
  cells:
    - row: 4
      col: 5
  values:
    - 9
  areas: []
  affectedCells: []
  grid: ~
  candidates: ~
  invalidStateReason: ~
- rule: NakedSingle
  cells:
    - row: 8
      col: 7
  values:
    - 3
  areas: []
  affectedCells: []
  grid: ~
  candidates: ~
  invalidStateReason: ~
- rule: NakedSingle
  cells:
    - row: 8
      col: 8
  values:
    - 1
  areas: []
  affectedCells: []
  grid: ~
  candidates: ~
  invalidStateReason: ~
