---
source: src/solver/tests/logical_solver/puzzles/topbot_4x4.rs
expression: result.steps
snapshot_kind: text
---
- rule: HiddenSingle
  cells:
    - row: 1
      col: 1
    - row: 3
      col: 0
    - row: 0
      col: 3
  values:
    - 1
  areas:
    - Row: 1
  affectedCells: []
  candidates: ~
  invalidStateReason: ~
- rule: HiddenSingle
  cells:
    - row: 1
      col: 2
    - row: 0
      col: 0
    - row: 3
      col: 3
  values:
    - 4
  areas:
    - Row: 1
  affectedCells: []
  candidates: ~
  invalidStateReason: ~
- rule: HiddenSingle
  cells:
    - row: 2
      col: 2
    - row: 3
      col: 0
    - row: 0
      col: 3
  values:
    - 1
  areas:
    - Row: 2
  affectedCells: []
  candidates: ~
  invalidStateReason: ~
- rule: HiddenSingle
  cells:
    - row: 2
      col: 1
    - row: 0
      col: 0
    - row: 3
      col: 3
  values:
    - 4
  areas:
    - Row: 2
  affectedCells: []
  candidates: ~
  invalidStateReason: ~
- rule: Candidates
  cells: []
  values: []
  areas: []
  affectedCells: []
  candidates:
    - - []
      - - 2
        - 3
      - - 2
        - 3
      - []
    - - - 2
        - 3
      - []
      - []
      - - 2
        - 3
    - - - 2
        - 3
      - []
      - []
      - - 2
        - 3
    - - []
      - - 2
        - 3
      - - 2
        - 3
      - []
  invalidStateReason: ~
- rule: TopBottomCandidates
  cells: []
  values:
    - 2
  areas:
    - Row: 1
    - Row: 0
  affectedCells:
    - row: 1
      col: 0
  candidates: ~
  invalidStateReason: ~
- rule: TopBottomCandidates
  cells: []
  values:
    - 3
  areas:
    - Row: 2
    - Row: 1
  affectedCells:
    - row: 2
      col: 0
  candidates: ~
  invalidStateReason: ~
- rule: TopBottomCandidates
  cells: []
  values:
    - 2
  areas:
    - Row: 2
    - Row: 3
  affectedCells:
    - row: 2
      col: 3
  candidates: ~
  invalidStateReason: ~
- rule: TopBottomCandidates
  cells: []
  values:
    - 3
  areas:
    - Row: 1
    - Row: 2
  affectedCells:
    - row: 1
      col: 3
  candidates: ~
  invalidStateReason: ~
- rule: NakedSingle
  cells:
    - row: 1
      col: 0
  values:
    - 3
  areas: []
  affectedCells:
    - row: 0
      col: 1
  candidates: ~
  invalidStateReason: ~
- rule: NakedSingle
  cells:
    - row: 1
      col: 3
  values:
    - 2
  areas: []
  affectedCells:
    - row: 0
      col: 2
  candidates: ~
  invalidStateReason: ~
- rule: NakedSingle
  cells:
    - row: 2
      col: 0
  values:
    - 2
  areas: []
  affectedCells:
    - row: 3
      col: 1
  candidates: ~
  invalidStateReason: ~
- rule: NakedSingle
  cells:
    - row: 2
      col: 3
  values:
    - 3
  areas: []
  affectedCells:
    - row: 3
      col: 2
  candidates: ~
  invalidStateReason: ~
- rule: NakedSingle
  cells:
    - row: 0
      col: 1
  values:
    - 2
  areas: []
  affectedCells: []
  candidates: ~
  invalidStateReason: ~
- rule: NakedSingle
  cells:
    - row: 0
      col: 2
  values:
    - 3
  areas: []
  affectedCells: []
  candidates: ~
  invalidStateReason: ~
- rule: NakedSingle
  cells:
    - row: 3
      col: 1
  values:
    - 3
  areas: []
  affectedCells: []
  candidates: ~
  invalidStateReason: ~
- rule: NakedSingle
  cells:
    - row: 3
      col: 2
  values:
    - 2
  areas: []
  affectedCells: []
  candidates: ~
  invalidStateReason: ~
