---
source: src/solver/tests/logical_solver/puzzles/kropki_6x6.rs
expression: result.steps
snapshot_kind: text
---
- rule: Candidates
  cells: []
  values: []
  areas: []
  affectedCells: []
  grid: ~
  candidates:
    - - []
      - - 1
        - 2
        - 3
        - 4
        - 5
      - - 1
        - 2
        - 3
        - 4
        - 5
      - - 1
        - 2
        - 3
        - 4
        - 5
      - - 1
        - 2
        - 3
        - 4
        - 5
      - - 1
        - 2
        - 3
        - 4
        - 5
    - - - 1
        - 2
        - 3
        - 4
        - 5
      - - 1
        - 2
        - 3
        - 4
        - 5
      - - 1
        - 2
        - 3
        - 4
        - 5
      - - 1
        - 2
        - 3
        - 4
        - 5
        - 6
      - - 1
        - 2
        - 3
        - 4
        - 5
        - 6
      - - 1
        - 2
        - 3
        - 4
        - 5
        - 6
    - - - 1
        - 2
        - 3
        - 4
        - 5
      - - 1
        - 2
        - 3
        - 4
        - 5
        - 6
      - - 1
        - 2
        - 3
        - 4
        - 5
        - 6
      - - 1
        - 2
        - 3
        - 4
        - 5
        - 6
      - - 1
        - 2
        - 3
        - 4
        - 5
        - 6
      - - 1
        - 2
        - 3
        - 4
        - 5
        - 6
    - - - 1
        - 2
        - 3
        - 4
        - 5
      - - 1
        - 2
        - 3
        - 4
        - 5
        - 6
      - - 1
        - 2
        - 3
        - 4
        - 5
        - 6
      - - 1
        - 2
        - 3
        - 4
        - 5
        - 6
      - - 1
        - 2
        - 3
        - 4
        - 5
        - 6
      - - 1
        - 2
        - 3
        - 4
        - 5
        - 6
    - - - 1
        - 2
        - 3
        - 4
        - 5
      - - 1
        - 2
        - 3
        - 4
        - 5
        - 6
      - - 1
        - 2
        - 3
        - 4
        - 5
        - 6
      - - 1
        - 2
        - 3
        - 4
        - 5
        - 6
      - - 1
        - 2
        - 3
        - 4
        - 5
        - 6
      - - 1
        - 2
        - 3
        - 4
        - 5
        - 6
    - - - 1
        - 2
        - 3
        - 4
        - 5
      - - 1
        - 2
        - 3
        - 4
        - 5
        - 6
      - - 1
        - 2
        - 3
        - 4
        - 5
        - 6
      - - 1
        - 2
        - 3
        - 4
        - 5
        - 6
      - - 1
        - 2
        - 3
        - 4
        - 5
        - 6
      - - 1
        - 2
        - 3
        - 4
        - 5
        - 6
  invalidStateReason: ~
- rule: KropkiChainCandidates
  cells: []
  values:
    - 3
    - 5
  areas:
    - Row: 0
    - KropkiDot: 0
  affectedCells:
    - row: 0
      col: 1
  grid: ~
  candidates: ~
  invalidStateReason: ~
- rule: KropkiChainCandidates
  cells: []
  values:
    - 4
  areas:
    - Row: 0
    - KropkiDot: 0
  affectedCells:
    - row: 0
      col: 2
  grid: ~
  candidates: ~
  invalidStateReason: ~
- rule: KropkiChainCandidates
  cells: []
  values:
    - 3
    - 5
  areas:
    - Column: 1
    - KropkiDot: 1
  affectedCells:
    - row: 1
      col: 1
  grid: ~
  candidates: ~
  invalidStateReason: ~
- rule: KropkiChainCandidates
  cells: []
  values:
    - 5
  areas:
    - Row: 1
    - KropkiDot: 4
  affectedCells:
    - row: 1
      col: 3
  grid: ~
  candidates: ~
  invalidStateReason: ~
- rule: KropkiChainCandidates
  cells: []
  values:
    - 5
  areas:
    - Row: 1
    - KropkiDot: 4
  affectedCells:
    - row: 1
      col: 4
  grid: ~
  candidates: ~
  invalidStateReason: ~
- rule: KropkiChainCandidates
  cells: []
  values:
    - 5
  areas:
    - Row: 2
    - KropkiDot: 8
  affectedCells:
    - row: 2
      col: 4
  grid: ~
  candidates: ~
  invalidStateReason: ~
- rule: KropkiChainCandidates
  cells: []
  values:
    - 5
  areas:
    - Row: 2
    - KropkiDot: 8
  affectedCells:
    - row: 2
      col: 5
  grid: ~
  candidates: ~
  invalidStateReason: ~
- rule: KropkiChainCandidates
  cells: []
  values:
    - 5
  areas:
    - Row: 3
    - KropkiDot: 9
  affectedCells:
    - row: 3
      col: 1
  grid: ~
  candidates: ~
  invalidStateReason: ~
- rule: KropkiChainCandidates
  cells: []
  values:
    - 5
  areas:
    - Row: 3
    - KropkiDot: 9
  affectedCells:
    - row: 3
      col: 2
  grid: ~
  candidates: ~
  invalidStateReason: ~
- rule: KropkiChainCandidates
  cells: []
  values:
    - 1
    - 6
  areas:
    - Region: 4
    - KropkiDot: 13
    - KropkiDot: 14
  affectedCells:
    - row: 4
      col: 1
  grid: ~
  candidates: ~
  invalidStateReason: ~
- rule: KropkiChainCandidates
  cells: []
  values:
    - 4
  areas:
    - Row: 1
    - KropkiDot: 3
  affectedCells:
    - row: 1
      col: 2
  grid: ~
  candidates: ~
  invalidStateReason: ~
- rule: Kropki
  cells: []
  values:
    - 2
    - 3
    - 5
  areas:
    - KropkiDot: 25
  affectedCells:
    - row: 1
      col: 0
  grid: ~
  candidates: ~
  invalidStateReason: ~
- rule: Kropki
  cells: []
  values:
    - 2
  areas:
    - KropkiDot: 25
  affectedCells:
    - row: 1
      col: 1
  grid: ~
  candidates: ~
  invalidStateReason: ~
- rule: Kropki
  cells: []
  values:
    - 2
  areas:
    - KropkiDot: 26
  affectedCells:
    - row: 2
      col: 0
  grid: ~
  candidates: ~
  invalidStateReason: ~
- rule: Kropki
  cells: []
  values:
    - 2
  areas:
    - KropkiDot: 27
  affectedCells:
    - row: 2
      col: 1
  grid: ~
  candidates: ~
  invalidStateReason: ~
- rule: Kropki
  cells: []
  values:
    - 4
  areas:
    - KropkiDot: 43
  affectedCells:
    - row: 3
      col: 1
  grid: ~
  candidates: ~
  invalidStateReason: ~
- rule: Kropki
  cells: []
  values:
    - 4
  areas:
    - KropkiDot: 49
  affectedCells:
    - row: 4
      col: 0
  grid: ~
  candidates: ~
  invalidStateReason: ~
- rule: KropkiChainCandidates
  cells: []
  values:
    - 1
    - 4
  areas:
    - Column: 1
    - KropkiDot: 1
  affectedCells:
    - row: 0
      col: 1
  grid: ~
  candidates: ~
  invalidStateReason: ~
- rule: KropkiChainCandidates
  cells: []
  values:
    - 1
  areas:
    - Row: 1
    - KropkiDot: 3
  affectedCells:
    - row: 1
      col: 2
  grid: ~
  candidates: ~
  invalidStateReason: ~
- rule: KropkiChainCandidates
  cells: []
  values:
    - 1
  areas:
    - Row: 2
    - KropkiDot: 7
  affectedCells:
    - row: 2
      col: 2
  grid: ~
  candidates: ~
  invalidStateReason: ~
- rule: KropkiChainCandidates
  cells: []
  values:
    - 1
  areas:
    - Column: 0
    - KropkiDot: 6
  affectedCells:
    - row: 3
      col: 0
  grid: ~
  candidates: ~
  invalidStateReason: ~
- rule: KropkiChainCandidates
  cells: []
  values:
    - 5
  areas:
    - Column: 0
    - KropkiDot: 12
  affectedCells:
    - row: 5
      col: 0
  grid: ~
  candidates: ~
  invalidStateReason: ~
- rule: KropkiChainCandidates
  cells: []
  values:
    - 2
    - 5
  areas:
    - Row: 0
    - KropkiDot: 0
  affectedCells:
    - row: 0
      col: 2
  grid: ~
  candidates: ~
  invalidStateReason: ~
- rule: Kropki
  cells: []
  values:
    - 2
  areas:
    - KropkiDot: 19
  affectedCells:
    - row: 0
      col: 3
  grid: ~
  candidates: ~
  invalidStateReason: ~
- rule: Kropki
  cells: []
  values:
    - 2
  areas:
    - KropkiDot: 20
  affectedCells:
    - row: 1
      col: 2
  grid: ~
  candidates: ~
  invalidStateReason: ~
- rule: Kropki
  cells: []
  values:
    - 4
  areas:
    - KropkiDot: 28
  affectedCells:
    - row: 1
      col: 3
  grid: ~
  candidates: ~
  invalidStateReason: ~
- rule: Kropki
  cells: []
  values:
    - 4
  areas:
    - KropkiDot: 29
  affectedCells:
    - row: 2
      col: 2
  grid: ~
  candidates: ~
  invalidStateReason: ~
- rule: Kropki
  cells: []
  values:
    - 2
  areas:
    - KropkiDot: 56
  affectedCells:
    - row: 5
      col: 1
  grid: ~
  candidates: ~
  invalidStateReason: ~
- rule: KropkiChainCandidates
  cells: []
  values:
    - 1
  areas:
    - Row: 1
    - KropkiDot: 3
  affectedCells:
    - row: 1
      col: 1
  grid: ~
  candidates: ~
  invalidStateReason: ~
- rule: Kropki
  cells: []
  values:
    - 4
  areas:
    - KropkiDot: 25
  affectedCells:
    - row: 1
      col: 0
  grid: ~
  candidates: ~
  invalidStateReason: ~
- rule: Kropki
  cells: []
  values:
    - 6
  areas:
    - KropkiDot: 28
  affectedCells:
    - row: 1
      col: 3
  grid: ~
  candidates: ~
  invalidStateReason: ~
- rule: Kropki
  cells: []
  values:
    - 3
    - 4
    - 5
  areas:
    - KropkiDot: 27
  affectedCells:
    - row: 2
      col: 1
  grid: ~
  candidates: ~
  invalidStateReason: ~
- rule: Kropki
  cells: []
  values:
    - 6
  areas:
    - KropkiDot: 29
  affectedCells:
    - row: 2
      col: 2
  grid: ~
  candidates: ~
  invalidStateReason: ~
- rule: KropkiChainCandidates
  cells: []
  values:
    - 3
  areas:
    - Row: 1
    - KropkiDot: 4
  affectedCells:
    - row: 1
      col: 4
  grid: ~
  candidates: ~
  invalidStateReason: ~
- rule: KropkiChainCandidates
  cells: []
  values:
    - 3
  areas:
    - Row: 2
    - KropkiDot: 7
  affectedCells:
    - row: 2
      col: 2
  grid: ~
  candidates: ~
  invalidStateReason: ~
- rule: KropkiChainCandidates
  cells: []
  values:
    - 6
  areas:
    - Column: 4
    - KropkiDot: 5
  affectedCells:
    - row: 2
      col: 4
  grid: ~
  candidates: ~
  invalidStateReason: ~
- rule: KropkiChainCandidates
  cells: []
  values:
    - 3
  areas:
    - Row: 2
    - KropkiDot: 8
  affectedCells:
    - row: 2
      col: 5
  grid: ~
  candidates: ~
  invalidStateReason: ~
- rule: Kropki
  cells: []
  values:
    - 1
  areas:
    - KropkiDot: 26
  affectedCells:
    - row: 2
      col: 0
  grid: ~
  candidates: ~
  invalidStateReason: ~
- rule: Kropki
  cells: []
  values:
    - 2
  areas:
    - KropkiDot: 30
  affectedCells:
    - row: 2
      col: 3
  grid: ~
  candidates: ~
  invalidStateReason: ~
- rule: Kropki
  cells: []
  values:
    - 4
  areas:
    - KropkiDot: 36
  affectedCells:
    - row: 3
      col: 2
  grid: ~
  candidates: ~
  invalidStateReason: ~
- rule: Kropki
  cells: []
  values:
    - 2
  areas:
    - KropkiDot: 39
  affectedCells:
    - row: 3
      col: 4
  grid: ~
  candidates: ~
  invalidStateReason: ~
- rule: KropkiChainCandidates
  cells: []
  values:
    - 1
  areas:
    - Row: 3
    - KropkiDot: 10
  affectedCells:
    - row: 3
      col: 3
  grid: ~
  candidates: ~
  invalidStateReason: ~
- rule: KropkiChainCandidates
  cells: []
  values:
    - 1
  areas:
    - Column: 4
    - KropkiDot: 11
  affectedCells:
    - row: 4
      col: 4
  grid: ~
  candidates: ~
  invalidStateReason: ~
- rule: Kropki
  cells: []
  values:
    - 4
  areas:
    - KropkiDot: 35
  affectedCells:
    - row: 2
      col: 3
  grid: ~
  candidates: ~
  invalidStateReason: ~
- rule: KropkiAdvancedCandidates
  cells: []
  values:
    - 1
  areas:
    - KropkiDot: 0
  affectedCells:
    - row: 0
      col: 2
  grid: ~
  candidates: ~
  invalidStateReason: ~
- rule: KropkiAdvancedCandidates
  cells: []
  values:
    - 1
    - 2
  areas:
    - KropkiDot: 2
  affectedCells:
    - row: 0
      col: 4
  grid: ~
  candidates: ~
  invalidStateReason: ~
- rule: KropkiAdvancedCandidates
  cells: []
  values:
    - 1
    - 2
  areas:
    - KropkiDot: 2
  affectedCells:
    - row: 0
      col: 5
  grid: ~
  candidates: ~
  invalidStateReason: ~
- rule: KropkiAdvancedCandidates
  cells: []
  values:
    - 1
    - 2
  areas:
    - KropkiDot: 4
  affectedCells:
    - row: 1
      col: 3
  grid: ~
  candidates: ~
  invalidStateReason: ~
- rule: KropkiAdvancedCandidates
  cells: []
  values:
    - 1
    - 2
    - 4
  areas:
    - KropkiDot: 4
  affectedCells:
    - row: 1
      col: 4
  grid: ~
  candidates: ~
  invalidStateReason: ~
- rule: KropkiAdvancedCandidates
  cells: []
  values:
    - 2
  areas:
    - KropkiDot: 9
  affectedCells:
    - row: 3
      col: 1
  grid: ~
  candidates: ~
  invalidStateReason: ~
- rule: KropkiAdvancedCandidates
  cells: []
  values:
    - 1
  areas:
    - KropkiDot: 9
  affectedCells:
    - row: 3
      col: 2
  grid: ~
  candidates: ~
  invalidStateReason: ~
- rule: KropkiAdvancedCandidates
  cells: []
  values:
    - 2
    - 4
  areas:
    - KropkiDot: 13
  affectedCells:
    - row: 4
      col: 1
  grid: ~
  candidates: ~
  invalidStateReason: ~
- rule: KropkiAdvancedCandidates
  cells: []
  values:
    - 1
    - 3
    - 5
  areas:
    - KropkiDot: 13
  affectedCells:
    - row: 4
      col: 2
  grid: ~
  candidates: ~
  invalidStateReason: ~
- rule: KropkiAdvancedCandidates
  cells: []
  values:
    - 1
  areas:
    - KropkiDot: 12
  affectedCells:
    - row: 4
      col: 0
  grid: ~
  candidates: ~
  invalidStateReason: ~
- rule: KropkiAdvancedCandidates
  cells: []
  values:
    - 1
  areas:
    - KropkiDot: 12
  affectedCells:
    - row: 5
      col: 0
  grid: ~
  candidates: ~
  invalidStateReason: ~
- rule: KropkiAdvancedCandidates
  cells: []
  values:
    - 2
    - 3
    - 4
  areas:
    - KropkiDot: 14
  affectedCells:
    - row: 4
      col: 1
  grid: ~
  candidates: ~
  invalidStateReason: ~
- rule: KropkiAdvancedCandidates
  cells: []
  values:
    - 1
    - 3
    - 4
    - 5
  areas:
    - KropkiDot: 14
  affectedCells:
    - row: 5
      col: 1
  grid: ~
  candidates: ~
  invalidStateReason: ~
- rule: KropkiAdvancedCandidates
  cells: []
  values:
    - 1
    - 4
  areas:
    - KropkiDot: 5
  affectedCells:
    - row: 1
      col: 4
  grid: ~
  candidates: ~
  invalidStateReason: ~
- rule: KropkiAdvancedCandidates
  cells: []
  values:
    - 2
  areas:
    - KropkiDot: 5
  affectedCells:
    - row: 2
      col: 4
  grid: ~
  candidates: ~
  invalidStateReason: ~
- rule: KropkiAdvancedCandidates
  cells: []
  values:
    - 1
  areas:
    - KropkiDot: 0
  affectedCells:
    - row: 0
      col: 2
  grid: ~
  candidates: ~
  invalidStateReason: ~
- rule: KropkiAdvancedCandidates
  cells: []
  values:
    - 1
    - 2
  areas:
    - KropkiDot: 2
  affectedCells:
    - row: 0
      col: 4
  grid: ~
  candidates: ~
  invalidStateReason: ~
- rule: KropkiAdvancedCandidates
  cells: []
  values:
    - 1
    - 2
  areas:
    - KropkiDot: 2
  affectedCells:
    - row: 0
      col: 5
  grid: ~
  candidates: ~
  invalidStateReason: ~
- rule: KropkiAdvancedCandidates
  cells: []
  values:
    - 1
    - 2
  areas:
    - KropkiDot: 4
  affectedCells:
    - row: 1
      col: 3
  grid: ~
  candidates: ~
  invalidStateReason: ~
- rule: KropkiAdvancedCandidates
  cells: []
  values:
    - 1
    - 2
    - 4
  areas:
    - KropkiDot: 4
  affectedCells:
    - row: 1
      col: 4
  grid: ~
  candidates: ~
  invalidStateReason: ~
- rule: KropkiAdvancedCandidates
  cells: []
  values:
    - 2
  areas:
    - KropkiDot: 9
  affectedCells:
    - row: 3
      col: 1
  grid: ~
  candidates: ~
  invalidStateReason: ~
- rule: KropkiAdvancedCandidates
  cells: []
  values:
    - 1
  areas:
    - KropkiDot: 9
  affectedCells:
    - row: 3
      col: 2
  grid: ~
  candidates: ~
  invalidStateReason: ~
- rule: KropkiAdvancedCandidates
  cells: []
  values:
    - 1
  areas:
    - KropkiDot: 12
  affectedCells:
    - row: 4
      col: 0
  grid: ~
  candidates: ~
  invalidStateReason: ~
- rule: KropkiAdvancedCandidates
  cells: []
  values:
    - 1
  areas:
    - KropkiDot: 12
  affectedCells:
    - row: 5
      col: 0
  grid: ~
  candidates: ~
  invalidStateReason: ~
- rule: KropkiAdvancedCandidates
  cells: []
  values:
    - 2
    - 3
    - 4
  areas:
    - KropkiDot: 13
    - KropkiDot: 14
  affectedCells:
    - row: 4
      col: 1
  grid: ~
  candidates: ~
  invalidStateReason: ~
- rule: KropkiAdvancedCandidates
  cells: []
  values:
    - 1
    - 2
    - 3
    - 5
    - 6
  areas:
    - KropkiDot: 13
    - KropkiDot: 14
  affectedCells:
    - row: 4
      col: 2
  grid: ~
  candidates: ~
  invalidStateReason: ~
- rule: KropkiAdvancedCandidates
  cells: []
  values:
    - 1
    - 3
    - 4
    - 5
  areas:
    - KropkiDot: 13
    - KropkiDot: 14
  affectedCells:
    - row: 5
      col: 1
  grid: ~
  candidates: ~
  invalidStateReason: ~
- rule: KropkiChainCandidates
  cells: []
  values:
    - 1
    - 4
  areas:
    - Column: 4
    - KropkiDot: 5
  affectedCells:
    - row: 2
      col: 4
  grid: ~
  candidates: ~
  invalidStateReason: ~
- rule: KropkiChainCandidates
  cells: []
  values:
    - 1
    - 4
  areas:
    - Row: 2
    - KropkiDot: 8
  affectedCells:
    - row: 2
      col: 5
  grid: ~
  candidates: ~
  invalidStateReason: ~
- rule: KropkiChainCandidates
  cells: []
  values:
    - 2
  areas:
    - Row: 2
    - KropkiDot: 8
  affectedCells:
    - row: 2
      col: 5
  grid: ~
  candidates: ~
  invalidStateReason: ~
- rule: Kropki
  cells: []
  values:
    - 3
    - 4
  areas:
    - KropkiDot: 19
  affectedCells:
    - row: 0
      col: 3
  grid: ~
  candidates: ~
  invalidStateReason: ~
- rule: Kropki
  cells: []
  values:
    - 3
    - 5
  areas:
    - KropkiDot: 23
  affectedCells:
    - row: 0
      col: 4
  grid: ~
  candidates: ~
  invalidStateReason: ~
- rule: Kropki
  cells: []
  values:
    - 3
  areas:
    - KropkiDot: 20
  affectedCells:
    - row: 1
      col: 2
  grid: ~
  candidates: ~
  invalidStateReason: ~
- rule: Kropki
  cells: []
  values:
    - 3
    - 5
    - 6
  areas:
    - KropkiDot: 31
  affectedCells:
    - row: 1
      col: 5
  grid: ~
  candidates: ~
  invalidStateReason: ~
- rule: Kropki
  cells: []
  values:
    - 3
    - 6
  areas:
    - KropkiDot: 30
  affectedCells:
    - row: 2
      col: 3
  grid: ~
  candidates: ~
  invalidStateReason: ~
- rule: Kropki
  cells: []
  values:
    - 4
  areas:
    - KropkiDot: 42
  affectedCells:
    - row: 3
      col: 0
  grid: ~
  candidates: ~
  invalidStateReason: ~
- rule: Kropki
  cells: []
  values:
    - 6
  areas:
    - KropkiDot: 43
  affectedCells:
    - row: 3
      col: 1
  grid: ~
  candidates: ~
  invalidStateReason: ~
- rule: Kropki
  cells: []
  values:
    - 2
    - 3
  areas:
    - KropkiDot: 45
  affectedCells:
    - row: 3
      col: 2
  grid: ~
  candidates: ~
  invalidStateReason: ~
- rule: Kropki
  cells: []
  values:
    - 3
  areas:
    - KropkiDot: 44
  affectedCells:
    - row: 3
      col: 3
  grid: ~
  candidates: ~
  invalidStateReason: ~
- rule: Kropki
  cells: []
  values:
    - 3
    - 4
    - 6
  areas:
    - KropkiDot: 39
  affectedCells:
    - row: 3
      col: 4
  grid: ~
  candidates: ~
  invalidStateReason: ~
- rule: Kropki
  cells: []
  values:
    - 3
    - 5
    - 6
  areas:
    - KropkiDot: 40
  affectedCells:
    - row: 3
      col: 5
  grid: ~
  candidates: ~
  invalidStateReason: ~
- rule: Kropki
  cells: []
  values:
    - 5
  areas:
    - KropkiDot: 49
  affectedCells:
    - row: 4
      col: 0
  grid: ~
  candidates: ~
  invalidStateReason: ~
- rule: Kropki
  cells: []
  values:
    - 2
    - 3
    - 4
    - 5
  areas:
    - KropkiDot: 50
  affectedCells:
    - row: 4
      col: 3
  grid: ~
  candidates: ~
  invalidStateReason: ~
- rule: Kropki
  cells: []
  values:
    - 3
  areas:
    - KropkiDot: 56
  affectedCells:
    - row: 5
      col: 0
  grid: ~
  candidates: ~
  invalidStateReason: ~
- rule: Kropki
  cells: []
  values:
    - 2
    - 3
    - 4
    - 5
  areas:
    - KropkiDot: 51
  affectedCells:
    - row: 5
      col: 2
  grid: ~
  candidates: ~
  invalidStateReason: ~
- rule: KropkiChainCandidates
  cells: []
  values:
    - 4
  areas:
    - Row: 0
    - KropkiDot: 2
  affectedCells:
    - row: 0
      col: 5
  grid: ~
  candidates: ~
  invalidStateReason: ~
- rule: KropkiChainCandidates
  cells: []
  values:
    - 5
  areas:
    - Column: 0
    - KropkiDot: 6
  affectedCells:
    - row: 2
      col: 0
  grid: ~
  candidates: ~
  invalidStateReason: ~
- rule: KropkiChainCandidates
  cells: []
  values:
    - 1
  areas:
    - Row: 3
    - KropkiDot: 9
  affectedCells:
    - row: 3
      col: 1
  grid: ~
  candidates: ~
  invalidStateReason: ~
- rule: KropkiChainCandidates
  cells: []
  values:
    - 5
  areas:
    - Row: 3
    - KropkiDot: 10
  affectedCells:
    - row: 3
      col: 3
  grid: ~
  candidates: ~
  invalidStateReason: ~
- rule: KropkiChainCandidates
  cells: []
  values:
    - 2
  areas:
    - Column: 0
    - KropkiDot: 12
  affectedCells:
    - row: 4
      col: 0
  grid: ~
  candidates: ~
  invalidStateReason: ~
- rule: KropkiChainCandidates
  cells: []
  values:
    - 3
    - 5
  areas:
    - Column: 4
    - KropkiDot: 11
  affectedCells:
    - row: 4
      col: 4
  grid: ~
  candidates: ~
  invalidStateReason: ~
- rule: KropkiChainCandidates
  cells: []
  values:
    - 2
    - 4
    - 6
  areas:
    - Row: 4
    - KropkiDot: 15
  affectedCells:
    - row: 4
      col: 5
  grid: ~
  candidates: ~
  invalidStateReason: ~
- rule: Kropki
  cells: []
  values:
    - 5
  areas:
    - KropkiDot: 21
  affectedCells:
    - row: 0
      col: 3
  grid: ~
  candidates: ~
  invalidStateReason: ~
- rule: Kropki
  cells: []
  values:
    - 4
  areas:
    - KropkiDot: 24
  affectedCells:
    - row: 1
      col: 5
  grid: ~
  candidates: ~
  invalidStateReason: ~
- rule: Kropki
  cells: []
  values:
    - 6
  areas:
    - KropkiDot: 34
  affectedCells:
    - row: 2
      col: 1
  grid: ~
  candidates: ~
  invalidStateReason: ~
- rule: Kropki
  cells: []
  values:
    - 5
  areas:
    - KropkiDot: 29
  affectedCells:
    - row: 2
      col: 2
  grid: ~
  candidates: ~
  invalidStateReason: ~
- rule: Kropki
  cells: []
  values:
    - 2
    - 3
  areas:
    - KropkiDot: 41
  affectedCells:
    - row: 3
      col: 0
  grid: ~
  candidates: ~
  invalidStateReason: ~
- rule: Kropki
  cells: []
  values:
    - 6
  areas:
    - KropkiDot: 44
  affectedCells:
    - row: 3
      col: 3
  grid: ~
  candidates: ~
  invalidStateReason: ~
- rule: Kropki
  cells: []
  values:
    - 6
  areas:
    - KropkiDot: 57
  affectedCells:
    - row: 5
      col: 2
  grid: ~
  candidates: ~
  invalidStateReason: ~
- rule: Kropki
  cells: []
  values:
    - 3
  areas:
    - KropkiDot: 54
  affectedCells:
    - row: 5
      col: 4
  grid: ~
  candidates: ~
  invalidStateReason: ~
- rule: KropkiChainCandidates
  cells: []
  values:
    - 3
  areas:
    - Column: 0
    - KropkiDot: 6
  affectedCells:
    - row: 2
      col: 0
  grid: ~
  candidates: ~
  invalidStateReason: ~
- rule: Kropki
  cells: []
  values:
    - 1
  areas:
    - KropkiDot: 35
  affectedCells:
    - row: 2
      col: 3
  grid: ~
  candidates: ~
  invalidStateReason: ~
- rule: Kropki
  cells: []
  values:
    - 1
    - 2
  areas:
    - KropkiDot: 58
  affectedCells:
    - row: 5
      col: 3
  grid: ~
  candidates: ~
  invalidStateReason: ~
- rule: KropkiChainCandidates
  cells: []
  values:
    - 1
  areas:
    - Row: 5
    - KropkiDot: 16
  affectedCells:
    - row: 5
      col: 4
  grid: ~
  candidates: ~
  invalidStateReason: ~
- rule: Kropki
  cells: []
  values:
    - 4
  areas:
    - KropkiDot: 38
  affectedCells:
    - row: 3
      col: 3
  grid: ~
  candidates: ~
  invalidStateReason: ~
- rule: KropkiChainCandidates
  cells: []
  values:
    - 5
  areas:
    - Row: 3
    - KropkiDot: 10
  affectedCells:
    - row: 3
      col: 4
  grid: ~
  candidates: ~
  invalidStateReason: ~
- rule: KropkiChainCandidates
  cells: []
  values:
    - 4
    - 6
  areas:
    - Column: 4
    - KropkiDot: 11
  affectedCells:
    - row: 4
      col: 4
  grid: ~
  candidates: ~
  invalidStateReason: ~
- rule: KropkiChainCandidates
  cells: []
  values:
    - 5
  areas:
    - Row: 4
    - KropkiDot: 15
  affectedCells:
    - row: 4
      col: 5
  grid: ~
  candidates: ~
  invalidStateReason: ~
- rule: Kropki
  cells: []
  values:
    - 1
    - 2
  areas:
    - KropkiDot: 47
  affectedCells:
    - row: 3
      col: 5
  grid: ~
  candidates: ~
  invalidStateReason: ~
- rule: Kropki
  cells: []
  values:
    - 1
  areas:
    - KropkiDot: 46
  affectedCells:
    - row: 4
      col: 3
  grid: ~
  candidates: ~
  invalidStateReason: ~
- rule: Kropki
  cells: []
  values:
    - 2
    - 4
  areas:
    - KropkiDot: 54
  affectedCells:
    - row: 5
      col: 4
  grid: ~
  candidates: ~
  invalidStateReason: ~
- rule: Kropki
  cells: []
  values:
    - 2
  areas:
    - KropkiDot: 55
  affectedCells:
    - row: 5
      col: 5
  grid: ~
  candidates: ~
  invalidStateReason: ~
- rule: KropkiChainCandidates
  cells: []
  values:
    - 3
  areas:
    - Row: 5
    - KropkiDot: 16
  affectedCells:
    - row: 5
      col: 3
  grid: ~
  candidates: ~
  invalidStateReason: ~
- rule: Kropki
  cells: []
  values:
    - 3
  areas:
    - KropkiDot: 48
  affectedCells:
    - row: 4
      col: 5
  grid: ~
  candidates: ~
  invalidStateReason: ~
- rule: Kropki
  cells: []
  values:
    - 5
    - 6
  areas:
    - KropkiDot: 53
  affectedCells:
    - row: 5
      col: 3
  grid: ~
  candidates: ~
  invalidStateReason: ~
- rule: Kropki
  cells: []
  values:
    - 5
    - 6
  areas:
    - KropkiDot: 59
  affectedCells:
    - row: 5
      col: 5
  grid: ~
  candidates: ~
  invalidStateReason: ~
- rule: KropkiChainCandidates
  cells: []
  values:
    - 6
  areas:
    - Row: 5
    - KropkiDot: 16
  affectedCells:
    - row: 5
      col: 4
  grid: ~
  candidates: ~
  invalidStateReason: ~
- rule: Kropki
  cells: []
  values:
    - 1
  areas:
    - KropkiDot: 55
  affectedCells:
    - row: 5
      col: 5
  grid: ~
  candidates: ~
  invalidStateReason: ~
- rule: Kropki
  cells: []
  values:
    - 4
  areas:
    - KropkiDot: 59
  affectedCells:
    - row: 5
      col: 5
  grid: ~
  candidates: ~
  invalidStateReason: ~
- rule: KropkiAdvancedCandidates
  cells: []
  values:
    - 3
  areas:
    - KropkiDot: 2
  affectedCells:
    - row: 0
      col: 5
  grid: ~
  candidates: ~
  invalidStateReason: ~
- rule: KropkiAdvancedCandidates
  cells: []
  values:
    - 4
  areas:
    - KropkiDot: 12
  affectedCells:
    - row: 5
      col: 0
  grid: ~
  candidates: ~
  invalidStateReason: ~
- rule: KropkiAdvancedCandidates
  cells: []
  values:
    - 3
  areas:
    - KropkiDot: 2
  affectedCells:
    - row: 0
      col: 5
  grid: ~
  candidates: ~
  invalidStateReason: ~
- rule: KropkiAdvancedCandidates
  cells: []
  values:
    - 4
  areas:
    - KropkiDot: 12
  affectedCells:
    - row: 5
      col: 0
  grid: ~
  candidates: ~
  invalidStateReason: ~
- rule: NakedSingle
  cells:
    - row: 0
      col: 1
  values:
    - 2
  areas: []
  affectedCells: []
  grid: ~
  candidates: ~
  invalidStateReason: ~
- rule: NakedSingle
  cells:
    - row: 0
      col: 2
  values:
    - 3
  areas: []
  affectedCells: []
  grid: ~
  candidates: ~
  invalidStateReason: ~
- rule: NakedSingle
  cells:
    - row: 0
      col: 3
  values:
    - 1
  areas: []
  affectedCells:
    - row: 1
      col: 5
  grid: ~
  candidates: ~
  invalidStateReason: ~
- rule: NakedSingle
  cells:
    - row: 0
      col: 4
  values:
    - 4
  areas: []
  affectedCells: []
  grid: ~
  candidates: ~
  invalidStateReason: ~
- rule: NakedSingle
  cells:
    - row: 0
      col: 5
  values:
    - 5
  areas: []
  affectedCells: []
  grid: ~
  candidates: ~
  invalidStateReason: ~
- rule: NakedSingle
  cells:
    - row: 1
      col: 0
  values:
    - 1
  areas: []
  affectedCells:
    - row: 1
      col: 5
  grid: ~
  candidates: ~
  invalidStateReason: ~
- rule: NakedSingle
  cells:
    - row: 1
      col: 1
  values:
    - 4
  areas: []
  affectedCells: []
  grid: ~
  candidates: ~
  invalidStateReason: ~
- rule: NakedSingle
  cells:
    - row: 1
      col: 2
  values:
    - 5
  areas: []
  affectedCells: []
  grid: ~
  candidates: ~
  invalidStateReason: ~
- rule: NakedSingle
  cells:
    - row: 1
      col: 3
  values:
    - 3
  areas: []
  affectedCells: []
  grid: ~
  candidates: ~
  invalidStateReason: ~
- rule: NakedSingle
  cells:
    - row: 1
      col: 4
  values:
    - 6
  areas: []
  affectedCells: []
  grid: ~
  candidates: ~
  invalidStateReason: ~
- rule: NakedSingle
  cells:
    - row: 2
      col: 0
  values:
    - 4
  areas: []
  affectedCells: []
  grid: ~
  candidates: ~
  invalidStateReason: ~
- rule: NakedSingle
  cells:
    - row: 2
      col: 1
  values:
    - 1
  areas: []
  affectedCells: []
  grid: ~
  candidates: ~
  invalidStateReason: ~
- rule: NakedSingle
  cells:
    - row: 2
      col: 2
  values:
    - 2
  areas: []
  affectedCells: []
  grid: ~
  candidates: ~
  invalidStateReason: ~
- rule: NakedSingle
  cells:
    - row: 2
      col: 3
  values:
    - 5
  areas: []
  affectedCells: []
  grid: ~
  candidates: ~
  invalidStateReason: ~
- rule: NakedSingle
  cells:
    - row: 2
      col: 4
  values:
    - 3
  areas: []
  affectedCells: []
  grid: ~
  candidates: ~
  invalidStateReason: ~
- rule: NakedSingle
  cells:
    - row: 2
      col: 5
  values:
    - 6
  areas: []
  affectedCells: []
  grid: ~
  candidates: ~
  invalidStateReason: ~
- rule: NakedSingle
  cells:
    - row: 3
      col: 0
  values:
    - 5
  areas: []
  affectedCells: []
  grid: ~
  candidates: ~
  invalidStateReason: ~
- rule: NakedSingle
  cells:
    - row: 3
      col: 1
  values:
    - 3
  areas: []
  affectedCells: []
  grid: ~
  candidates: ~
  invalidStateReason: ~
- rule: NakedSingle
  cells:
    - row: 3
      col: 2
  values:
    - 6
  areas: []
  affectedCells: []
  grid: ~
  candidates: ~
  invalidStateReason: ~
- rule: NakedSingle
  cells:
    - row: 3
      col: 3
  values:
    - 2
  areas: []
  affectedCells: []
  grid: ~
  candidates: ~
  invalidStateReason: ~
- rule: NakedSingle
  cells:
    - row: 3
      col: 4
  values:
    - 1
  areas: []
  affectedCells: []
  grid: ~
  candidates: ~
  invalidStateReason: ~
- rule: NakedSingle
  cells:
    - row: 3
      col: 5
  values:
    - 4
  areas: []
  affectedCells: []
  grid: ~
  candidates: ~
  invalidStateReason: ~
- rule: NakedSingle
  cells:
    - row: 4
      col: 0
  values:
    - 3
  areas: []
  affectedCells: []
  grid: ~
  candidates: ~
  invalidStateReason: ~
- rule: NakedSingle
  cells:
    - row: 4
      col: 1
  values:
    - 5
  areas: []
  affectedCells: []
  grid: ~
  candidates: ~
  invalidStateReason: ~
- rule: NakedSingle
  cells:
    - row: 4
      col: 2
  values:
    - 4
  areas: []
  affectedCells: []
  grid: ~
  candidates: ~
  invalidStateReason: ~
- rule: NakedSingle
  cells:
    - row: 4
      col: 3
  values:
    - 6
  areas: []
  affectedCells: []
  grid: ~
  candidates: ~
  invalidStateReason: ~
- rule: NakedSingle
  cells:
    - row: 4
      col: 4
  values:
    - 2
  areas: []
  affectedCells: []
  grid: ~
  candidates: ~
  invalidStateReason: ~
- rule: NakedSingle
  cells:
    - row: 4
      col: 5
  values:
    - 1
  areas: []
  affectedCells:
    - row: 1
      col: 5
  grid: ~
  candidates: ~
  invalidStateReason: ~
- rule: NakedSingle
  cells:
    - row: 5
      col: 0
  values:
    - 2
  areas: []
  affectedCells: []
  grid: ~
  candidates: ~
  invalidStateReason: ~
- rule: NakedSingle
  cells:
    - row: 5
      col: 1
  values:
    - 6
  areas: []
  affectedCells: []
  grid: ~
  candidates: ~
  invalidStateReason: ~
- rule: NakedSingle
  cells:
    - row: 5
      col: 2
  values:
    - 1
  areas: []
  affectedCells: []
  grid: ~
  candidates: ~
  invalidStateReason: ~
- rule: NakedSingle
  cells:
    - row: 5
      col: 3
  values:
    - 4
  areas: []
  affectedCells: []
  grid: ~
  candidates: ~
  invalidStateReason: ~
- rule: NakedSingle
  cells:
    - row: 5
      col: 4
  values:
    - 5
  areas: []
  affectedCells: []
  grid: ~
  candidates: ~
  invalidStateReason: ~
- rule: NakedSingle
  cells:
    - row: 5
      col: 5
  values:
    - 3
  areas: []
  affectedCells: []
  grid: ~
  candidates: ~
  invalidStateReason: ~
- rule: NakedSingle
  cells:
    - row: 1
      col: 5
  values:
    - 2
  areas: []
  affectedCells: []
  grid: ~
  candidates: ~
  invalidStateReason: ~
