---
source: src/solver/tests/logical_solver/puzzles/kropki_4x4.rs
expression: result.steps
snapshot_kind: text
---
- rule: Candidates
  cells: []
  values: []
  areas: []
  affectedCells: []
  grid: ~
  candidates:
    - - - 1
        - 2
        - 3
      - - 1
        - 2
        - 3
        - 4
      - - 1
        - 2
        - 3
        - 4
      - - 1
        - 2
        - 3
        - 4
    - - - 1
        - 2
        - 3
      - - 1
        - 2
        - 3
        - 4
      - - 1
        - 2
        - 3
        - 4
      - - 1
        - 2
        - 3
        - 4
    - - - 1
        - 2
        - 3
      - - 1
        - 2
        - 3
      - - 1
        - 2
        - 3
        - 4
      - - 1
        - 2
        - 3
        - 4
    - - []
      - - 1
        - 2
        - 3
      - - 1
        - 2
        - 3
      - - 1
        - 2
        - 3
  invalidStateReason: ~
- rule: KropkiChainCandidates
  cells: []
  values:
    - 2
    - 3
  areas:
    - Row: 0
    - KropkiDot: 0
    - KropkiDot: 1
    - KropkiDot: 2
  affectedCells:
    - row: 0
      col: 0
  grid: ~
  candidates: ~
  invalidStateReason: ~
- rule: KropkiChainCandidates
  cells: []
  values:
    - 1
    - 3
    - 4
  areas:
    - Row: 0
    - KropkiDot: 0
    - KropkiDot: 1
    - KropkiDot: 2
  affectedCells:
    - row: 0
      col: 1
  grid: ~
  candidates: ~
  invalidStateReason: ~
- rule: KropkiChainCandidates
  cells: []
  values:
    - 1
    - 2
    - 4
  areas:
    - Row: 0
    - KropkiDot: 0
    - KropkiDot: 1
    - KropkiDot: 2
  affectedCells:
    - row: 0
      col: 2
  grid: ~
  candidates: ~
  invalidStateReason: ~
- rule: KropkiChainCandidates
  cells: []
  values:
    - 1
    - 2
    - 3
  areas:
    - Row: 0
    - KropkiDot: 0
    - KropkiDot: 1
    - KropkiDot: 2
  affectedCells:
    - row: 0
      col: 3
  grid: ~
  candidates: ~
  invalidStateReason: ~
- rule: KropkiAdvancedCandidates
  cells: []
  values:
    - 3
  areas:
    - KropkiDot: 3
  affectedCells:
    - row: 2
      col: 2
  grid: ~
  candidates: ~
  invalidStateReason: ~
- rule: KropkiAdvancedCandidates
  cells: []
  values:
    - 4
  areas:
    - KropkiDot: 3
  affectedCells:
    - row: 2
      col: 3
  grid: ~
  candidates: ~
  invalidStateReason: ~
- rule: KropkiAdvancedCandidates
  cells: []
  values:
    - 2
  areas:
    - KropkiDot: 4
  affectedCells:
    - row: 3
      col: 1
  grid: ~
  candidates: ~
  invalidStateReason: ~
- rule: KropkiAdvancedCandidates
  cells: []
  values:
    - 1
    - 3
  areas:
    - KropkiDot: 4
  affectedCells:
    - row: 3
      col: 2
  grid: ~
  candidates: ~
  invalidStateReason: ~
- rule: KropkiAdvancedCandidates
  cells: []
  values:
    - 3
  areas:
    - KropkiDot: 3
  affectedCells:
    - row: 2
      col: 2
  grid: ~
  candidates: ~
  invalidStateReason: ~
- rule: KropkiAdvancedCandidates
  cells: []
  values:
    - 4
  areas:
    - KropkiDot: 3
  affectedCells:
    - row: 2
      col: 3
  grid: ~
  candidates: ~
  invalidStateReason: ~
- rule: KropkiAdvancedCandidates
  cells: []
  values:
    - 1
    - 2
  areas:
    - KropkiDot: 3
  affectedCells:
    - row: 2
      col: 2
  grid: ~
  candidates: ~
  invalidStateReason: ~
- rule: KropkiAdvancedCandidates
  cells: []
  values:
    - 1
    - 2
  areas:
    - KropkiDot: 3
  affectedCells:
    - row: 2
      col: 3
  grid: ~
  candidates: ~
  invalidStateReason: ~
- rule: KropkiAdvancedCandidates
  cells: []
  values:
    - 1
    - 2
  areas:
    - KropkiDot: 3
  affectedCells:
    - row: 2
      col: 2
  grid: ~
  candidates: ~
  invalidStateReason: ~
- rule: KropkiAdvancedCandidates
  cells: []
  values:
    - 1
    - 2
  areas:
    - KropkiDot: 3
  affectedCells:
    - row: 2
      col: 3
  grid: ~
  candidates: ~
  invalidStateReason: ~
- rule: NakedSingle
  cells:
    - row: 0
      col: 0
  values:
    - 1
  areas: []
  affectedCells:
    - row: 1
      col: 0
    - row: 2
      col: 0
    - row: 1
      col: 1
  grid: ~
  candidates: ~
  invalidStateReason: ~
- rule: NakedSingle
  cells:
    - row: 0
      col: 1
  values:
    - 2
  areas: []
  affectedCells:
    - row: 1
      col: 1
    - row: 2
      col: 1
    - row: 1
      col: 0
  grid: ~
  candidates: ~
  invalidStateReason: ~
- rule: NakedSingle
  cells:
    - row: 0
      col: 2
  values:
    - 3
  areas: []
  affectedCells:
    - row: 1
      col: 2
    - row: 1
      col: 3
  grid: ~
  candidates: ~
  invalidStateReason: ~
- rule: NakedSingle
  cells:
    - row: 0
      col: 3
  values:
    - 4
  areas: []
  affectedCells:
    - row: 1
      col: 3
    - row: 1
      col: 2
  grid: ~
  candidates: ~
  invalidStateReason: ~
- rule: NakedSingle
  cells:
    - row: 2
      col: 2
  values:
    - 4
  areas: []
  affectedCells:
    - row: 1
      col: 2
  grid: ~
  candidates: ~
  invalidStateReason: ~
- rule: NakedSingle
  cells:
    - row: 2
      col: 3
  values:
    - 3
  areas: []
  affectedCells:
    - row: 2
      col: 0
    - row: 2
      col: 1
    - row: 1
      col: 3
    - row: 3
      col: 3
  grid: ~
  candidates: ~
  invalidStateReason: ~
- rule: NakedSingle
  cells:
    - row: 3
      col: 2
  values:
    - 2
  areas: []
  affectedCells:
    - row: 3
      col: 3
    - row: 1
      col: 2
  grid: ~
  candidates: ~
  invalidStateReason: ~
- rule: KropkiAdvancedCandidates
  cells: []
  values:
    - 1
  areas:
    - KropkiDot: 4
  affectedCells:
    - row: 3
      col: 1
  grid: ~
  candidates: ~
  invalidStateReason: ~
- rule: NakedSingle
  cells:
    - row: 1
      col: 0
  values:
    - 3
  areas: []
  affectedCells:
    - row: 1
      col: 1
  grid: ~
  candidates: ~
  invalidStateReason: ~
- rule: NakedSingle
  cells:
    - row: 1
      col: 2
  values:
    - 1
  areas: []
  affectedCells:
    - row: 1
      col: 3
  grid: ~
  candidates: ~
  invalidStateReason: ~
- rule: NakedSingle
  cells:
    - row: 2
      col: 0
  values:
    - 2
  areas: []
  affectedCells: []
  grid: ~
  candidates: ~
  invalidStateReason: ~
- rule: NakedSingle
  cells:
    - row: 2
      col: 1
  values:
    - 1
  areas: []
  affectedCells: []
  grid: ~
  candidates: ~
  invalidStateReason: ~
- rule: NakedSingle
  cells:
    - row: 3
      col: 1
  values:
    - 3
  areas: []
  affectedCells:
    - row: 1
      col: 1
  grid: ~
  candidates: ~
  invalidStateReason: ~
- rule: NakedSingle
  cells:
    - row: 3
      col: 3
  values:
    - 1
  areas: []
  affectedCells:
    - row: 1
      col: 3
  grid: ~
  candidates: ~
  invalidStateReason: ~
- rule: NakedSingle
  cells:
    - row: 1
      col: 1
  values:
    - 4
  areas: []
  affectedCells: []
  grid: ~
  candidates: ~
  invalidStateReason: ~
- rule: NakedSingle
  cells:
    - row: 1
      col: 3
  values:
    - 2
  areas: []
  affectedCells: []
  grid: ~
  candidates: ~
  invalidStateReason: ~
