---
source: src/solver/tests/logical_solver/puzzles/odd_even_9x9.rs
expression: result.steps
snapshot_kind: text
---
- rule: HiddenSingle
  cells:
    - row: 1
      col: 1
    - row: 2
      col: 8
    - row: 3
      col: 3
    - row: 6
      col: 0
  values:
    - 1
  areas:
    - Column: 1
  affectedCells: []
  grid: ~
  candidates: ~
  invalidStateReason: ~
- rule: HiddenSingle
  cells:
    - row: 4
      col: 2
    - row: 3
      col: 3
    - row: 6
      col: 0
  values:
    - 1
  areas:
    - Region: 3
  affectedCells: []
  grid: ~
  candidates: ~
  invalidStateReason: ~
- rule: Candidates
  cells: []
  values: []
  areas: []
  affectedCells: []
  grid: ~
  candidates:
    - - - 3
        - 4
        - 5
        - 6
        - 7
        - 8
        - 9
      - - 6
        - 8
      - - 3
        - 4
        - 5
        - 7
        - 8
        - 9
      - - 2
        - 4
        - 5
        - 6
        - 7
        - 9
      - - 1
        - 2
        - 4
        - 6
        - 9
      - - 1
        - 2
        - 4
        - 5
        - 6
        - 7
      - - 3
        - 4
        - 5
        - 7
        - 8
        - 9
      - - 2
        - 8
      - - 2
        - 3
        - 4
        - 5
        - 7
        - 8
        - 9
    - - - 4
        - 6
      - []
      - - 4
        - 5
        - 7
        - 9
      - []
      - []
      - - 2
        - 4
        - 5
        - 6
        - 7
      - - 4
        - 5
        - 7
        - 9
      - - 2
        - 5
        - 7
        - 9
      - - 2
        - 4
    - - - 3
        - 4
        - 5
        - 7
        - 8
        - 9
      - - 3
        - 7
        - 8
        - 9
      - []
      - - 4
        - 5
        - 7
        - 9
      - - 4
        - 9
      - - 4
      - []
      - - 5
        - 7
        - 8
        - 9
      - []
    - - - 2
        - 3
        - 6
        - 7
        - 8
        - 9
      - - 2
        - 3
        - 6
        - 7
        - 8
        - 9
      - - 3
        - 7
        - 8
        - 9
      - []
      - - 2
        - 6
        - 8
      - - 2
        - 3
        - 5
        - 6
      - - 5
        - 7
        - 9
      - []
      - - 2
        - 5
        - 6
        - 7
        - 8
        - 9
    - - - 2
        - 6
        - 8
        - 9
      - []
      - []
      - - 2
        - 4
        - 6
      - []
      - - 2
        - 4
        - 6
      - - 8
        - 9
      - []
      - - 2
        - 6
        - 8
        - 9
    - - - 2
        - 3
        - 6
        - 7
        - 8
      - []
      - - 8
      - - 2
        - 3
        - 5
        - 6
      - - 2
        - 6
        - 8
      - []
      - - 1
        - 5
        - 7
        - 8
      - - 1
        - 2
        - 5
        - 6
        - 7
        - 8
      - - 2
        - 5
        - 6
        - 7
        - 8
    - - []
      - - 3
        - 7
        - 8
        - 9
      - []
      - - 3
        - 7
        - 9
      - - 4
        - 9
      - - 3
        - 4
        - 7
      - []
      - - 5
        - 7
        - 8
        - 9
      - - 3
        - 4
        - 5
        - 7
        - 8
        - 9
    - - - 2
        - 4
      - - 2
        - 3
        - 7
        - 9
      - - 3
        - 4
        - 7
        - 9
      - - 2
        - 3
        - 4
        - 6
        - 7
        - 9
      - []
      - []
      - - 1
        - 3
        - 4
        - 7
        - 9
      - - 1
        - 6
        - 7
        - 9
      - - 4
        - 6
    - - - 2
        - 3
        - 4
        - 5
        - 7
        - 8
        - 9
      - - 2
        - 8
      - - 3
        - 4
        - 5
        - 7
        - 8
        - 9
      - - 2
        - 3
        - 4
        - 6
        - 7
        - 9
      - - 1
        - 2
        - 4
        - 6
        - 9
      - - 1
        - 2
        - 3
        - 4
        - 6
        - 7
      - - 1
        - 3
        - 4
        - 5
        - 7
        - 8
        - 9
      - - 6
        - 8
      - - 3
        - 4
        - 5
        - 6
        - 7
        - 8
        - 9
  invalidStateReason: ~
- rule: NakedSingle
  cells:
    - row: 2
      col: 5
  values:
    - 4
  areas: []
  affectedCells:
    - row: 2
      col: 0
    - row: 2
      col: 3
    - row: 2
      col: 4
    - row: 0
      col: 5
    - row: 1
      col: 5
    - row: 4
      col: 5
    - row: 6
      col: 5
    - row: 8
      col: 5
    - row: 0
      col: 3
    - row: 0
      col: 4
  grid: ~
  candidates: ~
  invalidStateReason: ~
- rule: NakedSingle
  cells:
    - row: 5
      col: 2
  values:
    - 8
  areas: []
  affectedCells:
    - row: 5
      col: 0
    - row: 5
      col: 4
    - row: 5
      col: 6
    - row: 5
      col: 7
    - row: 5
      col: 8
    - row: 0
      col: 2
    - row: 3
      col: 2
    - row: 8
      col: 2
    - row: 3
      col: 0
    - row: 3
      col: 1
    - row: 4
      col: 0
  grid: ~
  candidates: ~
  invalidStateReason: ~
- rule: NakedSingle
  cells:
    - row: 2
      col: 4
  values:
    - 9
  areas: []
  affectedCells:
    - row: 2
      col: 0
    - row: 2
      col: 1
    - row: 2
      col: 3
    - row: 2
      col: 7
    - row: 0
      col: 4
    - row: 6
      col: 4
    - row: 8
      col: 4
    - row: 0
      col: 3
  grid: ~
  candidates: ~
  invalidStateReason: ~
- rule: NakedSingle
  cells:
    - row: 6
      col: 4
  values:
    - 4
  areas: []
  affectedCells:
    - row: 6
      col: 8
    - row: 8
      col: 4
    - row: 7
      col: 3
    - row: 8
      col: 3
  grid: ~
  candidates: ~
  invalidStateReason: ~
- rule: HiddenSingle
  cells:
    - row: 4
      col: 3
  values:
    - 4
  areas:
    - Row: 4
  affectedCells: []
  grid: ~
  candidates: ~
  invalidStateReason: ~
- rule: HiddenSingle
  cells:
    - row: 3
      col: 4
  values:
    - 8
  areas:
    - Column: 4
  affectedCells:
    - row: 3
      col: 8
  grid: ~
  candidates: ~
  invalidStateReason: ~
- rule: LockedCandidatesPairs
  cells:
    - row: 2
      col: 0
    - row: 2
      col: 1
  values:
    - 3
  areas:
    - Row: 2
    - Region: 0
  affectedCells:
    - row: 0
      col: 0
    - row: 0
      col: 2
  grid: ~
  candidates: ~
  invalidStateReason: ~
- rule: LockedCandidatesPairs
  cells:
    - row: 6
      col: 7
    - row: 6
      col: 8
  values:
    - 5
  areas:
    - Row: 6
    - Region: 8
  affectedCells:
    - row: 8
      col: 6
    - row: 8
      col: 8
  grid: ~
  candidates: ~
  invalidStateReason: ~
- rule: LockedCandidatesPairs
  cells:
    - row: 7
      col: 6
    - row: 7
      col: 7
  values:
    - 1
  areas:
    - Row: 7
    - Region: 8
  affectedCells:
    - row: 8
      col: 6
  grid: ~
  candidates: ~
  invalidStateReason: ~
- rule: NakedPairs
  cells:
    - row: 4
      col: 5
    - row: 5
      col: 4
  values:
    - 2
    - 6
  areas:
    - Region: 4
  affectedCells:
    - row: 3
      col: 5
    - row: 5
      col: 3
  grid: ~
  candidates: ~
  invalidStateReason: ~
- rule: TurbotFish
  cells:
    - row: 1
      col: 5
    - row: 1
      col: 0
    - row: 4
      col: 5
    - row: 5
      col: 4
  values:
    - 6
  areas:
    - Row: 1
    - Region: 4
  affectedCells:
    - row: 5
      col: 0
  grid: ~
  candidates: ~
  invalidStateReason: ~
- rule: NishioForcingChains
  cells: []
  values:
    - 8
  areas: []
  affectedCells:
    - row: 0
      col: 1
  grid: ~
  candidates: ~
  invalidStateReason:
    stateType: CellNoCandidates
    area:
      Cell:
        - 7
        - 8
    values: []
- rule: NakedSingle
  cells:
    - row: 0
      col: 1
  values:
    - 6
  areas: []
  affectedCells:
    - row: 0
      col: 0
    - row: 0
      col: 3
    - row: 0
      col: 4
    - row: 0
      col: 5
    - row: 3
      col: 1
    - row: 1
      col: 0
  grid: ~
  candidates: ~
  invalidStateReason: ~
- rule: NakedSingle
  cells:
    - row: 1
      col: 0
  values:
    - 4
  areas: []
  affectedCells:
    - row: 1
      col: 2
    - row: 1
      col: 6
    - row: 1
      col: 8
    - row: 0
      col: 0
    - row: 7
      col: 0
    - row: 8
      col: 0
    - row: 0
      col: 2
  grid: ~
  candidates: ~
  invalidStateReason: ~
- rule: NakedSingle
  cells:
    - row: 1
      col: 8
  values:
    - 2
  areas: []
  affectedCells:
    - row: 1
      col: 5
    - row: 1
      col: 7
    - row: 0
      col: 8
    - row: 3
      col: 8
    - row: 4
      col: 8
    - row: 5
      col: 8
    - row: 0
      col: 7
  grid: ~
  candidates: ~
  invalidStateReason: ~
- rule: NakedSingle
  cells:
    - row: 7
      col: 0
  values:
    - 2
  areas: []
  affectedCells:
    - row: 7
      col: 1
    - row: 7
      col: 3
    - row: 3
      col: 0
    - row: 4
      col: 0
    - row: 5
      col: 0
    - row: 8
      col: 0
    - row: 8
      col: 1
  grid: ~
  candidates: ~
  invalidStateReason: ~
- rule: NakedSingle
  cells:
    - row: 0
      col: 7
  values:
    - 8
  areas: []
  affectedCells:
    - row: 0
      col: 0
    - row: 0
      col: 6
    - row: 0
      col: 8
    - row: 2
      col: 7
    - row: 6
      col: 7
    - row: 8
      col: 7
  grid: ~
  candidates: ~
  invalidStateReason: ~
- rule: NakedSingle
  cells:
    - row: 8
      col: 1
  values:
    - 8
  areas: []
  affectedCells:
    - row: 8
      col: 0
    - row: 8
      col: 6
    - row: 8
      col: 7
    - row: 8
      col: 8
    - row: 2
      col: 1
    - row: 6
      col: 1
  grid: ~
  candidates: ~
  invalidStateReason: ~
- rule: NakedSingle
  cells:
    - row: 8
      col: 7
  values:
    - 6
  areas: []
  affectedCells:
    - row: 8
      col: 3
    - row: 8
      col: 4
    - row: 8
      col: 5
    - row: 8
      col: 8
    - row: 5
      col: 7
    - row: 7
      col: 7
    - row: 7
      col: 8
  grid: ~
  candidates: ~
  invalidStateReason: ~
- rule: NakedSingle
  cells:
    - row: 7
      col: 8
  values:
    - 4
  areas: []
  affectedCells:
    - row: 7
      col: 2
    - row: 7
      col: 6
    - row: 0
      col: 8
    - row: 8
      col: 8
    - row: 8
      col: 6
  grid: ~
  candidates: ~
  invalidStateReason: ~
- rule: HiddenSingle
  cells:
    - row: 0
      col: 6
  values:
    - 4
  areas:
    - Row: 0
  affectedCells: []
  grid: ~
  candidates: ~
  invalidStateReason: ~
- rule: HiddenSingle
  cells:
    - row: 1
      col: 5
  values:
    - 6
  areas:
    - Row: 1
  affectedCells:
    - row: 4
      col: 5
  grid: ~
  candidates: ~
  invalidStateReason: ~
- rule: HiddenSingle
  cells:
    - row: 2
      col: 0
  values:
    - 8
  areas:
    - Row: 2
  affectedCells: []
  grid: ~
  candidates: ~
  invalidStateReason: ~
- rule: HiddenSingle
  cells:
    - row: 3
      col: 1
  values:
    - 2
  areas:
    - Row: 3
  affectedCells: []
  grid: ~
  candidates: ~
  invalidStateReason: ~
- rule: HiddenSingle
  cells:
    - row: 4
      col: 5
  values:
    - 2
  areas:
    - Row: 4
  affectedCells:
    - row: 0
      col: 5
    - row: 8
      col: 5
    - row: 5
      col: 4
  grid: ~
  candidates: ~
  invalidStateReason: ~
- rule: HiddenSingle
  cells:
    - row: 6
      col: 8
  values:
    - 8
  areas:
    - Row: 6
  affectedCells:
    - row: 4
      col: 8
  grid: ~
  candidates: ~
  invalidStateReason: ~
- rule: HiddenSingle
  cells:
    - row: 7
      col: 3
  values:
    - 6
  areas:
    - Row: 7
  affectedCells: []
  grid: ~
  candidates: ~
  invalidStateReason: ~
- rule: HiddenSingle
  cells:
    - row: 8
      col: 2
  values:
    - 4
  areas:
    - Row: 8
  affectedCells: []
  grid: ~
  candidates: ~
  invalidStateReason: ~
- rule: HiddenSingle
  cells:
    - row: 5
      col: 4
  values:
    - 6
  areas:
    - Column: 4
  affectedCells:
    - row: 5
      col: 8
    - row: 4
      col: 5
  grid: ~
  candidates: ~
  invalidStateReason: ~
- rule: HiddenSingle
  cells:
    - row: 4
      col: 6
  values:
    - 8
  areas:
    - Column: 6
  affectedCells:
    - row: 4
      col: 8
  grid: ~
  candidates: ~
  invalidStateReason: ~
- rule: HiddenSingle
  cells:
    - row: 5
      col: 7
  values:
    - 2
  areas:
    - Column: 7
  affectedCells:
    - row: 5
      col: 4
  grid: ~
  candidates: ~
  invalidStateReason: ~
- rule: HiddenSingle
  cells:
    - row: 0
      col: 8
  values:
    - 3
  areas:
    - Row: 0
  affectedCells:
    - row: 8
      col: 8
  grid: ~
  candidates: ~
  invalidStateReason: ~
- rule: HiddenSingle
  cells:
    - row: 2
      col: 1
  values:
    - 3
  areas:
    - Row: 2
  affectedCells:
    - row: 6
      col: 1
    - row: 7
      col: 1
  grid: ~
  candidates: ~
  invalidStateReason: ~
- rule: HiddenSingle
  cells:
    - row: 5
      col: 6
  values:
    - 1
  areas:
    - Row: 5
  affectedCells:
    - row: 7
      col: 6
  grid: ~
  candidates: ~
  invalidStateReason: ~
- rule: HiddenSingle
  cells:
    - row: 6
      col: 7
  values:
    - 5
  areas:
    - Row: 6
  affectedCells:
    - row: 1
      col: 7
    - row: 2
      col: 7
  grid: ~
  candidates: ~
  invalidStateReason: ~
- rule: HiddenSingle
  cells:
    - row: 8
      col: 0
  values:
    - 5
  areas:
    - Row: 8
  affectedCells:
    - row: 0
      col: 0
  grid: ~
  candidates: ~
  invalidStateReason: ~
- rule: HiddenSingle
  cells:
    - row: 7
      col: 7
  values:
    - 1
  areas:
    - Column: 7
  affectedCells:
    - row: 7
      col: 6
  grid: ~
  candidates: ~
  invalidStateReason: ~
- rule: NakedSingle
  cells:
    - row: 2
      col: 7
  values:
    - 7
  areas: []
  affectedCells:
    - row: 2
      col: 3
    - row: 1
      col: 7
    - row: 1
      col: 6
  grid: ~
  candidates: ~
  invalidStateReason: ~
- rule: NakedSingle
  cells:
    - row: 1
      col: 7
  values:
    - 9
  areas: []
  affectedCells:
    - row: 1
      col: 2
    - row: 1
      col: 6
  grid: ~
  candidates: ~
  invalidStateReason: ~
- rule: NakedSingle
  cells:
    - row: 2
      col: 3
  values:
    - 5
  areas: []
  affectedCells:
    - row: 0
      col: 3
    - row: 5
      col: 3
    - row: 0
      col: 5
  grid: ~
  candidates: ~
  invalidStateReason: ~
- rule: NakedSingle
  cells:
    - row: 1
      col: 6
  values:
    - 5
  areas: []
  affectedCells:
    - row: 1
      col: 2
    - row: 3
      col: 6
  grid: ~
  candidates: ~
  invalidStateReason: ~
- rule: NakedSingle
  cells:
    - row: 5
      col: 3
  values:
    - 3
  areas: []
  affectedCells:
    - row: 5
      col: 0
    - row: 6
      col: 3
    - row: 8
      col: 3
    - row: 3
      col: 5
  grid: ~
  candidates: ~
  invalidStateReason: ~
- rule: NakedSingle
  cells:
    - row: 1
      col: 2
  values:
    - 7
  areas: []
  affectedCells:
    - row: 0
      col: 2
    - row: 3
      col: 2
    - row: 7
      col: 2
    - row: 0
      col: 0
  grid: ~
  candidates: ~
  invalidStateReason: ~
- rule: NakedSingle
  cells:
    - row: 3
      col: 5
  values:
    - 5
  areas: []
  affectedCells:
    - row: 3
      col: 8
  grid: ~
  candidates: ~
  invalidStateReason: ~
- rule: NakedSingle
  cells:
    - row: 5
      col: 0
  values:
    - 7
  areas: []
  affectedCells:
    - row: 5
      col: 8
    - row: 0
      col: 0
    - row: 3
      col: 0
    - row: 3
      col: 2
  grid: ~
  candidates: ~
  invalidStateReason: ~
- rule: NakedSingle
  cells:
    - row: 0
      col: 0
  values:
    - 9
  areas: []
  affectedCells:
    - row: 0
      col: 2
    - row: 3
      col: 0
    - row: 4
      col: 0
  grid: ~
  candidates: ~
  invalidStateReason: ~
- rule: NakedSingle
  cells:
    - row: 5
      col: 8
  values:
    - 5
  areas: []
  affectedCells: []
  grid: ~
  candidates: ~
  invalidStateReason: ~
- rule: NakedSingle
  cells:
    - row: 0
      col: 2
  values:
    - 5
  areas: []
  affectedCells: []
  grid: ~
  candidates: ~
  invalidStateReason: ~
- rule: NakedSingle
  cells:
    - row: 4
      col: 0
  values:
    - 6
  areas: []
  affectedCells:
    - row: 4
      col: 8
    - row: 3
      col: 0
  grid: ~
  candidates: ~
  invalidStateReason: ~
- rule: NakedSingle
  cells:
    - row: 3
      col: 0
  values:
    - 3
  areas: []
  affectedCells:
    - row: 3
      col: 2
  grid: ~
  candidates: ~
  invalidStateReason: ~
- rule: NakedSingle
  cells:
    - row: 4
      col: 8
  values:
    - 9
  areas: []
  affectedCells:
    - row: 3
      col: 8
    - row: 8
      col: 8
    - row: 3
      col: 6
  grid: ~
  candidates: ~
  invalidStateReason: ~
- rule: NakedSingle
  cells:
    - row: 3
      col: 2
  values:
    - 9
  areas: []
  affectedCells:
    - row: 7
      col: 2
  grid: ~
  candidates: ~
  invalidStateReason: ~
- rule: NakedSingle
  cells:
    - row: 3
      col: 6
  values:
    - 7
  areas: []
  affectedCells:
    - row: 3
      col: 8
    - row: 7
      col: 6
    - row: 8
      col: 6
  grid: ~
  candidates: ~
  invalidStateReason: ~
- rule: NakedSingle
  cells:
    - row: 8
      col: 8
  values:
    - 7
  areas: []
  affectedCells:
    - row: 8
      col: 3
    - row: 8
      col: 5
    - row: 8
      col: 6
    - row: 3
      col: 8
    - row: 7
      col: 6
  grid: ~
  candidates: ~
  invalidStateReason: ~
- rule: NakedSingle
  cells:
    - row: 3
      col: 8
  values:
    - 6
  areas: []
  affectedCells: []
  grid: ~
  candidates: ~
  invalidStateReason: ~
- rule: NakedSingle
  cells:
    - row: 7
      col: 2
  values:
    - 3
  areas: []
  affectedCells:
    - row: 7
      col: 6
  grid: ~
  candidates: ~
  invalidStateReason: ~
- rule: NakedSingle
  cells:
    - row: 7
      col: 6
  values:
    - 9
  areas: []
  affectedCells:
    - row: 7
      col: 1
    - row: 8
      col: 6
  grid: ~
  candidates: ~
  invalidStateReason: ~
- rule: NakedSingle
  cells:
    - row: 7
      col: 1
  values:
    - 7
  areas: []
  affectedCells:
    - row: 6
      col: 1
  grid: ~
  candidates: ~
  invalidStateReason: ~
- rule: NakedSingle
  cells:
    - row: 8
      col: 6
  values:
    - 3
  areas: []
  affectedCells:
    - row: 8
      col: 5
  grid: ~
  candidates: ~
  invalidStateReason: ~
- rule: NakedSingle
  cells:
    - row: 6
      col: 1
  values:
    - 9
  areas: []
  affectedCells:
    - row: 6
      col: 3
  grid: ~
  candidates: ~
  invalidStateReason: ~
- rule: NakedSingle
  cells:
    - row: 8
      col: 5
  values:
    - 1
  areas: []
  affectedCells:
    - row: 8
      col: 4
    - row: 0
      col: 5
  grid: ~
  candidates: ~
  invalidStateReason: ~
- rule: NakedSingle
  cells:
    - row: 0
      col: 5
  values:
    - 7
  areas: []
  affectedCells:
    - row: 0
      col: 3
    - row: 6
      col: 5
  grid: ~
  candidates: ~
  invalidStateReason: ~
- rule: NakedSingle
  cells:
    - row: 6
      col: 3
  values:
    - 7
  areas: []
  affectedCells:
    - row: 6
      col: 5
    - row: 0
      col: 3
  grid: ~
  candidates: ~
  invalidStateReason: ~
- rule: NakedSingle
  cells:
    - row: 8
      col: 4
  values:
    - 2
  areas: []
  affectedCells:
    - row: 8
      col: 3
    - row: 0
      col: 4
  grid: ~
  candidates: ~
  invalidStateReason: ~
- rule: NakedSingle
  cells:
    - row: 0
      col: 3
  values:
    - 2
  areas: []
  affectedCells: []
  grid: ~
  candidates: ~
  invalidStateReason: ~
- rule: NakedSingle
  cells:
    - row: 0
      col: 4
  values:
    - 1
  areas: []
  affectedCells: []
  grid: ~
  candidates: ~
  invalidStateReason: ~
- rule: NakedSingle
  cells:
    - row: 6
      col: 5
  values:
    - 3
  areas: []
  affectedCells: []
  grid: ~
  candidates: ~
  invalidStateReason: ~
- rule: NakedSingle
  cells:
    - row: 8
      col: 3
  values:
    - 9
  areas: []
  affectedCells: []
  grid: ~
  candidates: ~
  invalidStateReason: ~
